../Core/Src/ESP_AT.c:14:6:ESP_AT_Init	8	static
../Core/Src/ESP_AT.c:19:14:AT_Execute	8	static
../Core/Src/ESP_AT.c:24:14:ATE0_Execute	8	static
../Core/Src/ESP_AT.c:29:14:AT__RST_Execute	8	static
../Core/Src/ESP_AT.c:36:14:AT__CWMODE_CUR_Set	80	static
../Core/Src/ESP_AT.c:43:14:AT__CIPAP_CUR_Set	96	static
../Core/Src/ESP_AT.c:50:14:AT__CWSAP_CUR_Set	96	static
../Core/Src/ESP_AT.c:57:14:AT__CIPMUX_Set	80	static
../Core/Src/ESP_AT.c:64:14:AT__CIPSERVER_Set	80	static
../Core/Src/ESP_AT.c:71:14:AT__CIPSTA_CUR_Set	96	static
../Core/Src/ESP_AT.c:78:14:AT__CWJAP_CUR_Set	80	static
../Core/Src/ESP_AT.c:85:14:ESP_SendCommand	16	static
../Core/Src/ESP_AT.c:94:6:ESP_CheckMessage	8	static
../Core/Src/ESP_AT.c:116:6:HAL_UARTEx_RxEventCallback	24	static
../Core/Src/ESP_AT.c:149:13:WIFI_CONNECTED_callback	4	static
../Core/Src/ESP_AT.c:150:13:WIFI_DISCONNECT_callback	4	static
../Core/Src/ESP_AT.c:151:13:CONNECT_callback	16	static
../Core/Src/ESP_AT.c:152:13:CLOSE_callback	4	static
../Core/Src/ESP_AT.c:153:13:IPD_callback	16	static
