../Core/Src/ESP_AT.c:8:13:ESP_IPD_Callback	16	static
../Core/Src/ESP_AT.c:10:9:ESP_Init	16	static
../Core/Src/ESP_AT.c:17:9:ESP_ATE0	32	static
../Core/Src/ESP_AT.c:30:9:ESP_Reset	32	static
../Core/Src/ESP_AT.c:57:9:ESP_AP_Mode	32	static
../Core/Src/ESP_AT.c:72:9:ESP_AP_Config	48	static
../Core/Src/ESP_AT.c:87:9:ESP_AP_IP	48	static
../Core/Src/ESP_AT.c:102:9:ESP_STA_Mode	32	static
../Core/Src/ESP_AT.c:117:9:ESP_STA_IP	48	static
../Core/Src/ESP_AT.c:131:9:ESP_ConnectToAP	40	static
../Core/Src/ESP_AT.c:157:9:ESP_StartTCPServer	40	static
../Core/Src/ESP_AT.c:180:6:ESP_EnableCallbacs	8	static
../Core/Src/ESP_AT.c:184:6:HAL_UARTEx_RxEventCallback	40	static
