../Drivers/CMSIS/Include/core_cm3.h:1762:34:__NVIC_SystemReset	4	static,ignoring_inline_asm
../Core/Src/main.c:116:6:saveData	16	static
../Core/Src/main.c:122:6:IPD_callback	112	static,ignoring_inline_asm
../Core/Src/main.c:250:5:main	32	static
../Core/Src/main.c:376:6:SystemClock_Config	88	static
../Core/Src/main.c:423:13:MX_ADC1_Init	24	static
../Core/Src/main.c:470:13:MX_TIM1_Init	80	static
../Core/Src/main.c:535:13:MX_TIM3_Init	32	static
../Core/Src/main.c:580:13:MX_USART1_UART_Init	8	static
../Core/Src/main.c:611:13:MX_DMA_Init	16	static
../Core/Src/main.c:632:13:MX_GPIO_Init	16	static
../Core/Src/main.c:649:6:Error_Handler	4	static,ignoring_inline_asm
