../Drivers/CMSIS/Include/core_cm3.h:1762:34:__NVIC_SystemReset	4	static,ignoring_inline_asm
../Core/Src/main.c:126:6:ESP_IPD_Callback	16	static
../Core/Src/main.c:139:5:main	56	static,ignoring_inline_asm
../Core/Src/main.c:349:6:SystemClock_Config	88	static
../Core/Src/main.c:396:13:MX_ADC1_Init	24	static
../Core/Src/main.c:443:13:MX_TIM1_Init	80	static
../Core/Src/main.c:508:13:MX_TIM3_Init	32	static
../Core/Src/main.c:553:13:MX_USART1_UART_Init	8	static
../Core/Src/main.c:584:13:MX_DMA_Init	16	static
../Core/Src/main.c:605:13:MX_GPIO_Init	40	static
../Core/Src/main.c:638:6:Error_Handler	4	static,ignoring_inline_asm
