../Core/Src/WS2812B.c:13:6:WS2812B_Init	32	static
../Core/Src/WS2812B.c:23:6:WS2812B_SetDelay	16	static
../Core/Src/WS2812B.c:27:6:WS2812B_SetPixelBrightness	16	static
../Core/Src/WS2812B.c:31:6:WS2812B_SetBrightness	24	static
../Core/Src/WS2812B.c:37:6:WS2812B_SetNumLeds	32	static
../Core/Src/WS2812B.c:45:12:WS2812B_Show	8	static
../Core/Src/WS2812B.c:58:6:WS2812B_SetPixelRGB	16	static
../Core/Src/WS2812B.c:64:6:WS2812B_SetPixelHSV	64	static
../Core/Src/WS2812B.c:95:6:RGB_to_GRB_PWM	40	static
../Core/Src/WS2812B.c:120:6:HAL_TIM_PWM_PulseFinishedCallback	16	static
../Core/Src/WS2812B.c:129:7:interpolation	32	static
