../Core/Src/WS2812B_CustomEffects.c:24:6:WS2812B_MakeEffect	16	static
../Core/Src/WS2812B_CustomEffects.c:39:6:WS2812B_MakeColorMusic	16	static
../Core/Src/WS2812B_CustomEffects.c:50:6:WS2812B_SetEffectDelay	16	static
../Core/Src/WS2812B_CustomEffects.c:53:6:WS2812B_SetColorMusicDelay	16	static
../Core/Src/WS2812B_CustomEffects.c:56:6:WS2812B_SetMaxAmplitudeL	16	static
../Core/Src/WS2812B_CustomEffects.c:59:6:WS2812B_SetMaxAmplitudeM	16	static
../Core/Src/WS2812B_CustomEffects.c:62:6:WS2812B_SetMaxAmplitudeH	16	static
../Core/Src/WS2812B_CustomEffects.c:66:6:RainbowLoop	24	static
../Core/Src/WS2812B_CustomEffects.c:80:6:FlipFlop	32	static
../Core/Src/WS2812B_CustomEffects.c:108:6:Fade	24	static
../Core/Src/WS2812B_CustomEffects.c:116:6:Rainbow	24	static
../Core/Src/WS2812B_CustomEffects.c:130:6:RainbowFade	24	static
../Core/Src/WS2812B_CustomEffects.c:142:6:RandomColorFade	24	static
../Core/Src/WS2812B_CustomEffects.c:153:6:Police	32	static
../Core/Src/WS2812B_CustomEffects.c:171:6:WS2812B_CM_Init	8	static
../Core/Src/WS2812B_CustomEffects.c:176:6:ColorMusic_1	24	static
../Core/Src/WS2812B_CustomEffects.c:202:6:ColorMusic_2	24	static
../Core/Src/WS2812B_CustomEffects.c:225:6:ColorMusic_3	32	static
../Core/Src/WS2812B_CustomEffects.c:256:5:find_max_ampl	24	static
../Core/Src/WS2812B_CustomEffects.c:265:5:find_max_freq	32	static
../Core/Src/WS2812B_CustomEffects.c:276:6:HAL_ADC_ConvCpltCallback	16	static
