Archive member included to satisfy reference by file (symbol)

D:/IDE/STM32CubeIDE_1.14.0/STM32CubeIDE/plugins/com.st.stm32cube.ide.mcu.externaltools.gnu-tools-for-stm32.11.3.rel1.win32_1.1.100.202309141235/tools/bin/../lib/gcc/arm-none-eabi/11.3.1/../../../../arm-none-eabi/lib/thumb/v7-m/nofp\libc_nano.a(libc_a-atoi.o)
                              ./Core/Src/ESP_AT.o (atoi)
D:/IDE/STM32CubeIDE_1.14.0/STM32CubeIDE/plugins/com.st.stm32cube.ide.mcu.externaltools.gnu-tools-for-stm32.11.3.rel1.win32_1.1.100.202309141235/tools/bin/../lib/gcc/arm-none-eabi/11.3.1/../../../../arm-none-eabi/lib/thumb/v7-m/nofp\libc_nano.a(libc_a-calloc.o)
                              ./Core/Src/FFT.o (calloc)
D:/IDE/STM32CubeIDE_1.14.0/STM32CubeIDE/plugins/com.st.stm32cube.ide.mcu.externaltools.gnu-tools-for-stm32.11.3.rel1.win32_1.1.100.202309141235/tools/bin/../lib/gcc/arm-none-eabi/11.3.1/../../../../arm-none-eabi/lib/thumb/v7-m/nofp\libc_nano.a(libc_a-callocr.o)
                              D:/IDE/STM32CubeIDE_1.14.0/STM32CubeIDE/plugins/com.st.stm32cube.ide.mcu.externaltools.gnu-tools-for-stm32.11.3.rel1.win32_1.1.100.202309141235/tools/bin/../lib/gcc/arm-none-eabi/11.3.1/../../../../arm-none-eabi/lib/thumb/v7-m/nofp\libc_nano.a(libc_a-calloc.o) (_calloc_r)
D:/IDE/STM32CubeIDE_1.14.0/STM32CubeIDE/plugins/com.st.stm32cube.ide.mcu.externaltools.gnu-tools-for-stm32.11.3.rel1.win32_1.1.100.202309141235/tools/bin/../lib/gcc/arm-none-eabi/11.3.1/../../../../arm-none-eabi/lib/thumb/v7-m/nofp\libc_nano.a(libc_a-exit.o)
                              D:/IDE/STM32CubeIDE_1.14.0/STM32CubeIDE/plugins/com.st.stm32cube.ide.mcu.externaltools.gnu-tools-for-stm32.11.3.rel1.win32_1.1.100.202309141235/tools/bin/../lib/gcc/arm-none-eabi/11.3.1/../../../../arm-none-eabi/lib/thumb/v7-m/nofp/crt0.o (exit)
D:/IDE/STM32CubeIDE_1.14.0/STM32CubeIDE/plugins/com.st.stm32cube.ide.mcu.externaltools.gnu-tools-for-stm32.11.3.rel1.win32_1.1.100.202309141235/tools/bin/../lib/gcc/arm-none-eabi/11.3.1/../../../../arm-none-eabi/lib/thumb/v7-m/nofp\libc_nano.a(libc_a-malloc.o)
                              ./Core/Src/FFT.o (free)
D:/IDE/STM32CubeIDE_1.14.0/STM32CubeIDE/plugins/com.st.stm32cube.ide.mcu.externaltools.gnu-tools-for-stm32.11.3.rel1.win32_1.1.100.202309141235/tools/bin/../lib/gcc/arm-none-eabi/11.3.1/../../../../arm-none-eabi/lib/thumb/v7-m/nofp\libc_nano.a(libc_a-mallocr.o)
                              D:/IDE/STM32CubeIDE_1.14.0/STM32CubeIDE/plugins/com.st.stm32cube.ide.mcu.externaltools.gnu-tools-for-stm32.11.3.rel1.win32_1.1.100.202309141235/tools/bin/../lib/gcc/arm-none-eabi/11.3.1/../../../../arm-none-eabi/lib/thumb/v7-m/nofp\libc_nano.a(libc_a-callocr.o) (_malloc_r)
D:/IDE/STM32CubeIDE_1.14.0/STM32CubeIDE/plugins/com.st.stm32cube.ide.mcu.externaltools.gnu-tools-for-stm32.11.3.rel1.win32_1.1.100.202309141235/tools/bin/../lib/gcc/arm-none-eabi/11.3.1/../../../../arm-none-eabi/lib/thumb/v7-m/nofp\libc_nano.a(libc_a-mlock.o)
                              D:/IDE/STM32CubeIDE_1.14.0/STM32CubeIDE/plugins/com.st.stm32cube.ide.mcu.externaltools.gnu-tools-for-stm32.11.3.rel1.win32_1.1.100.202309141235/tools/bin/../lib/gcc/arm-none-eabi/11.3.1/../../../../arm-none-eabi/lib/thumb/v7-m/nofp\libc_nano.a(libc_a-mallocr.o) (__malloc_lock)
D:/IDE/STM32CubeIDE_1.14.0/STM32CubeIDE/plugins/com.st.stm32cube.ide.mcu.externaltools.gnu-tools-for-stm32.11.3.rel1.win32_1.1.100.202309141235/tools/bin/../lib/gcc/arm-none-eabi/11.3.1/../../../../arm-none-eabi/lib/thumb/v7-m/nofp\libc_nano.a(libc_a-strtol.o)
                              D:/IDE/STM32CubeIDE_1.14.0/STM32CubeIDE/plugins/com.st.stm32cube.ide.mcu.externaltools.gnu-tools-for-stm32.11.3.rel1.win32_1.1.100.202309141235/tools/bin/../lib/gcc/arm-none-eabi/11.3.1/../../../../arm-none-eabi/lib/thumb/v7-m/nofp\libc_nano.a(libc_a-atoi.o) (_strtol_r)
D:/IDE/STM32CubeIDE_1.14.0/STM32CubeIDE/plugins/com.st.stm32cube.ide.mcu.externaltools.gnu-tools-for-stm32.11.3.rel1.win32_1.1.100.202309141235/tools/bin/../lib/gcc/arm-none-eabi/11.3.1/../../../../arm-none-eabi/lib/thumb/v7-m/nofp\libc_nano.a(libc_a-ctype_.o)
                              D:/IDE/STM32CubeIDE_1.14.0/STM32CubeIDE/plugins/com.st.stm32cube.ide.mcu.externaltools.gnu-tools-for-stm32.11.3.rel1.win32_1.1.100.202309141235/tools/bin/../lib/gcc/arm-none-eabi/11.3.1/../../../../arm-none-eabi/lib/thumb/v7-m/nofp\libc_nano.a(libc_a-strtol.o) (_ctype_)
D:/IDE/STM32CubeIDE_1.14.0/STM32CubeIDE/plugins/com.st.stm32cube.ide.mcu.externaltools.gnu-tools-for-stm32.11.3.rel1.win32_1.1.100.202309141235/tools/bin/../lib/gcc/arm-none-eabi/11.3.1/../../../../arm-none-eabi/lib/thumb/v7-m/nofp\libc_nano.a(libc_a-findfp.o)
                              D:/IDE/STM32CubeIDE_1.14.0/STM32CubeIDE/plugins/com.st.stm32cube.ide.mcu.externaltools.gnu-tools-for-stm32.11.3.rel1.win32_1.1.100.202309141235/tools/bin/../lib/gcc/arm-none-eabi/11.3.1/../../../../arm-none-eabi/lib/thumb/v7-m/nofp\libc_nano.a(libc_a-exit.o) (__stdio_exit_handler)
[...]
Memory Configuration

Name             Origin             Length             Attributes
RAM              0x0000000020000000 0x0000000000005000 xrw
FLASH            0x0000000008000000 0x0000000000010000 xr
*default*        0x0000000000000000 0xffffffffffffffff

Linker script and memory map

LOAD D:/IDE/STM32CubeIDE_1.14.0/STM32CubeIDE/plugins/com.st.stm32cube.ide.mcu.externaltools.gnu-tools-for-stm32.11.3.rel1.win32_1.1.100.202309141235/tools/bin/../lib/gcc/arm-none-eabi/11.3.1/thumb/v7-m/nofp/crti.o
LOAD D:/IDE/STM32CubeIDE_1.14.0/STM32CubeIDE/plugins/com.st.stm32cube.ide.mcu.externaltools.gnu-tools-for-stm32.11.3.rel1.win32_1.1.100.202309141235/tools/bin/../lib/gcc/arm-none-eabi/11.3.1/thumb/v7-m/nofp/crtbegin.o
LOAD D:/IDE/STM32CubeIDE_1.14.0/STM32CubeIDE/plugins/com.st.stm32cube.ide.mcu.externaltools.gnu-tools-for-stm32.11.3.rel1.win32_1.1.100.202309141235/tools/bin/../lib/gcc/arm-none-eabi/11.3.1/../../../../arm-none-eabi/lib/thumb/v7-m/nofp/crt0.o
LOAD ./Core/Src/ESP_AT.o
LOAD ./Core/Src/FFT.o
LOAD ./Core/Src/FlashPROM.o
LOAD ./Core/Src/WS2812B.o
LOAD ./Core/Src/WS2812B_Effects.o
LOAD ./Core/Src/main.o
LOAD ./Core/Src/stm32f1xx_hal_msp.o
LOAD ./Core/Src/stm32f1xx_it.o
LOAD ./Core/Src/syscalls.o
LOAD ./Core/Src/sysmem.o
LOAD ./Core/Src/system_stm32f1xx.o
LOAD ./Core/Startup/startup_stm32f103c8tx.o
LOAD ./Drivers/STM32F1xx_HAL_Driver/Src/stm32f1xx_hal.o
LOAD ./Drivers/STM32F1xx_HAL_Driver/Src/stm32f1xx_hal_adc.o
LOAD ./Drivers/STM32F1xx_HAL_Driver/Src/stm32f1xx_hal_adc_ex.o
LOAD ./Drivers/STM32F1xx_HAL_Driver/Src/stm32f1xx_hal_cortex.o
LOAD ./Drivers/STM32F1xx_HAL_Driver/Src/stm32f1xx_hal_dma.o
LOAD ./Drivers/STM32F1xx_HAL_Driver/Src/stm32f1xx_hal_exti.o
LOAD ./Drivers/STM32F1xx_HAL_Driver/Src/stm32f1xx_hal_flash.o
LOAD ./Drivers/STM32F1xx_HAL_Driver/Src/stm32f1xx_hal_flash_ex.o
LOAD ./Drivers/STM32F1xx_HAL_Driver/Src/stm32f1xx_hal_gpio.o
LOAD ./Drivers/STM32F1xx_HAL_Driver/Src/stm32f1xx_hal_gpio_ex.o
LOAD ./Drivers/STM32F1xx_HAL_Driver/Src/stm32f1xx_hal_pwr.o
LOAD ./Drivers/STM32F1xx_HAL_Driver/Src/stm32f1xx_hal_rcc.o
LOAD ./Drivers/STM32F1xx_HAL_Driver/Src/stm32f1xx_hal_rcc_ex.o
LOAD ./Drivers/STM32F1xx_HAL_Driver/Src/stm32f1xx_hal_tim.o
LOAD ./Drivers/STM32F1xx_HAL_Driver/Src/stm32f1xx_hal_tim_ex.o
LOAD ./Drivers/STM32F1xx_HAL_Driver/Src/stm32f1xx_hal_uart.o
LOAD D:\MCU\STM32\MyLed\MyLed_Controller\Drivers\CMSIS\Lib\GCC\libarm_cortexM3l_math.a
START GROUP
LOAD D:/IDE/STM32CubeIDE_1.14.0/STM32CubeIDE/plugins/com.st.stm32cube.ide.mcu.externaltools.gnu-tools-for-stm32.11.3.rel1.win32_1.1.100.202309141235/tools/bin/../lib/gcc/arm-none-eabi/11.3.1/../../../../arm-none-eabi/lib/thumb/v7-m/nofp\libc_nano.a
LOAD D:/IDE/STM32CubeIDE_1.14.0/STM32CubeIDE/plugins/com.st.stm32cube.ide.mcu.externaltools.gnu-tools-for-stm32.11.3.rel1.win32_1.1.100.202309141235/tools/bin/../lib/gcc/arm-none-eabi/11.3.1/../../../../arm-none-eabi/lib/thumb/v7-m/nofp\libm.a
END GROUP
START GROUP
LOAD D:/IDE/STM32CubeIDE_1.14.0/STM32CubeIDE/plugins/com.st.stm32cube.ide.mcu.externaltools.gnu-tools-for-stm32.11.3.rel1.win32_1.1.100.202309141235/tools/bin/../lib/gcc/arm-none-eabi/11.3.1/thumb/v7-m/nofp\libgcc.a
LOAD D:/IDE/STM32CubeIDE_1.14.0/STM32CubeIDE/plugins/com.st.stm32cube.ide.mcu.externaltools.gnu-tools-for-stm32.11.3.rel1.win32_1.1.100.202309141235/tools/bin/../lib/gcc/arm-none-eabi/11.3.1/../../../../arm-none-eabi/lib/thumb/v7-m/nofp\libc_nano.a
END GROUP
START GROUP
LOAD D:/IDE/STM32CubeIDE_1.14.0/STM32CubeIDE/plugins/com.st.stm32cube.ide.mcu.externaltools.gnu-tools-for-stm32.11.3.rel1.win32_1.1.100.202309141235/tools/bin/../lib/gcc/arm-none-eabi/11.3.1/thumb/v7-m/nofp\libgcc.a
LOAD D:/IDE/STM32CubeIDE_1.14.0/STM32CubeIDE/plugins/com.st.stm32cube.ide.mcu.externaltools.gnu-tools-for-stm32.11.3.rel1.win32_1.1.100.202309141235/tools/bin/../lib/gcc/arm-none-eabi/11.3.1/../../../../arm-none-eabi/lib/thumb/v7-m/nofp\libc_nano.a
LOAD D:/IDE/STM32CubeIDE_1.14.0/STM32CubeIDE/plugins/com.st.stm32cube.ide.mcu.externaltools.gnu-tools-for-stm32.11.3.rel1.win32_1.1.100.202309141235/tools/bin/../lib/gcc/arm-none-eabi/11.3.1/../../../../arm-none-eabi/lib/thumb/v7-m/nofp\libnosys.a
END GROUP
START GROUP
LOAD D:/IDE/STM32CubeIDE_1.14.0/STM32CubeIDE/plugins/com.st.stm32cube.ide.mcu.externaltools.gnu-tools-for-stm32.11.3.rel1.win32_1.1.100.202309141235/tools/bin/../lib/gcc/arm-none-eabi/11.3.1/thumb/v7-m/nofp\libgcc.a
LOAD D:/IDE/STM32CubeIDE_1.14.0/STM32CubeIDE/plugins/com.st.stm32cube.ide.mcu.externaltools.gnu-tools-for-stm32.11.3.rel1.win32_1.1.100.202309141235/tools/bin/../lib/gcc/arm-none-eabi/11.3.1/../../../../arm-none-eabi/lib/thumb/v7-m/nofp\libc_nano.a
LOAD D:/IDE/STM32CubeIDE_1.14.0/STM32CubeIDE/plugins/com.st.stm32cube.ide.mcu.externaltools.gnu-tools-for-stm32.11.3.rel1.win32_1.1.100.202309141235/tools/bin/../lib/gcc/arm-none-eabi/11.3.1/../../../../arm-none-eabi/lib/thumb/v7-m/nofp\libnosys.a
END GROUP
LOAD D:/IDE/STM32CubeIDE_1.14.0/STM32CubeIDE/plugins/com.st.stm32cube.ide.mcu.externaltools.gnu-tools-for-stm32.11.3.rel1.win32_1.1.100.202309141235/tools/bin/../lib/gcc/arm-none-eabi/11.3.1/thumb/v7-m/nofp/crtend.o
LOAD D:/IDE/STM32CubeIDE_1.14.0/STM32CubeIDE/plugins/com.st.stm32cube.ide.mcu.externaltools.gnu-tools-for-stm32.11.3.rel1.win32_1.1.100.202309141235/tools/bin/../lib/gcc/arm-none-eabi/11.3.1/thumb/v7-m/nofp/crtn.o
                0x0000000020005000                _estack = (ORIGIN (RAM) + LENGTH (RAM))
                0x0000000000000200                _Min_Heap_Size = 0x200
                0x0000000000000400                _Min_Stack_Size = 0x400

.isr_vector     0x0000000008000000      0x10c
                0x0000000008000000                . = ALIGN (0x4)
 *(.isr_vector)
 .isr_vector    0x0000000008000000      0x10c ./Core/Startup/startup_stm32f103c8tx.o
                0x0000000008000000                g_pfnVectors
                0x000000000800010c                . = ALIGN (0x4)

.text           0x000000000800010c     0x73b8
                0x000000000800010c                . = ALIGN (0x4)
 *(.text)
 .text          0x000000000800010c       0x40 D:/IDE/STM32CubeIDE_1.14.0/STM32CubeIDE/plugins/com.st.stm32cube.ide.mcu.externaltools.gnu-tools-for-stm32.11.3.rel1.win32_1.1.100.202309141235/tools/bin/../lib/gcc/arm-none-eabi/11.3.1/thumb/v7-m/nofp/crtbegin.o
 .text          0x000000000800014c       0x10 D:/IDE/STM32CubeIDE_1.14.0/STM32CubeIDE/plugins/com.st.stm32cube.ide.mcu.externaltools.gnu-tools-for-stm32.11.3.rel1.win32_1.1.100.202309141235/tools/bin/../lib/gcc/arm-none-eabi/11.3.1/../../../../arm-none-eabi/lib/thumb/v7-m/nofp\libc_nano.a(libc_a-strlen.o)
                0x000000000800014c                strlen
 .text          0x000000000800015c      0x21c D:/IDE/STM32CubeIDE_1.14.0/STM32CubeIDE/plugins/com.st.stm32cube.ide.mcu.externaltools.gnu-tools-for-stm32.11.3.rel1.win32_1.1.100.202309141235/tools/bin/../lib/gcc/arm-none-eabi/11.3.1/thumb/v7-m/nofp\libgcc.a(_arm_addsubsf3.o)
                0x000000000800015c                __aeabi_frsub
                0x0000000008000164                __subsf3
                0x0000000008000164                __aeabi_fsub
                0x0000000008000168                __aeabi_fadd
                0x0000000008000168                __addsf3
                0x00000000080002c8                __aeabi_ui2f
                0x00000000080002c8                __floatunsisf
                0x00000000080002d0                __aeabi_i2f
                0x00000000080002d0                __floatsisf
                0x00000000080002ec                __aeabi_ul2f
                0x00000000080002ec                __floatundisf
                0x00000000080002fc                __aeabi_l2f
                0x00000000080002fc                __floatdisf
 .text          0x0000000008000378      0x2a0 D:/IDE/STM32CubeIDE_1.14.0/STM32CubeIDE/plugins/com.st.stm32cube.ide.mcu.externaltools.gnu-tools-for-stm32.11.3.rel1.win32_1.1.100.202309141235/tools/bin/../lib/gcc/arm-none-eabi/11.3.1/thumb/v7-m/nofp\libgcc.a(_arm_muldivsf3.o)
                0x0000000008000378                __mulsf3
                0x0000000008000378                __aeabi_fmul
                0x00000000080004e0                __aeabi_fdiv
                0x00000000080004e0                __divsf3
 .text          0x0000000008000618       0xec D:/IDE/STM32CubeIDE_1.14.0/STM32CubeIDE/plugins/com.st.stm32cube.ide.mcu.externaltools.gnu-tools-for-stm32.11.3.rel1.win32_1.1.100.202309141235/tools/bin/../lib/gcc/arm-none-eabi/11.3.1/thumb/v7-m/nofp\libgcc.a(_arm_cmpsf2.o)
                0x0000000008000618                __gesf2
                0x0000000008000618                __gtsf2
                0x0000000008000620                __lesf2
                0x0000000008000620                __ltsf2
                0x0000000008000628                __nesf2
                0x0000000008000628                __eqsf2
                0x0000000008000628                __cmpsf2
                0x0000000008000688                __aeabi_cfrcmple
                0x0000000008000690                __aeabi_cfcmpeq
                0x0000000008000690                __aeabi_cfcmple
                0x00000000080006a0                __aeabi_fcmpeq
                0x00000000080006b4                __aeabi_fcmplt
                0x00000000080006c8                __aeabi_fcmple
                0x00000000080006dc                __aeabi_fcmpge
                0x00000000080006f0                __aeabi_fcmpgt
 .text          0x0000000008000704       0x40 D:/IDE/STM32CubeIDE_1.14.0/STM32CubeIDE/plugins/com.st.stm32cube.ide.mcu.externaltools.gnu-tools-for-stm32.11.3.rel1.win32_1.1.100.202309141235/tools/bin/../lib/gcc/arm-none-eabi/11.3.1/thumb/v7-m/nofp\libgcc.a(_arm_fixunssfsi.o)
                0x0000000008000704                __fixunssfsi
                0x0000000008000704                __aeabi_f2uiz
 *(.text*)
 .text.ESP_Init
                0x0000000008000744       0x24 ./Core/Src/ESP_AT.o
                0x0000000008000744                ESP_Init
 .text.ESP_ATE0
                0x0000000008000768       0x90 ./Core/Src/ESP_AT.o
                0x0000000008000768                ESP_ATE0
 .text.ESP_Reset
                0x00000000080007f8       0xd0 ./Core/Src/ESP_AT.o
                0x00000000080007f8                ESP_Reset
 .text.ESP_AP_Mode
                0x00000000080008c8       0x94 ./Core/Src/ESP_AT.o
                0x00000000080008c8                ESP_AP_Mode
 .text.ESP_AP_Config
                0x000000000800095c       0xb0 ./Core/Src/ESP_AT.o
                0x000000000800095c                ESP_AP_Config
 .text.ESP_AP_IP
                0x0000000008000a0c       0xa4 ./Core/Src/ESP_AT.o
                0x0000000008000a0c                ESP_AP_IP
 .text.ESP_STA_Mode
                0x0000000008000ab0       0x94 ./Core/Src/ESP_AT.o
                0x0000000008000ab0                ESP_STA_Mode
 .text.ESP_STA_IP
                0x0000000008000b44       0xa4 ./Core/Src/ESP_AT.o
                0x0000000008000b44                ESP_STA_IP
 .text.ESP_ConnectToAP
                0x0000000008000be8       0xc8 ./Core/Src/ESP_AT.o
                0x0000000008000be8                ESP_ConnectToAP
 .text.ESP_StartTCPServer
                0x0000000008000cb0       0xec ./Core/Src/ESP_AT.o
                0x0000000008000cb0                ESP_StartTCPServer
 .text.ESP_EnableCallbacs
                0x0000000008000d9c       0x2c ./Core/Src/ESP_AT.o
                0x0000000008000d9c                ESP_EnableCallbacs
 .text.HAL_UARTEx_RxEventCallback
                0x0000000008000dc8       0x98 ./Core/Src/ESP_AT.o
                0x0000000008000dc8                HAL_UARTEx_RxEventCallback
 .text.FlashPROM_Init
                0x0000000008000e60       0x20 ./Core/Src/FlashPROM.o
                0x0000000008000e60                FlashPROM_Init
 .text.FlashPROM_Write
                0x0000000008000e80       0xb4 ./Core/Src/FlashPROM.o
                0x0000000008000e80                FlashPROM_Write
 .text.FlashPROM_Read
                0x0000000008000f34       0xa8 ./Core/Src/FlashPROM.o
                0x0000000008000f34                FlashPROM_Read
 .text.EraseFlash
                0x0000000008000fdc       0x40 ./Core/Src/FlashPROM.o
                0x0000000008000fdc                EraseFlash
 .text.WS2812B_Init
                0x000000000800101c       0xc2 ./Core/Src/WS2812B.o
                0x000000000800101c                WS2812B_Init
 .text.WS2812B_SetBrightness
                0x00000000080010de       0x44 ./Core/Src/WS2812B.o
                0x00000000080010de                WS2812B_SetBrightness
 .text.WS2812B_SetPixelBrightness
                0x0000000008001122       0x28 ./Core/Src/WS2812B.o
                0x0000000008001122                WS2812B_SetPixelBrightness
 .text.WS2812B_SetNumLeds
                0x000000000800114a       0x62 ./Core/Src/WS2812B.o
                0x000000000800114a                WS2812B_SetNumLeds
 .text.WS2812B_Show
                0x00000000080011ac       0x74 ./Core/Src/WS2812B.o
                0x00000000080011ac                WS2812B_Show
 .text.WS2812B_Off
                0x0000000008001220       0xa0 ./Core/Src/WS2812B.o
                0x0000000008001220                WS2812B_Off
 .text.WS2812B_SetPixelRGB
                0x00000000080012c0       0x4e ./Core/Src/WS2812B.o
                0x00000000080012c0                WS2812B_SetPixelRGB
 .text.WS2812B_SetPixelHUE
                0x000000000800130e       0x92 ./Core/Src/WS2812B.o
                0x000000000800130e                WS2812B_SetPixelHUE
 .text.Preset_Rainbow
                0x00000000080013a0       0xdc ./Core/Src/WS2812B.o
                0x00000000080013a0                Preset_Rainbow
 .text.Preset_HUE
                0x000000000800147c       0x44 ./Core/Src/WS2812B.o
                0x000000000800147c                Preset_HUE
 .text.AnimationInit
                0x00000000080014c0       0x2e ./Core/Src/WS2812B.o
                0x00000000080014c0                AnimationInit
 .text.Animation_Loop
                0x00000000080014ee      0x222 ./Core/Src/WS2812B.o
                0x00000000080014ee                Animation_Loop
 .text.Animation_Fade
                0x0000000008001710      0x324 ./Core/Src/WS2812B.o
                0x0000000008001710                Animation_Fade
 .text.RGB_to_GRB_PWM
                0x0000000008001a34      0x214 ./Core/Src/WS2812B.o
                0x0000000008001a34                RGB_to_GRB_PWM
 .text.interpolation
                0x0000000008001c48       0x56 ./Core/Src/WS2812B.o
                0x0000000008001c48                interpolation
 *fill*         0x0000000008001c9e        0x2 
 .text.WS2812B_MakeEffect
                0x0000000008001ca0       0x98 ./Core/Src/WS2812B_Effects.o
                0x0000000008001ca0                WS2812B_MakeEffect
 .text.Effect_RainbowLoop
                0x0000000008001d38       0x80 ./Core/Src/WS2812B_Effects.o
                0x0000000008001d38                Effect_RainbowLoop
 .text.Effect_Fade
                0x0000000008001db8       0x60 ./Core/Src/WS2812B_Effects.o
                0x0000000008001db8                Effect_Fade
 .text.Effect_Police
                0x0000000008001e18       0xbc ./Core/Src/WS2812B_Effects.o
                0x0000000008001e18                Effect_Police
 .text.__NVIC_SystemReset
                0x0000000008001ed4       0x2c ./Core/Src/main.o
 .text.ESP_IPD_Callback
                0x0000000008001f00       0x48 ./Core/Src/main.o
                0x0000000008001f00                ESP_IPD_Callback
 .text.main     0x0000000008001f48      0x4a8 ./Core/Src/main.o
                0x0000000008001f48                main
 .text.SystemClock_Config
                0x00000000080023f0       0xb6 ./Core/Src/main.o
                0x00000000080023f0                SystemClock_Config
 *fill*         0x00000000080024a6        0x2 
 .text.MX_ADC1_Init
                0x00000000080024a8       0x7c ./Core/Src/main.o
 .text.MX_TIM1_Init
                0x0000000008002524      0x104 ./Core/Src/main.o
 .text.MX_TIM3_Init
                0x0000000008002628       0x9c ./Core/Src/main.o
 .text.MX_USART1_UART_Init
                0x00000000080026c4       0x54 ./Core/Src/main.o
 .text.MX_DMA_Init
                0x0000000008002718       0x4c ./Core/Src/main.o
 .text.MX_GPIO_Init
                0x0000000008002764       0x98 ./Core/Src/main.o
 .text.Error_Handler
                0x00000000080027fc        0xa ./Core/Src/main.o
                0x00000000080027fc                Error_Handler
 *fill*         0x0000000008002806        0x2 
 .text.HAL_MspInit
                0x0000000008002808       0x64 ./Core/Src/stm32f1xx_hal_msp.o
                0x0000000008002808                HAL_MspInit
 .text.HAL_ADC_MspInit
                0x000000000800286c       0x88 ./Core/Src/stm32f1xx_hal_msp.o
                0x000000000800286c                HAL_ADC_MspInit
 .text.HAL_TIM_PWM_MspInit
                0x00000000080028f4       0x94 ./Core/Src/stm32f1xx_hal_msp.o
                0x00000000080028f4                HAL_TIM_PWM_MspInit
 .text.HAL_TIM_Base_MspInit
                0x0000000008002988       0x3c ./Core/Src/stm32f1xx_hal_msp.o
                0x0000000008002988                HAL_TIM_Base_MspInit
 .text.HAL_TIM_MspPostInit
                0x00000000080029c4       0x68 ./Core/Src/stm32f1xx_hal_msp.o
                0x00000000080029c4                HAL_TIM_MspPostInit
 .text.HAL_UART_MspInit
                0x0000000008002a2c      0x100 ./Core/Src/stm32f1xx_hal_msp.o
                0x0000000008002a2c                HAL_UART_MspInit
 .text.NMI_Handler
                0x0000000008002b2c        0x6 ./Core/Src/stm32f1xx_it.o
                0x0000000008002b2c                NMI_Handler
 .text.HardFault_Handler
                0x0000000008002b32        0x6 ./Core/Src/stm32f1xx_it.o
                0x0000000008002b32                HardFault_Handler
 .text.MemManage_Handler
                0x0000000008002b38        0x6 ./Core/Src/stm32f1xx_it.o
                0x0000000008002b38                MemManage_Handler
 .text.BusFault_Handler
                0x0000000008002b3e        0x6 ./Core/Src/stm32f1xx_it.o
                0x0000000008002b3e                BusFault_Handler
 .text.UsageFault_Handler
                0x0000000008002b44        0x6 ./Core/Src/stm32f1xx_it.o
                0x0000000008002b44                UsageFault_Handler
 .text.SVC_Handler
                0x0000000008002b4a        0xc ./Core/Src/stm32f1xx_it.o
                0x0000000008002b4a                SVC_Handler
 .text.DebugMon_Handler
                0x0000000008002b56        0xc ./Core/Src/stm32f1xx_it.o
                0x0000000008002b56                DebugMon_Handler
 .text.PendSV_Handler
                0x0000000008002b62        0xc ./Core/Src/stm32f1xx_it.o
                0x0000000008002b62                PendSV_Handler
 .text.SysTick_Handler
                0x0000000008002b6e        0xc ./Core/Src/stm32f1xx_it.o
                0x0000000008002b6e                SysTick_Handler
 *fill*         0x0000000008002b7a        0x2 
 .text.DMA1_Channel2_IRQHandler
                0x0000000008002b7c       0x14 ./Core/Src/stm32f1xx_it.o
                0x0000000008002b7c                DMA1_Channel2_IRQHandler
 .text.DMA1_Channel5_IRQHandler
                0x0000000008002b90       0x14 ./Core/Src/stm32f1xx_it.o
                0x0000000008002b90                DMA1_Channel5_IRQHandler
 .text.ADC1_2_IRQHandler
                0x0000000008002ba4       0x14 ./Core/Src/stm32f1xx_it.o
                0x0000000008002ba4                ADC1_2_IRQHandler
 .text.USART1_IRQHandler
                0x0000000008002bb8       0x14 ./Core/Src/stm32f1xx_it.o
                0x0000000008002bb8                USART1_IRQHandler
 .text._sbrk    0x0000000008002bcc       0x6c ./Core/Src/sysmem.o
                0x0000000008002bcc                _sbrk
 .text.SystemInit
                0x0000000008002c38        0xc ./Core/Src/system_stm32f1xx.o
                0x0000000008002c38                SystemInit
 .text.Reset_Handler
                0x0000000008002c44       0x48 ./Core/Startup/startup_stm32f103c8tx.o
                0x0000000008002c44                Reset_Handler
 .text.Default_Handler
                0x0000000008002c8c        0x2 ./Core/Startup/startup_stm32f103c8tx.o
                0x0000000008002c8c                RTC_Alarm_IRQHandler
                0x0000000008002c8c                EXTI2_IRQHandler
                0x0000000008002c8c                TIM1_CC_IRQHandler
                0x0000000008002c8c                PVD_IRQHandler
                0x0000000008002c8c                EXTI3_IRQHandler
                0x0000000008002c8c                EXTI0_IRQHandler
                0x0000000008002c8c                I2C2_EV_IRQHandler
                0x0000000008002c8c                SPI1_IRQHandler
                0x0000000008002c8c                TAMPER_IRQHandler
                0x0000000008002c8c                DMA1_Channel4_IRQHandler
                0x0000000008002c8c                USART3_IRQHandler
                0x0000000008002c8c                RTC_IRQHandler
                0x0000000008002c8c                DMA1_Channel7_IRQHandler
                0x0000000008002c8c                CAN1_RX1_IRQHandler
                0x0000000008002c8c                TIM4_IRQHandler
                0x0000000008002c8c                I2C1_EV_IRQHandler
                0x0000000008002c8c                DMA1_Channel6_IRQHandler
                0x0000000008002c8c                TIM3_IRQHandler
                0x0000000008002c8c                RCC_IRQHandler
                0x0000000008002c8c                TIM1_TRG_COM_IRQHandler
                0x0000000008002c8c                DMA1_Channel1_IRQHandler
                0x0000000008002c8c                Default_Handler
                0x0000000008002c8c                EXTI15_10_IRQHandler
                0x0000000008002c8c                EXTI9_5_IRQHandler
                0x0000000008002c8c                SPI2_IRQHandler
                0x0000000008002c8c                EXTI4_IRQHandler
                0x0000000008002c8c                USB_LP_CAN1_RX0_IRQHandler
                0x0000000008002c8c                USB_HP_CAN1_TX_IRQHandler
                0x0000000008002c8c                DMA1_Channel3_IRQHandler
                0x0000000008002c8c                TIM1_UP_IRQHandler
                0x0000000008002c8c                WWDG_IRQHandler
                0x0000000008002c8c                TIM2_IRQHandler
                0x0000000008002c8c                TIM1_BRK_IRQHandler
                0x0000000008002c8c                EXTI1_IRQHandler
                0x0000000008002c8c                USART2_IRQHandler
                0x0000000008002c8c                I2C2_ER_IRQHandler
                0x0000000008002c8c                CAN1_SCE_IRQHandler
                0x0000000008002c8c                FLASH_IRQHandler
                0x0000000008002c8c                I2C1_ER_IRQHandler
                0x0000000008002c8c                USBWakeUp_IRQHandler
 *fill*         0x0000000008002c8e        0x2 
 .text.HAL_Init
                0x0000000008002c90       0x2c ./Drivers/STM32F1xx_HAL_Driver/Src/stm32f1xx_hal.o
                0x0000000008002c90                HAL_Init
 .text.HAL_InitTick
                0x0000000008002cbc       0x60 ./Drivers/STM32F1xx_HAL_Driver/Src/stm32f1xx_hal.o
                0x0000000008002cbc                HAL_InitTick
 .text.HAL_IncTick
                0x0000000008002d1c       0x24 ./Drivers/STM32F1xx_HAL_Driver/Src/stm32f1xx_hal.o
                0x0000000008002d1c                HAL_IncTick
 .text.HAL_GetTick
                0x0000000008002d40       0x14 ./Drivers/STM32F1xx_HAL_Driver/Src/stm32f1xx_hal.o
                0x0000000008002d40                HAL_GetTick
 .text.HAL_Delay
                0x0000000008002d54       0x48 ./Drivers/STM32F1xx_HAL_Driver/Src/stm32f1xx_hal.o
                0x0000000008002d54                HAL_Delay
 .text.HAL_ADC_Init
                0x0000000008002d9c      0x1b0 ./Drivers/STM32F1xx_HAL_Driver/Src/stm32f1xx_hal_adc.o
                0x0000000008002d9c                HAL_ADC_Init
 .text.HAL_ADC_IRQHandler
                0x0000000008002f4c      0x186 ./Drivers/STM32F1xx_HAL_Driver/Src/stm32f1xx_hal_adc.o
                0x0000000008002f4c                HAL_ADC_IRQHandler
 .text.HAL_ADC_ConvCpltCallback
                0x00000000080030d2       0x12 ./Drivers/STM32F1xx_HAL_Driver/Src/stm32f1xx_hal_adc.o
                0x00000000080030d2                HAL_ADC_ConvCpltCallback
 .text.HAL_ADC_LevelOutOfWindowCallback
                0x00000000080030e4       0x12 ./Drivers/STM32F1xx_HAL_Driver/Src/stm32f1xx_hal_adc.o
                0x00000000080030e4                HAL_ADC_LevelOutOfWindowCallback
 *fill*         0x00000000080030f6        0x2 
 .text.HAL_ADC_ConfigChannel
                0x00000000080030f8      0x1f0 ./Drivers/STM32F1xx_HAL_Driver/Src/stm32f1xx_hal_adc.o
                0x00000000080030f8                HAL_ADC_ConfigChannel
 .text.ADC_ConversionStop_Disable
                0x00000000080032e8       0x82 ./Drivers/STM32F1xx_HAL_Driver/Src/stm32f1xx_hal_adc.o
                0x00000000080032e8                ADC_ConversionStop_Disable
 .text.HAL_ADCEx_InjectedConvCpltCallback
                0x000000000800336a       0x12 ./Drivers/STM32F1xx_HAL_Driver/Src/stm32f1xx_hal_adc_ex.o
                0x000000000800336a                HAL_ADCEx_InjectedConvCpltCallback
 .text.__NVIC_SetPriorityGrouping
                0x000000000800337c       0x48 ./Drivers/STM32F1xx_HAL_Driver/Src/stm32f1xx_hal_cortex.o
 .text.__NVIC_GetPriorityGrouping
                0x00000000080033c4       0x1c ./Drivers/STM32F1xx_HAL_Driver/Src/stm32f1xx_hal_cortex.o
 .text.__NVIC_EnableIRQ
                0x00000000080033e0       0x38 ./Drivers/STM32F1xx_HAL_Driver/Src/stm32f1xx_hal_cortex.o
 .text.__NVIC_SetPriority
                0x0000000008003418       0x54 ./Drivers/STM32F1xx_HAL_Driver/Src/stm32f1xx_hal_cortex.o
 .text.NVIC_EncodePriority
                0x000000000800346c       0x64 ./Drivers/STM32F1xx_HAL_Driver/Src/stm32f1xx_hal_cortex.o
 .text.SysTick_Config
                0x00000000080034d0       0x44 ./Drivers/STM32F1xx_HAL_Driver/Src/stm32f1xx_hal_cortex.o
 .text.HAL_NVIC_SetPriorityGrouping
                0x0000000008003514       0x16 ./Drivers/STM32F1xx_HAL_Driver/Src/stm32f1xx_hal_cortex.o
                0x0000000008003514                HAL_NVIC_SetPriorityGrouping
 .text.HAL_NVIC_SetPriority
                0x000000000800352a       0x38 ./Drivers/STM32F1xx_HAL_Driver/Src/stm32f1xx_hal_cortex.o
                0x000000000800352a                HAL_NVIC_SetPriority
 .text.HAL_NVIC_EnableIRQ
                0x0000000008003562       0x1c ./Drivers/STM32F1xx_HAL_Driver/Src/stm32f1xx_hal_cortex.o
                0x0000000008003562                HAL_NVIC_EnableIRQ
 .text.HAL_SYSTICK_Config
                0x000000000800357e       0x18 ./Drivers/STM32F1xx_HAL_Driver/Src/stm32f1xx_hal_cortex.o
                0x000000000800357e                HAL_SYSTICK_Config
 *fill*         0x0000000008003596        0x2 
 .text.HAL_DMA_Init
                0x0000000008003598       0xb4 ./Drivers/STM32F1xx_HAL_Driver/Src/stm32f1xx_hal_dma.o
                0x0000000008003598                HAL_DMA_Init
 .text.HAL_DMA_Start_IT
                0x000000000800364c       0xbe ./Drivers/STM32F1xx_HAL_Driver/Src/stm32f1xx_hal_dma.o
                0x000000000800364c                HAL_DMA_Start_IT
 .text.HAL_DMA_Abort
                0x000000000800370a       0x74 ./Drivers/STM32F1xx_HAL_Driver/Src/stm32f1xx_hal_dma.o
                0x000000000800370a                HAL_DMA_Abort
 *fill*         0x000000000800377e        0x2 
 .text.HAL_DMA_Abort_IT
                0x0000000008003780       0xec ./Drivers/STM32F1xx_HAL_Driver/Src/stm32f1xx_hal_dma.o
                0x0000000008003780                HAL_DMA_Abort_IT
 .text.HAL_DMA_IRQHandler
                0x000000000800386c      0x20c ./Drivers/STM32F1xx_HAL_Driver/Src/stm32f1xx_hal_dma.o
                0x000000000800386c                HAL_DMA_IRQHandler
 .text.DMA_SetConfig
                0x0000000008003a78       0x5a ./Drivers/STM32F1xx_HAL_Driver/Src/stm32f1xx_hal_dma.o
 *fill*         0x0000000008003ad2        0x2 
 .text.HAL_FLASH_Program
                0x0000000008003ad4       0xe0 ./Drivers/STM32F1xx_HAL_Driver/Src/stm32f1xx_hal_flash.o
                0x0000000008003ad4                HAL_FLASH_Program
 .text.HAL_FLASH_Unlock
                0x0000000008003bb4       0x4c ./Drivers/STM32F1xx_HAL_Driver/Src/stm32f1xx_hal_flash.o
                0x0000000008003bb4                HAL_FLASH_Unlock
 .text.HAL_FLASH_Lock
                0x0000000008003c00       0x20 ./Drivers/STM32F1xx_HAL_Driver/Src/stm32f1xx_hal_flash.o
                0x0000000008003c00                HAL_FLASH_Lock
 .text.FLASH_Program_HalfWord
                0x0000000008003c20       0x38 ./Drivers/STM32F1xx_HAL_Driver/Src/stm32f1xx_hal_flash.o
 .text.FLASH_WaitForLastOperation
                0x0000000008003c58       0x8c ./Drivers/STM32F1xx_HAL_Driver/Src/stm32f1xx_hal_flash.o
                0x0000000008003c58                FLASH_WaitForLastOperation
 .text.FLASH_SetErrorCode
                0x0000000008003ce4       0xa0 ./Drivers/STM32F1xx_HAL_Driver/Src/stm32f1xx_hal_flash.o
 .text.HAL_FLASHEx_Erase
                0x0000000008003d84       0xd8 ./Drivers/STM32F1xx_HAL_Driver/Src/stm32f1xx_hal_flash_ex.o
                0x0000000008003d84                HAL_FLASHEx_Erase
 .text.FLASH_MassErase
                0x0000000008003e5c       0x38 ./Drivers/STM32F1xx_HAL_Driver/Src/stm32f1xx_hal_flash_ex.o
 .text.FLASH_PageErase
                0x0000000008003e94       0x40 ./Drivers/STM32F1xx_HAL_Driver/Src/stm32f1xx_hal_flash_ex.o
                0x0000000008003e94                FLASH_PageErase
 .text.HAL_GPIO_Init
                0x0000000008003ed4      0x308 ./Drivers/STM32F1xx_HAL_Driver/Src/stm32f1xx_hal_gpio.o
                0x0000000008003ed4                HAL_GPIO_Init
 .text.HAL_GPIO_WritePin
                0x00000000080041dc       0x30 ./Drivers/STM32F1xx_HAL_Driver/Src/stm32f1xx_hal_gpio.o
                0x00000000080041dc                HAL_GPIO_WritePin
 .text.HAL_GPIO_TogglePin
                0x000000000800420c       0x32 ./Drivers/STM32F1xx_HAL_Driver/Src/stm32f1xx_hal_gpio.o
                0x000000000800420c                HAL_GPIO_TogglePin
 *fill*         0x000000000800423e        0x2 
 .text.HAL_RCC_OscConfig
                0x0000000008004240      0x504 ./Drivers/STM32F1xx_HAL_Driver/Src/stm32f1xx_hal_rcc.o
                0x0000000008004240                HAL_RCC_OscConfig
 .text.HAL_RCC_ClockConfig
                0x0000000008004744      0x1d4 ./Drivers/STM32F1xx_HAL_Driver/Src/stm32f1xx_hal_rcc.o
                0x0000000008004744                HAL_RCC_ClockConfig
 .text.HAL_RCC_GetSysClockFreq
                0x0000000008004918       0xbc ./Drivers/STM32F1xx_HAL_Driver/Src/stm32f1xx_hal_rcc.o
                0x0000000008004918                HAL_RCC_GetSysClockFreq
 .text.HAL_RCC_GetHCLKFreq
                0x00000000080049d4       0x14 ./Drivers/STM32F1xx_HAL_Driver/Src/stm32f1xx_hal_rcc.o
                0x00000000080049d4                HAL_RCC_GetHCLKFreq
 .text.HAL_RCC_GetPCLK1Freq
                0x00000000080049e8       0x28 ./Drivers/STM32F1xx_HAL_Driver/Src/stm32f1xx_hal_rcc.o
                0x00000000080049e8                HAL_RCC_GetPCLK1Freq
 .text.HAL_RCC_GetPCLK2Freq
                0x0000000008004a10       0x28 ./Drivers/STM32F1xx_HAL_Driver/Src/stm32f1xx_hal_rcc.o
                0x0000000008004a10                HAL_RCC_GetPCLK2Freq
 .text.RCC_Delay
                0x0000000008004a38       0x3c ./Drivers/STM32F1xx_HAL_Driver/Src/stm32f1xx_hal_rcc.o
 .text.HAL_RCCEx_PeriphCLKConfig
                0x0000000008004a74      0x16c ./Drivers/STM32F1xx_HAL_Driver/Src/stm32f1xx_hal_rcc_ex.o
                0x0000000008004a74                HAL_RCCEx_PeriphCLKConfig
 .text.HAL_TIM_Base_Init
                0x0000000008004be0       0x9e ./Drivers/STM32F1xx_HAL_Driver/Src/stm32f1xx_hal_tim.o
                0x0000000008004be0                HAL_TIM_Base_Init
 .text.HAL_TIM_PWM_Init
                0x0000000008004c7e       0x9e ./Drivers/STM32F1xx_HAL_Driver/Src/stm32f1xx_hal_tim.o
                0x0000000008004c7e                HAL_TIM_PWM_Init
 .text.HAL_TIM_PWM_Start_DMA
                0x0000000008004d1c      0x334 ./Drivers/STM32F1xx_HAL_Driver/Src/stm32f1xx_hal_tim.o
                0x0000000008004d1c                HAL_TIM_PWM_Start_DMA
 .text.HAL_TIM_PWM_Stop_DMA
                0x0000000008005050      0x17c ./Drivers/STM32F1xx_HAL_Driver/Src/stm32f1xx_hal_tim.o
                0x0000000008005050                HAL_TIM_PWM_Stop_DMA
 .text.HAL_TIM_PWM_ConfigChannel
                0x00000000080051cc      0x17c ./Drivers/STM32F1xx_HAL_Driver/Src/stm32f1xx_hal_tim.o
                0x00000000080051cc                HAL_TIM_PWM_ConfigChannel
 .text.HAL_TIM_ConfigClockSource
                0x0000000008005348      0x188 ./Drivers/STM32F1xx_HAL_Driver/Src/stm32f1xx_hal_tim.o
                0x0000000008005348                HAL_TIM_ConfigClockSource
 .text.HAL_TIM_PWM_PulseFinishedCallback
                0x00000000080054d0       0x12 ./Drivers/STM32F1xx_HAL_Driver/Src/stm32f1xx_hal_tim.o
                0x00000000080054d0                HAL_TIM_PWM_PulseFinishedCallback
 .text.HAL_TIM_PWM_PulseFinishedHalfCpltCallback
                0x00000000080054e2       0x12 ./Drivers/STM32F1xx_HAL_Driver/Src/stm32f1xx_hal_tim.o
                0x00000000080054e2                HAL_TIM_PWM_PulseFinishedHalfCpltCallback
 .text.HAL_TIM_ErrorCallback
                0x00000000080054f4       0x12 ./Drivers/STM32F1xx_HAL_Driver/Src/stm32f1xx_hal_tim.o
                0x00000000080054f4                HAL_TIM_ErrorCallback
 .text.TIM_DMAError
                0x0000000008005506       0x92 ./Drivers/STM32F1xx_HAL_Driver/Src/stm32f1xx_hal_tim.o
                0x0000000008005506                TIM_DMAError
 .text.TIM_DMADelayPulseCplt
                0x0000000008005598       0xa8 ./Drivers/STM32F1xx_HAL_Driver/Src/stm32f1xx_hal_tim.o
 .text.TIM_DMADelayPulseHalfCplt
                0x0000000008005640       0x68 ./Drivers/STM32F1xx_HAL_Driver/Src/stm32f1xx_hal_tim.o
                0x0000000008005640                TIM_DMADelayPulseHalfCplt
 .text.TIM_Base_SetConfig
                0x00000000080056a8       0xc4 ./Drivers/STM32F1xx_HAL_Driver/Src/stm32f1xx_hal_tim.o
                0x00000000080056a8                TIM_Base_SetConfig
 .text.TIM_OC1_SetConfig
                0x000000000800576c       0xcc ./Drivers/STM32F1xx_HAL_Driver/Src/stm32f1xx_hal_tim.o
 .text.TIM_OC2_SetConfig
                0x0000000008005838       0xd4 ./Drivers/STM32F1xx_HAL_Driver/Src/stm32f1xx_hal_tim.o
                0x0000000008005838                TIM_OC2_SetConfig
 .text.TIM_OC3_SetConfig
                0x000000000800590c       0xd4 ./Drivers/STM32F1xx_HAL_Driver/Src/stm32f1xx_hal_tim.o
 .text.TIM_OC4_SetConfig
                0x00000000080059e0       0x9c ./Drivers/STM32F1xx_HAL_Driver/Src/stm32f1xx_hal_tim.o
 .text.TIM_TI1_ConfigInputStage
                0x0000000008005a7c       0x5c ./Drivers/STM32F1xx_HAL_Driver/Src/stm32f1xx_hal_tim.o
 .text.TIM_TI2_ConfigInputStage
                0x0000000008005ad8       0x5e ./Drivers/STM32F1xx_HAL_Driver/Src/stm32f1xx_hal_tim.o
 .text.TIM_ITRx_SetConfig
                0x0000000008005b36       0x34 ./Drivers/STM32F1xx_HAL_Driver/Src/stm32f1xx_hal_tim.o
 .text.TIM_ETR_SetConfig
                0x0000000008005b6a       0x3e ./Drivers/STM32F1xx_HAL_Driver/Src/stm32f1xx_hal_tim.o
                0x0000000008005b6a                TIM_ETR_SetConfig
 .text.TIM_CCxChannelCmd
                0x0000000008005ba8       0x48 ./Drivers/STM32F1xx_HAL_Driver/Src/stm32f1xx_hal_tim.o
                0x0000000008005ba8                TIM_CCxChannelCmd
 .text.HAL_TIMEx_MasterConfigSynchronization
                0x0000000008005bf0       0xbc ./Drivers/STM32F1xx_HAL_Driver/Src/stm32f1xx_hal_tim_ex.o
                0x0000000008005bf0                HAL_TIMEx_MasterConfigSynchronization
 .text.HAL_TIMEx_ConfigBreakDeadTime
                0x0000000008005cac       0xa2 ./Drivers/STM32F1xx_HAL_Driver/Src/stm32f1xx_hal_tim_ex.o
                0x0000000008005cac                HAL_TIMEx_ConfigBreakDeadTime
 .text.HAL_UART_Init
                0x0000000008005d4e       0x9a ./Drivers/STM32F1xx_HAL_Driver/Src/stm32f1xx_hal_uart.o
                0x0000000008005d4e                HAL_UART_Init
 .text.HAL_UART_Transmit
                0x0000000008005de8      0x124 ./Drivers/STM32F1xx_HAL_Driver/Src/stm32f1xx_hal_uart.o
                0x0000000008005de8                HAL_UART_Transmit
 .text.HAL_UARTEx_ReceiveToIdle
                0x0000000008005f0c      0x1ba ./Drivers/STM32F1xx_HAL_Driver/Src/stm32f1xx_hal_uart.o
                0x0000000008005f0c                HAL_UARTEx_ReceiveToIdle
 .text.HAL_UARTEx_ReceiveToIdle_IT
                0x00000000080060c6       0x9e ./Drivers/STM32F1xx_HAL_Driver/Src/stm32f1xx_hal_uart.o
                0x00000000080060c6                HAL_UARTEx_ReceiveToIdle_IT
 .text.HAL_UART_IRQHandler
                0x0000000008006164      0x354 ./Drivers/STM32F1xx_HAL_Driver/Src/stm32f1xx_hal_uart.o
                0x0000000008006164                HAL_UART_IRQHandler
 .text.HAL_UART_TxCpltCallback
                0x00000000080064b8       0x12 ./Drivers/STM32F1xx_HAL_Driver/Src/stm32f1xx_hal_uart.o
                0x00000000080064b8                HAL_UART_TxCpltCallback
 .text.HAL_UART_RxCpltCallback
                0x00000000080064ca       0x12 ./Drivers/STM32F1xx_HAL_Driver/Src/stm32f1xx_hal_uart.o
                0x00000000080064ca                HAL_UART_RxCpltCallback
 .text.HAL_UART_ErrorCallback
                0x00000000080064dc       0x12 ./Drivers/STM32F1xx_HAL_Driver/Src/stm32f1xx_hal_uart.o
                0x00000000080064dc                HAL_UART_ErrorCallback
 .text.UART_WaitOnFlagUntilTimeout
                0x00000000080064ee       0x94 ./Drivers/STM32F1xx_HAL_Driver/Src/stm32f1xx_hal_uart.o
 .text.UART_Start_Receive_IT
                0x0000000008006582       0x72 ./Drivers/STM32F1xx_HAL_Driver/Src/stm32f1xx_hal_uart.o
                0x0000000008006582                UART_Start_Receive_IT
 .text.UART_EndRxTransfer
                0x00000000080065f4       0x58 ./Drivers/STM32F1xx_HAL_Driver/Src/stm32f1xx_hal_uart.o
 .text.UART_DMAAbortOnError
                0x000000000800664c       0x28 ./Drivers/STM32F1xx_HAL_Driver/Src/stm32f1xx_hal_uart.o
 .text.UART_Transmit_IT
                0x0000000008006674       0x9e ./Drivers/STM32F1xx_HAL_Driver/Src/stm32f1xx_hal_uart.o
 .text.UART_EndTransmit_IT
                0x0000000008006712       0x30 ./Drivers/STM32F1xx_HAL_Driver/Src/stm32f1xx_hal_uart.o
 .text.UART_Receive_IT
                0x0000000008006742      0x152 ./Drivers/STM32F1xx_HAL_Driver/Src/stm32f1xx_hal_uart.o
 .text.UART_SetConfig
                0x0000000008006894      0x11c ./Drivers/STM32F1xx_HAL_Driver/Src/stm32f1xx_hal_uart.o
 .text.atoi     0x00000000080069b0        0x8 D:/IDE/STM32CubeIDE_1.14.0/STM32CubeIDE/plugins/com.st.stm32cube.ide.mcu.externaltools.gnu-tools-for-stm32.11.3.rel1.win32_1.1.100.202309141235/tools/bin/../lib/gcc/arm-none-eabi/11.3.1/../../../../arm-none-eabi/lib/thumb/v7-m/nofp\libc_nano.a(libc_a-atoi.o)
                0x00000000080069b0                atoi
 .text.calloc   0x00000000080069b8       0x10 D:/IDE/STM32CubeIDE_1.14.0/STM32CubeIDE/plugins/com.st.stm32cube.ide.mcu.externaltools.gnu-tools-for-stm32.11.3.rel1.win32_1.1.100.202309141235/tools/bin/../lib/gcc/arm-none-eabi/11.3.1/../../../../arm-none-eabi/lib/thumb/v7-m/nofp\libc_nano.a(libc_a-calloc.o)
                0x00000000080069b8                calloc
 .text._calloc_r
                0x00000000080069c8       0x28 D:/IDE/STM32CubeIDE_1.14.0/STM32CubeIDE/plugins/com.st.stm32cube.ide.mcu.externaltools.gnu-tools-for-stm32.11.3.rel1.win32_1.1.100.202309141235/tools/bin/../lib/gcc/arm-none-eabi/11.3.1/../../../../arm-none-eabi/lib/thumb/v7-m/nofp\libc_nano.a(libc_a-callocr.o)
                0x00000000080069c8                _calloc_r
 .text.sbrk_aligned
                0x00000000080069f0       0x40 D:/IDE/STM32CubeIDE_1.14.0/STM32CubeIDE/plugins/com.st.stm32cube.ide.mcu.externaltools.gnu-tools-for-stm32.11.3.rel1.win32_1.1.100.202309141235/tools/bin/../lib/gcc/arm-none-eabi/11.3.1/../../../../arm-none-eabi/lib/thumb/v7-m/nofp\libc_nano.a(libc_a-mallocr.o)
 .text._malloc_r
                0x0000000008006a30      0x100 D:/IDE/STM32CubeIDE_1.14.0/STM32CubeIDE/plugins/com.st.stm32cube.ide.mcu.externaltools.gnu-tools-for-stm32.11.3.rel1.win32_1.1.100.202309141235/tools/bin/../lib/gcc/arm-none-eabi/11.3.1/../../../../arm-none-eabi/lib/thumb/v7-m/nofp\libc_nano.a(libc_a-mallocr.o)
                0x0000000008006a30                _malloc_r
 .text.__malloc_lock
                0x0000000008006b30        0xc D:/IDE/STM32CubeIDE_1.14.0/STM32CubeIDE/plugins/com.st.stm32cube.ide.mcu.externaltools.gnu-tools-for-stm32.11.3.rel1.win32_1.1.100.202309141235/tools/bin/../lib/gcc/arm-none-eabi/11.3.1/../../../../arm-none-eabi/lib/thumb/v7-m/nofp\libc_nano.a(libc_a-mlock.o)
                0x0000000008006b30                __malloc_lock
 .text.__malloc_unlock
                0x0000000008006b3c        0xc D:/IDE/STM32CubeIDE_1.14.0/STM32CubeIDE/plugins/com.st.stm32cube.ide.mcu.externaltools.gnu-tools-for-stm32.11.3.rel1.win32_1.1.100.202309141235/tools/bin/../lib/gcc/arm-none-eabi/11.3.1/../../../../arm-none-eabi/lib/thumb/v7-m/nofp\libc_nano.a(libc_a-mlock.o)
                0x0000000008006b3c                __malloc_unlock
 .text._strtol_l.constprop.0
                0x0000000008006b48       0xfc D:/IDE/STM32CubeIDE_1.14.0/STM32CubeIDE/plugins/com.st.stm32cube.ide.mcu.externaltools.gnu-tools-for-stm32.11.3.rel1.win32_1.1.100.202309141235/tools/bin/../lib/gcc/arm-none-eabi/11.3.1/../../../../arm-none-eabi/lib/thumb/v7-m/nofp\libc_nano.a(libc_a-strtol.o)
 .text.strtol   0x0000000008006c44       0x14 D:/IDE/STM32CubeIDE_1.14.0/STM32CubeIDE/plugins/com.st.stm32cube.ide.mcu.externaltools.gnu-tools-for-stm32.11.3.rel1.win32_1.1.100.202309141235/tools/bin/../lib/gcc/arm-none-eabi/11.3.1/../../../../arm-none-eabi/lib/thumb/v7-m/nofp\libc_nano.a(libc_a-strtol.o)
                0x0000000008006c44                strtol
 .text.sprintf  0x0000000008006c58       0x40 D:/IDE/STM32CubeIDE_1.14.0/STM32CubeIDE/plugins/com.st.stm32cube.ide.mcu.externaltools.gnu-tools-for-stm32.11.3.rel1.win32_1.1.100.202309141235/tools/bin/../lib/gcc/arm-none-eabi/11.3.1/../../../../arm-none-eabi/lib/thumb/v7-m/nofp\libc_nano.a(libc_a-sprintf.o)
                0x0000000008006c58                siprintf
                0x0000000008006c58                sprintf
 .text.memset   0x0000000008006c98       0x10 D:/IDE/STM32CubeIDE_1.14.0/STM32CubeIDE/plugins/com.st.stm32cube.ide.mcu.externaltools.gnu-tools-for-stm32.11.3.rel1.win32_1.1.100.202309141235/tools/bin/../lib/gcc/arm-none-eabi/11.3.1/../../../../arm-none-eabi/lib/thumb/v7-m/nofp\libc_nano.a(libc_a-memset.o)
                0x0000000008006c98                memset
 .text.strchr   0x0000000008006ca8       0x1a D:/IDE/STM32CubeIDE_1.14.0/STM32CubeIDE/plugins/com.st.stm32cube.ide.mcu.externaltools.gnu-tools-for-stm32.11.3.rel1.win32_1.1.100.202309141235/tools/bin/../lib/gcc/arm-none-eabi/11.3.1/../../../../arm-none-eabi/lib/thumb/v7-m/nofp\libc_nano.a(libc_a-strchr.o)
                0x0000000008006ca8                strchr
 .text.strstr   0x0000000008006cc2       0x2c D:/IDE/STM32CubeIDE_1.14.0/STM32CubeIDE/plugins/com.st.stm32cube.ide.mcu.externaltools.gnu-tools-for-stm32.11.3.rel1.win32_1.1.100.202309141235/tools/bin/../lib/gcc/arm-none-eabi/11.3.1/../../../../arm-none-eabi/lib/thumb/v7-m/nofp\libc_nano.a(libc_a-strstr.o)
                0x0000000008006cc2                strstr
 *fill*         0x0000000008006cee        0x2 
 .text._sbrk_r  0x0000000008006cf0       0x20 D:/IDE/STM32CubeIDE_1.14.0/STM32CubeIDE/plugins/com.st.stm32cube.ide.mcu.externaltools.gnu-tools-for-stm32.11.3.rel1.win32_1.1.100.202309141235/tools/bin/../lib/gcc/arm-none-eabi/11.3.1/../../../../arm-none-eabi/lib/thumb/v7-m/nofp\libc_nano.a(libc_a-sbrkr.o)
                0x0000000008006cf0                _sbrk_r
 .text.__errno  0x0000000008006d10        0xc D:/IDE/STM32CubeIDE_1.14.0/STM32CubeIDE/plugins/com.st.stm32cube.ide.mcu.externaltools.gnu-tools-for-stm32.11.3.rel1.win32_1.1.100.202309141235/tools/bin/../lib/gcc/arm-none-eabi/11.3.1/../../../../arm-none-eabi/lib/thumb/v7-m/nofp\libc_nano.a(libc_a-errno.o)
                0x0000000008006d10                __errno
 .text.__libc_init_array
                0x0000000008006d1c       0x48 D:/IDE/STM32CubeIDE_1.14.0/STM32CubeIDE/plugins/com.st.stm32cube.ide.mcu.externaltools.gnu-tools-for-stm32.11.3.rel1.win32_1.1.100.202309141235/tools/bin/../lib/gcc/arm-none-eabi/11.3.1/../../../../arm-none-eabi/lib/thumb/v7-m/nofp\libc_nano.a(libc_a-init.o)
                0x0000000008006d1c                __libc_init_array
 .text.__retarget_lock_acquire_recursive
                0x0000000008006d64        0x2 D:/IDE/STM32CubeIDE_1.14.0/STM32CubeIDE/plugins/com.st.stm32cube.ide.mcu.externaltools.gnu-tools-for-stm32.11.3.rel1.win32_1.1.100.202309141235/tools/bin/../lib/gcc/arm-none-eabi/11.3.1/../../../../arm-none-eabi/lib/thumb/v7-m/nofp\libc_nano.a(libc_a-lock.o)
                0x0000000008006d64                __retarget_lock_acquire_recursive
 .text.__retarget_lock_release_recursive
                0x0000000008006d66        0x2 D:/IDE/STM32CubeIDE_1.14.0/STM32CubeIDE/plugins/com.st.stm32cube.ide.mcu.externaltools.gnu-tools-for-stm32.11.3.rel1.win32_1.1.100.202309141235/tools/bin/../lib/gcc/arm-none-eabi/11.3.1/../../../../arm-none-eabi/lib/thumb/v7-m/nofp\libc_nano.a(libc_a-lock.o)
                0x0000000008006d66                __retarget_lock_release_recursive
 .text.memcpy   0x0000000008006d68       0x1c D:/IDE/STM32CubeIDE_1.14.0/STM32CubeIDE/plugins/com.st.stm32cube.ide.mcu.externaltools.gnu-tools-for-stm32.11.3.rel1.win32_1.1.100.202309141235/tools/bin/../lib/gcc/arm-none-eabi/11.3.1/../../../../arm-none-eabi/lib/thumb/v7-m/nofp\libc_nano.a(libc_a-memcpy-stub.o)
                0x0000000008006d68                memcpy
 .text._free_r  0x0000000008006d84       0x90 D:/IDE/STM32CubeIDE_1.14.0/STM32CubeIDE/plugins/com.st.stm32cube.ide.mcu.externaltools.gnu-tools-for-stm32.11.3.rel1.win32_1.1.100.202309141235/tools/bin/../lib/gcc/arm-none-eabi/11.3.1/../../../../arm-none-eabi/lib/thumb/v7-m/nofp\libc_nano.a(libc_a-freer.o)
                0x0000000008006d84                _free_r
 .text.__ssputs_r
                0x0000000008006e14       0xb4 D:/IDE/STM32CubeIDE_1.14.0/STM32CubeIDE/plugins/com.st.stm32cube.ide.mcu.externaltools.gnu-tools-for-stm32.11.3.rel1.win32_1.1.100.202309141235/tools/bin/../lib/gcc/arm-none-eabi/11.3.1/../../../../arm-none-eabi/lib/thumb/v7-m/nofp\libc_nano.a(libc_a-nano-svfprintf.o)
                0x0000000008006e14                __ssputs_r
 .text._svfprintf_r
                0x0000000008006ec8      0x1fc D:/IDE/STM32CubeIDE_1.14.0/STM32CubeIDE/plugins/com.st.stm32cube.ide.mcu.externaltools.gnu-tools-for-stm32.11.3.rel1.win32_1.1.100.202309141235/tools/bin/../lib/gcc/arm-none-eabi/11.3.1/../../../../arm-none-eabi/lib/thumb/v7-m/nofp\libc_nano.a(libc_a-nano-svfprintf.o)
                0x0000000008006ec8                _svfiprintf_r
                0x0000000008006ec8                _svfprintf_r
 .text._printf_common
                0x00000000080070c4       0xe4 D:/IDE/STM32CubeIDE_1.14.0/STM32CubeIDE/plugins/com.st.stm32cube.ide.mcu.externaltools.gnu-tools-for-stm32.11.3.rel1.win32_1.1.100.202309141235/tools/bin/../lib/gcc/arm-none-eabi/11.3.1/../../../../arm-none-eabi/lib/thumb/v7-m/nofp\libc_nano.a(libc_a-nano-vfprintf_i.o)
                0x00000000080070c4                _printf_common
 .text._printf_i
                0x00000000080071a8      0x244 D:/IDE/STM32CubeIDE_1.14.0/STM32CubeIDE/plugins/com.st.stm32cube.ide.mcu.externaltools.gnu-tools-for-stm32.11.3.rel1.win32_1.1.100.202309141235/tools/bin/../lib/gcc/arm-none-eabi/11.3.1/../../../../arm-none-eabi/lib/thumb/v7-m/nofp\libc_nano.a(libc_a-nano-vfprintf_i.o)
                0x00000000080071a8                _printf_i
 .text.memmove  0x00000000080073ec       0x34 D:/IDE/STM32CubeIDE_1.14.0/STM32CubeIDE/plugins/com.st.stm32cube.ide.mcu.externaltools.gnu-tools-for-stm32.11.3.rel1.win32_1.1.100.202309141235/tools/bin/../lib/gcc/arm-none-eabi/11.3.1/../../../../arm-none-eabi/lib/thumb/v7-m/nofp\libc_nano.a(libc_a-memmove.o)
                0x00000000080073ec                memmove
 .text.memchr   0x0000000008007420       0x1c D:/IDE/STM32CubeIDE_1.14.0/STM32CubeIDE/plugins/com.st.stm32cube.ide.mcu.externaltools.gnu-tools-for-stm32.11.3.rel1.win32_1.1.100.202309141235/tools/bin/../lib/gcc/arm-none-eabi/11.3.1/../../../../arm-none-eabi/lib/thumb/v7-m/nofp\libc_nano.a(libc_a-memchr-stub.o)
                0x0000000008007420                memchr
 .text._realloc_r
                0x000000000800743c       0x5e D:/IDE/STM32CubeIDE_1.14.0/STM32CubeIDE/plugins/com.st.stm32cube.ide.mcu.externaltools.gnu-tools-for-stm32.11.3.rel1.win32_1.1.100.202309141235/tools/bin/../lib/gcc/arm-none-eabi/11.3.1/../../../../arm-none-eabi/lib/thumb/v7-m/nofp\libc_nano.a(libc_a-reallocr.o)
                0x000000000800743c                _realloc_r
 .text._malloc_usable_size_r
                0x000000000800749a       0x10 D:/IDE/STM32CubeIDE_1.14.0/STM32CubeIDE/plugins/com.st.stm32cube.ide.mcu.externaltools.gnu-tools-for-stm32.11.3.rel1.win32_1.1.100.202309141235/tools/bin/../lib/gcc/arm-none-eabi/11.3.1/../../../../arm-none-eabi/lib/thumb/v7-m/nofp\libc_nano.a(libc_a-msizer.o)
                0x000000000800749a                _malloc_usable_size_r
 *(.glue_7)
 .glue_7        0x00000000080074aa        0x0 linker stubs
 *(.glue_7t)
 .glue_7t       0x00000000080074aa        0x0 linker stubs
 *(.eh_frame)
 *fill*         0x00000000080074aa        0x2 
 .eh_frame      0x00000000080074ac        0x0 D:/IDE/STM32CubeIDE_1.14.0/STM32CubeIDE/plugins/com.st.stm32cube.ide.mcu.externaltools.gnu-tools-for-stm32.11.3.rel1.win32_1.1.100.202309141235/tools/bin/../lib/gcc/arm-none-eabi/11.3.1/thumb/v7-m/nofp/crtbegin.o
 *(.init)
 .init          0x00000000080074ac        0x4 D:/IDE/STM32CubeIDE_1.14.0/STM32CubeIDE/plugins/com.st.stm32cube.ide.mcu.externaltools.gnu-tools-for-stm32.11.3.rel1.win32_1.1.100.202309141235/tools/bin/../lib/gcc/arm-none-eabi/11.3.1/thumb/v7-m/nofp/crti.o
                0x00000000080074ac                _init
 .init          0x00000000080074b0        0x8 D:/IDE/STM32CubeIDE_1.14.0/STM32CubeIDE/plugins/com.st.stm32cube.ide.mcu.externaltools.gnu-tools-for-stm32.11.3.rel1.win32_1.1.100.202309141235/tools/bin/../lib/gcc/arm-none-eabi/11.3.1/thumb/v7-m/nofp/crtn.o
 *(.fini)
 .fini          0x00000000080074b8        0x4 D:/IDE/STM32CubeIDE_1.14.0/STM32CubeIDE/plugins/com.st.stm32cube.ide.mcu.externaltools.gnu-tools-for-stm32.11.3.rel1.win32_1.1.100.202309141235/tools/bin/../lib/gcc/arm-none-eabi/11.3.1/thumb/v7-m/nofp/crti.o
                0x00000000080074b8                _fini
 .fini          0x00000000080074bc        0x8 D:/IDE/STM32CubeIDE_1.14.0/STM32CubeIDE/plugins/com.st.stm32cube.ide.mcu.externaltools.gnu-tools-for-stm32.11.3.rel1.win32_1.1.100.202309141235/tools/bin/../lib/gcc/arm-none-eabi/11.3.1/thumb/v7-m/nofp/crtn.o
                0x00000000080074c4                . = ALIGN (0x4)
                0x00000000080074c4                _etext = .

.vfp11_veneer   0x00000000080074c4        0x0
 .vfp11_veneer  0x00000000080074c4        0x0 linker stubs

.v4_bx          0x00000000080074c4        0x0
 .v4_bx         0x00000000080074c4        0x0 linker stubs

.iplt           0x00000000080074c4        0x0
 .iplt          0x00000000080074c4        0x0 D:/IDE/STM32CubeIDE_1.14.0/STM32CubeIDE/plugins/com.st.stm32cube.ide.mcu.externaltools.gnu-tools-for-stm32.11.3.rel1.win32_1.1.100.202309141235/tools/bin/../lib/gcc/arm-none-eabi/11.3.1/thumb/v7-m/nofp/crtbegin.o

.rodata         0x00000000080074c4      0x2a8
                0x00000000080074c4                . = ALIGN (0x4)
 *(.rodata)
 .rodata        0x00000000080074c4      0x101 ./Core/Src/ESP_AT.o
 *fill*         0x00000000080075c5        0x3 
 .rodata        0x00000000080075c8       0x46 ./Core/Src/main.o
 *fill*         0x000000000800760e        0x2 
 .rodata        0x0000000008007610       0x10 ./Drivers/STM32F1xx_HAL_Driver/Src/stm32f1xx_hal_rcc.o
 *(.rodata*)
 .rodata.AHBPrescTable
                0x0000000008007620       0x10 ./Core/Src/system_stm32f1xx.o
                0x0000000008007620                AHBPrescTable
 .rodata.APBPrescTable
                0x0000000008007630        0x8 ./Core/Src/system_stm32f1xx.o
                0x0000000008007630                APBPrescTable
 .rodata._ctype_
                0x0000000008007638      0x101 D:/IDE/STM32CubeIDE_1.14.0/STM32CubeIDE/plugins/com.st.stm32cube.ide.mcu.externaltools.gnu-tools-for-stm32.11.3.rel1.win32_1.1.100.202309141235/tools/bin/../lib/gcc/arm-none-eabi/11.3.1/../../../../arm-none-eabi/lib/thumb/v7-m/nofp\libc_nano.a(libc_a-ctype_.o)
                0x0000000008007638                _ctype_
 .rodata._svfprintf_r.str1.1
                0x0000000008007739       0x11 D:/IDE/STM32CubeIDE_1.14.0/STM32CubeIDE/plugins/com.st.stm32cube.ide.mcu.externaltools.gnu-tools-for-stm32.11.3.rel1.win32_1.1.100.202309141235/tools/bin/../lib/gcc/arm-none-eabi/11.3.1/../../../../arm-none-eabi/lib/thumb/v7-m/nofp\libc_nano.a(libc_a-nano-svfprintf.o)
 .rodata._printf_i.str1.1
                0x000000000800774a       0x22 D:/IDE/STM32CubeIDE_1.14.0/STM32CubeIDE/plugins/com.st.stm32cube.ide.mcu.externaltools.gnu-tools-for-stm32.11.3.rel1.win32_1.1.100.202309141235/tools/bin/../lib/gcc/arm-none-eabi/11.3.1/../../../../arm-none-eabi/lib/thumb/v7-m/nofp\libc_nano.a(libc_a-nano-vfprintf_i.o)
                0x000000000800776c                . = ALIGN (0x4)

.rel.dyn        0x000000000800776c        0x0
 .rel.iplt      0x000000000800776c        0x0 D:/IDE/STM32CubeIDE_1.14.0/STM32CubeIDE/plugins/com.st.stm32cube.ide.mcu.externaltools.gnu-tools-for-stm32.11.3.rel1.win32_1.1.100.202309141235/tools/bin/../lib/gcc/arm-none-eabi/11.3.1/thumb/v7-m/nofp/crtbegin.o

.ARM.extab      0x000000000800776c        0x0
                0x000000000800776c                . = ALIGN (0x4)
 *(.ARM.extab* .gnu.linkonce.armextab.*)
                0x000000000800776c                . = ALIGN (0x4)

.ARM            0x000000000800776c        0x0
                0x000000000800776c                . = ALIGN (0x4)
                0x000000000800776c                __exidx_start = .
 *(.ARM.exidx*)
                0x000000000800776c                __exidx_end = .
                0x000000000800776c                . = ALIGN (0x4)

.preinit_array  0x000000000800776c        0x0
                0x000000000800776c                . = ALIGN (0x4)
                0x000000000800776c                PROVIDE (__preinit_array_start = .)
 *(.preinit_array*)
                0x000000000800776c                PROVIDE (__preinit_array_end = .)
                0x000000000800776c                . = ALIGN (0x4)

.init_array     0x000000000800776c        0x4
                0x000000000800776c                . = ALIGN (0x4)
                0x000000000800776c                PROVIDE (__init_array_start = .)
 *(SORT_BY_NAME(.init_array.*))
 *(.init_array*)
 .init_array    0x000000000800776c        0x4 D:/IDE/STM32CubeIDE_1.14.0/STM32CubeIDE/plugins/com.st.stm32cube.ide.mcu.externaltools.gnu-tools-for-stm32.11.3.rel1.win32_1.1.100.202309141235/tools/bin/../lib/gcc/arm-none-eabi/11.3.1/thumb/v7-m/nofp/crtbegin.o
                0x0000000008007770                PROVIDE (__init_array_end = .)
                0x0000000008007770                . = ALIGN (0x4)

.fini_array     0x0000000008007770        0x4
                0x0000000008007770                . = ALIGN (0x4)
                [!provide]                        PROVIDE (__fini_array_start = .)
 *(SORT_BY_NAME(.fini_array.*))
 *(.fini_array*)
 .fini_array    0x0000000008007770        0x4 D:/IDE/STM32CubeIDE_1.14.0/STM32CubeIDE/plugins/com.st.stm32cube.ide.mcu.externaltools.gnu-tools-for-stm32.11.3.rel1.win32_1.1.100.202309141235/tools/bin/../lib/gcc/arm-none-eabi/11.3.1/thumb/v7-m/nofp/crtbegin.o
                [!provide]                        PROVIDE (__fini_array_end = .)
                0x0000000008007774                . = ALIGN (0x4)
                0x0000000008007774                _sidata = LOADADDR (.data)

.data           0x0000000020000000       0x5c load address 0x0000000008007774
                0x0000000020000000                . = ALIGN (0x4)
                0x0000000020000000                _sdata = .
 *(.data)
 *(.data*)
 .data.SystemCoreClock
                0x0000000020000000        0x4 ./Core/Src/system_stm32f1xx.o
                0x0000000020000000                SystemCoreClock
 .data.uwTickPrio
                0x0000000020000004        0x4 ./Drivers/STM32F1xx_HAL_Driver/Src/stm32f1xx_hal.o
                0x0000000020000004                uwTickPrio
 .data.uwTickFreq
                0x0000000020000008        0x1 ./Drivers/STM32F1xx_HAL_Driver/Src/stm32f1xx_hal.o
                0x0000000020000008                uwTickFreq
 *fill*         0x0000000020000009        0x3 
 .data._impure_data
                0x000000002000000c       0x4c D:/IDE/STM32CubeIDE_1.14.0/STM32CubeIDE/plugins/com.st.stm32cube.ide.mcu.externaltools.gnu-tools-for-stm32.11.3.rel1.win32_1.1.100.202309141235/tools/bin/../lib/gcc/arm-none-eabi/11.3.1/../../../../arm-none-eabi/lib/thumb/v7-m/nofp\libc_nano.a(libc_a-impure.o)
                0x000000002000000c                _impure_data
 .data._impure_ptr
                0x0000000020000058        0x4 D:/IDE/STM32CubeIDE_1.14.0/STM32CubeIDE/plugins/com.st.stm32cube.ide.mcu.externaltools.gnu-tools-for-stm32.11.3.rel1.win32_1.1.100.202309141235/tools/bin/../lib/gcc/arm-none-eabi/11.3.1/../../../../arm-none-eabi/lib/thumb/v7-m/nofp\libc_nano.a(libc_a-impure.o)
                0x0000000020000058                _impure_ptr
 *(.RamFunc)
 *(.RamFunc*)
                0x000000002000005c                . = ALIGN (0x4)
                0x000000002000005c                _edata = .

.igot.plt       0x000000002000005c        0x0 load address 0x00000000080077d0
 .igot.plt      0x000000002000005c        0x0 D:/IDE/STM32CubeIDE_1.14.0/STM32CubeIDE/plugins/com.st.stm32cube.ide.mcu.externaltools.gnu-tools-for-stm32.11.3.rel1.win32_1.1.100.202309141235/tools/bin/../lib/gcc/arm-none-eabi/11.3.1/thumb/v7-m/nofp/crtbegin.o
                0x000000002000005c                . = ALIGN (0x4)

.bss            0x0000000020000060      0x600 load address 0x00000000080077d0
                0x0000000020000060                _sbss = .
                0x0000000020000060                __bss_start__ = _sbss
 *(.bss)
 .bss           0x0000000020000060       0x1c D:/IDE/STM32CubeIDE_1.14.0/STM32CubeIDE/plugins/com.st.stm32cube.ide.mcu.externaltools.gnu-tools-for-stm32.11.3.rel1.win32_1.1.100.202309141235/tools/bin/../lib/gcc/arm-none-eabi/11.3.1/thumb/v7-m/nofp/crtbegin.o
 *(.bss*)
 .bss.m_uart    0x000000002000007c        0x4 ./Core/Src/ESP_AT.o
                0x000000002000007c                m_uart
 .bss.rxBuffer  0x0000000020000080      0x100 ./Core/Src/ESP_AT.o
                0x0000000020000080                rxBuffer
 .bss.txBuffer  0x0000000020000180      0x100 ./Core/Src/ESP_AT.o
                0x0000000020000180                txBuffer
 .bss.BUFFSIZE  0x0000000020000280        0x2 ./Core/Src/FlashPROM.o
                0x0000000020000280                BUFFSIZE
 *fill*         0x0000000020000282        0x2 
 .bss.EraseInitStruct.0
                0x0000000020000284       0x10 ./Core/Src/FlashPROM.o
 .bss.T         0x0000000020000294        0x4 ./Core/Src/WS2812B.o
                0x0000000020000294                T
 .bss.prevEffect
                0x0000000020000298        0x1 ./Core/Src/WS2812B_Effects.o
                0x0000000020000298                prevEffect
 .bss.curEffect
                0x0000000020000299        0x1 ./Core/Src/WS2812B_Effects.o
                0x0000000020000299                curEffect
 .bss.prevNumleds
                0x000000002000029a        0x2 ./Core/Src/WS2812B_Effects.o
                0x000000002000029a                prevNumleds
 .bss.curNumleds
                0x000000002000029c        0x2 ./Core/Src/WS2812B_Effects.o
                0x000000002000029c                curNumleds
 *fill*         0x000000002000029e        0x2 
 .bss.loop.3    0x00000000200002a0        0xc ./Core/Src/WS2812B_Effects.o
 .bss.fade.2    0x00000000200002ac        0xc ./Core/Src/WS2812B_Effects.o
 .bss.fade_red.1
                0x00000000200002b8        0xc ./Core/Src/WS2812B_Effects.o
 .bss.fade_blue.0
                0x00000000200002c4        0xc ./Core/Src/WS2812B_Effects.o
 .bss.autosaveTimer
                0x00000000200002d0        0x4 ./Core/Src/main.o
                0x00000000200002d0                autosaveTimer
 .bss.hadc1     0x00000000200002d4       0x30 ./Core/Src/main.o
                0x00000000200002d4                hadc1
 .bss.htim1     0x0000000020000304       0x48 ./Core/Src/main.o
                0x0000000020000304                htim1
 .bss.htim3     0x000000002000034c       0x48 ./Core/Src/main.o
                0x000000002000034c                htim3
 .bss.hdma_tim1_ch1
                0x0000000020000394       0x44 ./Core/Src/main.o
                0x0000000020000394                hdma_tim1_ch1
 .bss.huart1    0x00000000200003d8       0x44 ./Core/Src/main.o
                0x00000000200003d8                huart1
 .bss.hdma_usart1_rx
                0x000000002000041c       0x44 ./Core/Src/main.o
                0x000000002000041c                hdma_usart1_rx
 .bss.settings  0x0000000020000460       0x4e ./Core/Src/main.o
                0x0000000020000460                settings
 *fill*         0x00000000200004ae        0x2 
 .bss.myled     0x00000000200004b0       0x18 ./Core/Src/main.o
                0x00000000200004b0                myled
 .bss.rxBuff    0x00000000200004c8       0x21 ./Core/Src/main.o
                0x00000000200004c8                rxBuff
 .bss.dataReceivedFlag
                0x00000000200004e9        0x1 ./Core/Src/main.o
                0x00000000200004e9                dataReceivedFlag
 *fill*         0x00000000200004ea        0x2 
 .bss.__sbrk_heap_end
                0x00000000200004ec        0x4 ./Core/Src/sysmem.o
 .bss.uwTick    0x00000000200004f0        0x4 ./Drivers/STM32F1xx_HAL_Driver/Src/stm32f1xx_hal.o
                0x00000000200004f0                uwTick
 *fill*         0x00000000200004f4        0x4 
 .bss.pFlash    0x00000000200004f8       0x20 ./Drivers/STM32F1xx_HAL_Driver/Src/stm32f1xx_hal_flash.o
                0x00000000200004f8                pFlash
 .bss.__malloc_free_list
                0x0000000020000518        0x4 D:/IDE/STM32CubeIDE_1.14.0/STM32CubeIDE/plugins/com.st.stm32cube.ide.mcu.externaltools.gnu-tools-for-stm32.11.3.rel1.win32_1.1.100.202309141235/tools/bin/../lib/gcc/arm-none-eabi/11.3.1/../../../../arm-none-eabi/lib/thumb/v7-m/nofp\libc_nano.a(libc_a-mallocr.o)
                0x0000000020000518                __malloc_free_list
 .bss.__malloc_sbrk_start
                0x000000002000051c        0x4 D:/IDE/STM32CubeIDE_1.14.0/STM32CubeIDE/plugins/com.st.stm32cube.ide.mcu.externaltools.gnu-tools-for-stm32.11.3.rel1.win32_1.1.100.202309141235/tools/bin/../lib/gcc/arm-none-eabi/11.3.1/../../../../arm-none-eabi/lib/thumb/v7-m/nofp\libc_nano.a(libc_a-mallocr.o)
                0x000000002000051c                __malloc_sbrk_start
 .bss.__sf      0x0000000020000520      0x138 D:/IDE/STM32CubeIDE_1.14.0/STM32CubeIDE/plugins/com.st.stm32cube.ide.mcu.externaltools.gnu-tools-for-stm32.11.3.rel1.win32_1.1.100.202309141235/tools/bin/../lib/gcc/arm-none-eabi/11.3.1/../../../../arm-none-eabi/lib/thumb/v7-m/nofp\libc_nano.a(libc_a-findfp.o)
                0x0000000020000520                __sf
 .bss.errno     0x0000000020000658        0x4 D:/IDE/STM32CubeIDE_1.14.0/STM32CubeIDE/plugins/com.st.stm32cube.ide.mcu.externaltools.gnu-tools-for-stm32.11.3.rel1.win32_1.1.100.202309141235/tools/bin/../lib/gcc/arm-none-eabi/11.3.1/../../../../arm-none-eabi/lib/thumb/v7-m/nofp\libc_nano.a(libc_a-reent.o)
                0x0000000020000658                errno
 .bss.__lock___malloc_recursive_mutex
                0x000000002000065c        0x1 D:/IDE/STM32CubeIDE_1.14.0/STM32CubeIDE/plugins/com.st.stm32cube.ide.mcu.externaltools.gnu-tools-for-stm32.11.3.rel1.win32_1.1.100.202309141235/tools/bin/../lib/gcc/arm-none-eabi/11.3.1/../../../../arm-none-eabi/lib/thumb/v7-m/nofp\libc_nano.a(libc_a-lock.o)
                0x000000002000065c                __lock___malloc_recursive_mutex
 *(COMMON)
                0x0000000020000660                . = ALIGN (0x4)
 *fill*         0x000000002000065d        0x3 
                0x0000000020000660                _ebss = .
                0x0000000020000660                __bss_end__ = _ebss

._user_heap_stack
                0x0000000020000660      0x600 load address 0x00000000080077d0
                0x0000000020000660                . = ALIGN (0x8)
                [!provide]                        PROVIDE (end = .)
                0x0000000020000660                PROVIDE (_end = .)
                0x0000000020000860                . = (. + _Min_Heap_Size)
 *fill*         0x0000000020000660      0x200 
                0x0000000020000c60                . = (. + _Min_Stack_Size)
 *fill*         0x0000000020000860      0x400 
                0x0000000020000c60                . = ALIGN (0x8)

/DISCARD/
 libc.a(*)
 libm.a(*)
 libgcc.a(*)

.ARM.attributes
                0x0000000000000000       0x29
 *(.ARM.attributes)
 .ARM.attributes
                0x0000000000000000       0x1d D:/IDE/STM32CubeIDE_1.14.0/STM32CubeIDE/plugins/com.st.stm32cube.ide.mcu.externaltools.gnu-tools-for-stm32.11.3.rel1.win32_1.1.100.202309141235/tools/bin/../lib/gcc/arm-none-eabi/11.3.1/thumb/v7-m/nofp/crti.o
 .ARM.attributes
                0x000000000000001d       0x2d D:/IDE/STM32CubeIDE_1.14.0/STM32CubeIDE/plugins/com.st.stm32cube.ide.mcu.externaltools.gnu-tools-for-stm32.11.3.rel1.win32_1.1.100.202309141235/tools/bin/../lib/gcc/arm-none-eabi/11.3.1/thumb/v7-m/nofp/crtbegin.o
 .ARM.attributes
                0x000000000000004a       0x2d ./Core/Src/ESP_AT.o
 .ARM.attributes
                0x0000000000000077       0x2d ./Core/Src/FlashPROM.o
 .ARM.attributes
                0x00000000000000a4       0x2d ./Core/Src/WS2812B.o
 .ARM.attributes
                0x00000000000000d1       0x2d ./Core/Src/WS2812B_Effects.o
 .ARM.attributes
                0x00000000000000fe       0x2d ./Core/Src/main.o
 .ARM.attributes
                0x000000000000012b       0x2d ./Core/Src/stm32f1xx_hal_msp.o
 .ARM.attributes
                0x0000000000000158       0x2d ./Core/Src/stm32f1xx_it.o
 .ARM.attributes
                0x0000000000000185       0x2d ./Core/Src/sysmem.o
 .ARM.attributes
                0x00000000000001b2       0x2d ./Core/Src/system_stm32f1xx.o
 .ARM.attributes
                0x00000000000001df       0x21 ./Core/Startup/startup_stm32f103c8tx.o
 .ARM.attributes
                0x0000000000000200       0x2d ./Drivers/STM32F1xx_HAL_Driver/Src/stm32f1xx_hal.o
 .ARM.attributes
                0x000000000000022d       0x2d ./Drivers/STM32F1xx_HAL_Driver/Src/stm32f1xx_hal_adc.o
 .ARM.attributes
                0x000000000000025a       0x2d ./Drivers/STM32F1xx_HAL_Driver/Src/stm32f1xx_hal_adc_ex.o
 .ARM.attributes
                0x0000000000000287       0x2d ./Drivers/STM32F1xx_HAL_Driver/Src/stm32f1xx_hal_cortex.o
 .ARM.attributes
                0x00000000000002b4       0x2d ./Drivers/STM32F1xx_HAL_Driver/Src/stm32f1xx_hal_dma.o
 .ARM.attributes
                0x00000000000002e1       0x2d ./Drivers/STM32F1xx_HAL_Driver/Src/stm32f1xx_hal_flash.o
 .ARM.attributes
                0x000000000000030e       0x2d ./Drivers/STM32F1xx_HAL_Driver/Src/stm32f1xx_hal_flash_ex.o
 .ARM.attributes
                0x000000000000033b       0x2d ./Drivers/STM32F1xx_HAL_Driver/Src/stm32f1xx_hal_gpio.o
 .ARM.attributes
                0x0000000000000368       0x2d ./Drivers/STM32F1xx_HAL_Driver/Src/stm32f1xx_hal_rcc.o
 .ARM.attributes
                0x0000000000000395       0x2d ./Drivers/STM32F1xx_HAL_Driver/Src/stm32f1xx_hal_rcc_ex.o
 .ARM.attributes
                0x00000000000003c2       0x2d ./Drivers/STM32F1xx_HAL_Driver/Src/stm32f1xx_hal_tim.o
 .ARM.attributes
                0x00000000000003ef       0x2d ./Drivers/STM32F1xx_HAL_Driver/Src/stm32f1xx_hal_tim_ex.o
 .ARM.attributes
                0x000000000000041c       0x2d ./Drivers/STM32F1xx_HAL_Driver/Src/stm32f1xx_hal_uart.o
 .ARM.attributes
                0x0000000000000449       0x2d D:/IDE/STM32CubeIDE_1.14.0/STM32CubeIDE/plugins/com.st.stm32cube.ide.mcu.externaltools.gnu-tools-for-stm32.11.3.rel1.win32_1.1.100.202309141235/tools/bin/../lib/gcc/arm-none-eabi/11.3.1/../../../../arm-none-eabi/lib/thumb/v7-m/nofp\libc_nano.a(libc_a-atoi.o)
 .ARM.attributes
                0x0000000000000476       0x2d D:/IDE/STM32CubeIDE_1.14.0/STM32CubeIDE/plugins/com.st.stm32cube.ide.mcu.externaltools.gnu-tools-for-stm32.11.3.rel1.win32_1.1.100.202309141235/tools/bin/../lib/gcc/arm-none-eabi/11.3.1/../../../../arm-none-eabi/lib/thumb/v7-m/nofp\libc_nano.a(libc_a-calloc.o)
 .ARM.attributes
                0x00000000000004a3       0x2d D:/IDE/STM32CubeIDE_1.14.0/STM32CubeIDE/plugins/com.st.stm32cube.ide.mcu.externaltools.gnu-tools-for-stm32.11.3.rel1.win32_1.1.100.202309141235/tools/bin/../lib/gcc/arm-none-eabi/11.3.1/../../../../arm-none-eabi/lib/thumb/v7-m/nofp\libc_nano.a(libc_a-callocr.o)
 .ARM.attributes
                0x00000000000004d0       0x2d D:/IDE/STM32CubeIDE_1.14.0/STM32CubeIDE/plugins/com.st.stm32cube.ide.mcu.externaltools.gnu-tools-for-stm32.11.3.rel1.win32_1.1.100.202309141235/tools/bin/../lib/gcc/arm-none-eabi/11.3.1/../../../../arm-none-eabi/lib/thumb/v7-m/nofp\libc_nano.a(libc_a-mallocr.o)
 .ARM.attributes
                0x00000000000004fd       0x2d D:/IDE/STM32CubeIDE_1.14.0/STM32CubeIDE/plugins/com.st.stm32cube.ide.mcu.externaltools.gnu-tools-for-stm32.11.3.rel1.win32_1.1.100.202309141235/tools/bin/../lib/gcc/arm-none-eabi/11.3.1/../../../../arm-none-eabi/lib/thumb/v7-m/nofp\libc_nano.a(libc_a-mlock.o)
 .ARM.attributes
                0x000000000000052a       0x2d D:/IDE/STM32CubeIDE_1.14.0/STM32CubeIDE/plugins/com.st.stm32cube.ide.mcu.externaltools.gnu-tools-for-stm32.11.3.rel1.win32_1.1.100.202309141235/tools/bin/../lib/gcc/arm-none-eabi/11.3.1/../../../../arm-none-eabi/lib/thumb/v7-m/nofp\libc_nano.a(libc_a-strtol.o)
 .ARM.attributes
                0x0000000000000557       0x2d D:/IDE/STM32CubeIDE_1.14.0/STM32CubeIDE/plugins/com.st.stm32cube.ide.mcu.externaltools.gnu-tools-for-stm32.11.3.rel1.win32_1.1.100.202309141235/tools/bin/../lib/gcc/arm-none-eabi/11.3.1/../../../../arm-none-eabi/lib/thumb/v7-m/nofp\libc_nano.a(libc_a-ctype_.o)
 .ARM.attributes
                0x0000000000000584       0x2d D:/IDE/STM32CubeIDE_1.14.0/STM32CubeIDE/plugins/com.st.stm32cube.ide.mcu.externaltools.gnu-tools-for-stm32.11.3.rel1.win32_1.1.100.202309141235/tools/bin/../lib/gcc/arm-none-eabi/11.3.1/../../../../arm-none-eabi/lib/thumb/v7-m/nofp\libc_nano.a(libc_a-findfp.o)
 .ARM.attributes
                0x00000000000005b1       0x2d D:/IDE/STM32CubeIDE_1.14.0/STM32CubeIDE/plugins/com.st.stm32cube.ide.mcu.externaltools.gnu-tools-for-stm32.11.3.rel1.win32_1.1.100.202309141235/tools/bin/../lib/gcc/arm-none-eabi/11.3.1/../../../../arm-none-eabi/lib/thumb/v7-m/nofp\libc_nano.a(libc_a-sprintf.o)
 .ARM.attributes
                0x00000000000005de       0x2d D:/IDE/STM32CubeIDE_1.14.0/STM32CubeIDE/plugins/com.st.stm32cube.ide.mcu.externaltools.gnu-tools-for-stm32.11.3.rel1.win32_1.1.100.202309141235/tools/bin/../lib/gcc/arm-none-eabi/11.3.1/../../../../arm-none-eabi/lib/thumb/v7-m/nofp\libc_nano.a(libc_a-memset.o)
 .ARM.attributes
                0x000000000000060b       0x2d D:/IDE/STM32CubeIDE_1.14.0/STM32CubeIDE/plugins/com.st.stm32cube.ide.mcu.externaltools.gnu-tools-for-stm32.11.3.rel1.win32_1.1.100.202309141235/tools/bin/../lib/gcc/arm-none-eabi/11.3.1/../../../../arm-none-eabi/lib/thumb/v7-m/nofp\libc_nano.a(libc_a-strchr.o)
 .ARM.attributes
                0x0000000000000638       0x2d D:/IDE/STM32CubeIDE_1.14.0/STM32CubeIDE/plugins/com.st.stm32cube.ide.mcu.externaltools.gnu-tools-for-stm32.11.3.rel1.win32_1.1.100.202309141235/tools/bin/../lib/gcc/arm-none-eabi/11.3.1/../../../../arm-none-eabi/lib/thumb/v7-m/nofp\libc_nano.a(libc_a-strstr.o)
 .ARM.attributes
                0x0000000000000665       0x2d D:/IDE/STM32CubeIDE_1.14.0/STM32CubeIDE/plugins/com.st.stm32cube.ide.mcu.externaltools.gnu-tools-for-stm32.11.3.rel1.win32_1.1.100.202309141235/tools/bin/../lib/gcc/arm-none-eabi/11.3.1/../../../../arm-none-eabi/lib/thumb/v7-m/nofp\libc_nano.a(libc_a-reent.o)
 .ARM.attributes
                0x0000000000000692       0x2d D:/IDE/STM32CubeIDE_1.14.0/STM32CubeIDE/plugins/com.st.stm32cube.ide.mcu.externaltools.gnu-tools-for-stm32.11.3.rel1.win32_1.1.100.202309141235/tools/bin/../lib/gcc/arm-none-eabi/11.3.1/../../../../arm-none-eabi/lib/thumb/v7-m/nofp\libc_nano.a(libc_a-impure.o)
 .ARM.attributes
                0x00000000000006bf       0x2d D:/IDE/STM32CubeIDE_1.14.0/STM32CubeIDE/plugins/com.st.stm32cube.ide.mcu.externaltools.gnu-tools-for-stm32.11.3.rel1.win32_1.1.100.202309141235/tools/bin/../lib/gcc/arm-none-eabi/11.3.1/../../../../arm-none-eabi/lib/thumb/v7-m/nofp\libc_nano.a(libc_a-sbrkr.o)
 .ARM.attributes
                0x00000000000006ec       0x2d D:/IDE/STM32CubeIDE_1.14.0/STM32CubeIDE/plugins/com.st.stm32cube.ide.mcu.externaltools.gnu-tools-for-stm32.11.3.rel1.win32_1.1.100.202309141235/tools/bin/../lib/gcc/arm-none-eabi/11.3.1/../../../../arm-none-eabi/lib/thumb/v7-m/nofp\libc_nano.a(libc_a-errno.o)
 .ARM.attributes
                0x0000000000000719       0x2d D:/IDE/STM32CubeIDE_1.14.0/STM32CubeIDE/plugins/com.st.stm32cube.ide.mcu.externaltools.gnu-tools-for-stm32.11.3.rel1.win32_1.1.100.202309141235/tools/bin/../lib/gcc/arm-none-eabi/11.3.1/../../../../arm-none-eabi/lib/thumb/v7-m/nofp\libc_nano.a(libc_a-init.o)
 .ARM.attributes
                0x0000000000000746       0x2d D:/IDE/STM32CubeIDE_1.14.0/STM32CubeIDE/plugins/com.st.stm32cube.ide.mcu.externaltools.gnu-tools-for-stm32.11.3.rel1.win32_1.1.100.202309141235/tools/bin/../lib/gcc/arm-none-eabi/11.3.1/../../../../arm-none-eabi/lib/thumb/v7-m/nofp\libc_nano.a(libc_a-lock.o)
 .ARM.attributes
                0x0000000000000773       0x2d D:/IDE/STM32CubeIDE_1.14.0/STM32CubeIDE/plugins/com.st.stm32cube.ide.mcu.externaltools.gnu-tools-for-stm32.11.3.rel1.win32_1.1.100.202309141235/tools/bin/../lib/gcc/arm-none-eabi/11.3.1/../../../../arm-none-eabi/lib/thumb/v7-m/nofp\libc_nano.a(libc_a-memcpy-stub.o)
 .ARM.attributes
                0x00000000000007a0       0x17 D:/IDE/STM32CubeIDE_1.14.0/STM32CubeIDE/plugins/com.st.stm32cube.ide.mcu.externaltools.gnu-tools-for-stm32.11.3.rel1.win32_1.1.100.202309141235/tools/bin/../lib/gcc/arm-none-eabi/11.3.1/../../../../arm-none-eabi/lib/thumb/v7-m/nofp\libc_nano.a(libc_a-strlen.o)
 .ARM.attributes
                0x00000000000007b7       0x2d D:/IDE/STM32CubeIDE_1.14.0/STM32CubeIDE/plugins/com.st.stm32cube.ide.mcu.externaltools.gnu-tools-for-stm32.11.3.rel1.win32_1.1.100.202309141235/tools/bin/../lib/gcc/arm-none-eabi/11.3.1/../../../../arm-none-eabi/lib/thumb/v7-m/nofp\libc_nano.a(libc_a-freer.o)
 .ARM.attributes
                0x00000000000007e4       0x2d D:/IDE/STM32CubeIDE_1.14.0/STM32CubeIDE/plugins/com.st.stm32cube.ide.mcu.externaltools.gnu-tools-for-stm32.11.3.rel1.win32_1.1.100.202309141235/tools/bin/../lib/gcc/arm-none-eabi/11.3.1/../../../../arm-none-eabi/lib/thumb/v7-m/nofp\libc_nano.a(libc_a-nano-svfprintf.o)
 .ARM.attributes
                0x0000000000000811       0x2d D:/IDE/STM32CubeIDE_1.14.0/STM32CubeIDE/plugins/com.st.stm32cube.ide.mcu.externaltools.gnu-tools-for-stm32.11.3.rel1.win32_1.1.100.202309141235/tools/bin/../lib/gcc/arm-none-eabi/11.3.1/../../../../arm-none-eabi/lib/thumb/v7-m/nofp\libc_nano.a(libc_a-nano-vfprintf_i.o)
 .ARM.attributes
                0x000000000000083e       0x2d D:/IDE/STM32CubeIDE_1.14.0/STM32CubeIDE/plugins/com.st.stm32cube.ide.mcu.externaltools.gnu-tools-for-stm32.11.3.rel1.win32_1.1.100.202309141235/tools/bin/../lib/gcc/arm-none-eabi/11.3.1/../../../../arm-none-eabi/lib/thumb/v7-m/nofp\libc_nano.a(libc_a-memmove.o)
 .ARM.attributes
                0x000000000000086b       0x2d D:/IDE/STM32CubeIDE_1.14.0/STM32CubeIDE/plugins/com.st.stm32cube.ide.mcu.externaltools.gnu-tools-for-stm32.11.3.rel1.win32_1.1.100.202309141235/tools/bin/../lib/gcc/arm-none-eabi/11.3.1/../../../../arm-none-eabi/lib/thumb/v7-m/nofp\libc_nano.a(libc_a-memchr-stub.o)
 .ARM.attributes
                0x0000000000000898       0x2d D:/IDE/STM32CubeIDE_1.14.0/STM32CubeIDE/plugins/com.st.stm32cube.ide.mcu.externaltools.gnu-tools-for-stm32.11.3.rel1.win32_1.1.100.202309141235/tools/bin/../lib/gcc/arm-none-eabi/11.3.1/../../../../arm-none-eabi/lib/thumb/v7-m/nofp\libc_nano.a(libc_a-reallocr.o)
 .ARM.attributes
                0x00000000000008c5       0x2d D:/IDE/STM32CubeIDE_1.14.0/STM32CubeIDE/plugins/com.st.stm32cube.ide.mcu.externaltools.gnu-tools-for-stm32.11.3.rel1.win32_1.1.100.202309141235/tools/bin/../lib/gcc/arm-none-eabi/11.3.1/../../../../arm-none-eabi/lib/thumb/v7-m/nofp\libc_nano.a(libc_a-msizer.o)
 .ARM.attributes
                0x00000000000008f2       0x1d D:/IDE/STM32CubeIDE_1.14.0/STM32CubeIDE/plugins/com.st.stm32cube.ide.mcu.externaltools.gnu-tools-for-stm32.11.3.rel1.win32_1.1.100.202309141235/tools/bin/../lib/gcc/arm-none-eabi/11.3.1/thumb/v7-m/nofp\libgcc.a(_arm_addsubsf3.o)
 .ARM.attributes
                0x000000000000090f       0x1d D:/IDE/STM32CubeIDE_1.14.0/STM32CubeIDE/plugins/com.st.stm32cube.ide.mcu.externaltools.gnu-tools-for-stm32.11.3.rel1.win32_1.1.100.202309141235/tools/bin/../lib/gcc/arm-none-eabi/11.3.1/thumb/v7-m/nofp\libgcc.a(_arm_muldivsf3.o)
 .ARM.attributes
                0x000000000000092c       0x1d D:/IDE/STM32CubeIDE_1.14.0/STM32CubeIDE/plugins/com.st.stm32cube.ide.mcu.externaltools.gnu-tools-for-stm32.11.3.rel1.win32_1.1.100.202309141235/tools/bin/../lib/gcc/arm-none-eabi/11.3.1/thumb/v7-m/nofp\libgcc.a(_arm_cmpsf2.o)
 .ARM.attributes
                0x0000000000000949       0x1d D:/IDE/STM32CubeIDE_1.14.0/STM32CubeIDE/plugins/com.st.stm32cube.ide.mcu.externaltools.gnu-tools-for-stm32.11.3.rel1.win32_1.1.100.202309141235/tools/bin/../lib/gcc/arm-none-eabi/11.3.1/thumb/v7-m/nofp\libgcc.a(_arm_fixunssfsi.o)
 .ARM.attributes
                0x0000000000000966       0x1d D:/IDE/STM32CubeIDE_1.14.0/STM32CubeIDE/plugins/com.st.stm32cube.ide.mcu.externaltools.gnu-tools-for-stm32.11.3.rel1.win32_1.1.100.202309141235/tools/bin/../lib/gcc/arm-none-eabi/11.3.1/thumb/v7-m/nofp/crtn.o
OUTPUT(MyLed.elf elf32-littlearm)
LOAD linker stubs
LOAD D:/IDE/STM32CubeIDE_1.14.0/STM32CubeIDE/plugins/com.st.stm32cube.ide.mcu.externaltools.gnu-tools-for-stm32.11.3.rel1.win32_1.1.100.202309141235/tools/bin/../lib/gcc/arm-none-eabi/11.3.1/../../../../arm-none-eabi/lib/thumb/v7-m/nofp\libc.a
LOAD D:/IDE/STM32CubeIDE_1.14.0/STM32CubeIDE/plugins/com.st.stm32cube.ide.mcu.externaltools.gnu-tools-for-stm32.11.3.rel1.win32_1.1.100.202309141235/tools/bin/../lib/gcc/arm-none-eabi/11.3.1/../../../../arm-none-eabi/lib/thumb/v7-m/nofp\libm.a
LOAD D:/IDE/STM32CubeIDE_1.14.0/STM32CubeIDE/plugins/com.st.stm32cube.ide.mcu.externaltools.gnu-tools-for-stm32.11.3.rel1.win32_1.1.100.202309141235/tools/bin/../lib/gcc/arm-none-eabi/11.3.1/thumb/v7-m/nofp\libgcc.a

.comment        0x0000000000000000       0x43
 .comment       0x0000000000000000       0x43 D:/IDE/STM32CubeIDE_1.14.0/STM32CubeIDE/plugins/com.st.stm32cube.ide.mcu.externaltools.gnu-tools-for-stm32.11.3.rel1.win32_1.1.100.202309141235/tools/bin/../lib/gcc/arm-none-eabi/11.3.1/thumb/v7-m/nofp/crtbegin.o
                                         0x44 (size before relaxing)
 .comment       0x0000000000000043       0x44 ./Core/Src/ESP_AT.o
 .comment       0x0000000000000043       0x44 ./Core/Src/FlashPROM.o
 .comment       0x0000000000000043       0x44 ./Core/Src/WS2812B.o
 .comment       0x0000000000000043       0x44 ./Core/Src/WS2812B_Effects.o
 .comment       0x0000000000000043       0x44 ./Core/Src/main.o
 .comment       0x0000000000000043       0x44 ./Core/Src/stm32f1xx_hal_msp.o
 .comment       0x0000000000000043       0x44 ./Core/Src/stm32f1xx_it.o
 .comment       0x0000000000000043       0x44 ./Core/Src/sysmem.o
 .comment       0x0000000000000043       0x44 ./Core/Src/system_stm32f1xx.o
 .comment       0x0000000000000043       0x44 ./Drivers/STM32F1xx_HAL_Driver/Src/stm32f1xx_hal.o
 .comment       0x0000000000000043       0x44 ./Drivers/STM32F1xx_HAL_Driver/Src/stm32f1xx_hal_adc.o
 .comment       0x0000000000000043       0x44 ./Drivers/STM32F1xx_HAL_Driver/Src/stm32f1xx_hal_adc_ex.o
 .comment       0x0000000000000043       0x44 ./Drivers/STM32F1xx_HAL_Driver/Src/stm32f1xx_hal_cortex.o
 .comment       0x0000000000000043       0x44 ./Drivers/STM32F1xx_HAL_Driver/Src/stm32f1xx_hal_dma.o
 .comment       0x0000000000000043       0x44 ./Drivers/STM32F1xx_HAL_Driver/Src/stm32f1xx_hal_flash.o
 .comment       0x0000000000000043       0x44 ./Drivers/STM32F1xx_HAL_Driver/Src/stm32f1xx_hal_flash_ex.o
 .comment       0x0000000000000043       0x44 ./Drivers/STM32F1xx_HAL_Driver/Src/stm32f1xx_hal_gpio.o
 .comment       0x0000000000000043       0x44 ./Drivers/STM32F1xx_HAL_Driver/Src/stm32f1xx_hal_rcc.o
 .comment       0x0000000000000043       0x44 ./Drivers/STM32F1xx_HAL_Driver/Src/stm32f1xx_hal_rcc_ex.o
 .comment       0x0000000000000043       0x44 ./Drivers/STM32F1xx_HAL_Driver/Src/stm32f1xx_hal_tim.o
 .comment       0x0000000000000043       0x44 ./Drivers/STM32F1xx_HAL_Driver/Src/stm32f1xx_hal_tim_ex.o
 .comment       0x0000000000000043       0x44 ./Drivers/STM32F1xx_HAL_Driver/Src/stm32f1xx_hal_uart.o

.debug_info     0x0000000000000000     0xfd3b
 .debug_info    0x0000000000000000      0xa60 ./Core/Src/ESP_AT.o
 .debug_info    0x0000000000000a60      0x28d ./Core/Src/FlashPROM.o
 .debug_info    0x0000000000000ced     0x1010 ./Core/Src/WS2812B.o
 .debug_info    0x0000000000001cfd      0x992 ./Core/Src/WS2812B_Effects.o
 .debug_info    0x000000000000268f     0x1d8a ./Core/Src/main.o
 .debug_info    0x0000000000004419     0x10d0 ./Core/Src/stm32f1xx_hal_msp.o
 .debug_info    0x00000000000054e9      0x846 ./Core/Src/stm32f1xx_it.o
 .debug_info    0x0000000000005d2f      0x168 ./Core/Src/sysmem.o
 .debug_info    0x0000000000005e97      0x222 ./Core/Src/system_stm32f1xx.o
 .debug_info    0x00000000000060b9       0x23 ./Core/Startup/startup_stm32f103c8tx.o
 .debug_info    0x00000000000060dc      0x704 ./Drivers/STM32F1xx_HAL_Driver/Src/stm32f1xx_hal.o
 .debug_info    0x00000000000067e0      0xc2d ./Drivers/STM32F1xx_HAL_Driver/Src/stm32f1xx_hal_adc.o
 .debug_info    0x000000000000740d      0xa0b ./Drivers/STM32F1xx_HAL_Driver/Src/stm32f1xx_hal_adc_ex.o
 .debug_info    0x0000000000007e18      0xa87 ./Drivers/STM32F1xx_HAL_Driver/Src/stm32f1xx_hal_cortex.o
 .debug_info    0x000000000000889f      0x6cd ./Drivers/STM32F1xx_HAL_Driver/Src/stm32f1xx_hal_dma.o
 .debug_info    0x0000000000008f6c      0x4f8 ./Drivers/STM32F1xx_HAL_Driver/Src/stm32f1xx_hal_flash.o
 .debug_info    0x0000000000009464      0x777 ./Drivers/STM32F1xx_HAL_Driver/Src/stm32f1xx_hal_flash_ex.o
 .debug_info    0x0000000000009bdb      0x5ab ./Drivers/STM32F1xx_HAL_Driver/Src/stm32f1xx_hal_gpio.o
 .debug_info    0x000000000000a186      0x7ee ./Drivers/STM32F1xx_HAL_Driver/Src/stm32f1xx_hal_rcc.o
 .debug_info    0x000000000000a974      0x3ba ./Drivers/STM32F1xx_HAL_Driver/Src/stm32f1xx_hal_rcc_ex.o
 .debug_info    0x000000000000ad2e     0x2789 ./Drivers/STM32F1xx_HAL_Driver/Src/stm32f1xx_hal_tim.o
 .debug_info    0x000000000000d4b7     0x13f1 ./Drivers/STM32F1xx_HAL_Driver/Src/stm32f1xx_hal_tim_ex.o
 .debug_info    0x000000000000e8a8     0x1493 ./Drivers/STM32F1xx_HAL_Driver/Src/stm32f1xx_hal_uart.o

.debug_abbrev   0x0000000000000000     0x2f78
 .debug_abbrev  0x0000000000000000      0x249 ./Core/Src/ESP_AT.o
 .debug_abbrev  0x0000000000000249      0x17a ./Core/Src/FlashPROM.o
 .debug_abbrev  0x00000000000003c3      0x2a8 ./Core/Src/WS2812B.o
 .debug_abbrev  0x000000000000066b      0x1b6 ./Core/Src/WS2812B_Effects.o
 .debug_abbrev  0x0000000000000821      0x3b6 ./Core/Src/main.o
 .debug_abbrev  0x0000000000000bd7      0x28e ./Core/Src/stm32f1xx_hal_msp.o
 .debug_abbrev  0x0000000000000e65      0x182 ./Core/Src/stm32f1xx_it.o
 .debug_abbrev  0x0000000000000fe7       0xbc ./Core/Src/sysmem.o
 .debug_abbrev  0x00000000000010a3      0x13f ./Core/Src/system_stm32f1xx.o
 .debug_abbrev  0x00000000000011e2       0x12 ./Core/Startup/startup_stm32f103c8tx.o
 .debug_abbrev  0x00000000000011f4      0x201 ./Drivers/STM32F1xx_HAL_Driver/Src/stm32f1xx_hal.o
 .debug_abbrev  0x00000000000013f5      0x225 ./Drivers/STM32F1xx_HAL_Driver/Src/stm32f1xx_hal_adc.o
 .debug_abbrev  0x000000000000161a      0x249 ./Drivers/STM32F1xx_HAL_Driver/Src/stm32f1xx_hal_adc_ex.o
 .debug_abbrev  0x0000000000001863      0x2f8 ./Drivers/STM32F1xx_HAL_Driver/Src/stm32f1xx_hal_cortex.o
 .debug_abbrev  0x0000000000001b5b      0x20b ./Drivers/STM32F1xx_HAL_Driver/Src/stm32f1xx_hal_dma.o
 .debug_abbrev  0x0000000000001d66      0x250 ./Drivers/STM32F1xx_HAL_Driver/Src/stm32f1xx_hal_flash.o
 .debug_abbrev  0x0000000000001fb6      0x247 ./Drivers/STM32F1xx_HAL_Driver/Src/stm32f1xx_hal_flash_ex.o
 .debug_abbrev  0x00000000000021fd      0x1ca ./Drivers/STM32F1xx_HAL_Driver/Src/stm32f1xx_hal_gpio.o
 .debug_abbrev  0x00000000000023c7      0x2b1 ./Drivers/STM32F1xx_HAL_Driver/Src/stm32f1xx_hal_rcc.o
 .debug_abbrev  0x0000000000002678      0x188 ./Drivers/STM32F1xx_HAL_Driver/Src/stm32f1xx_hal_rcc_ex.o
 .debug_abbrev  0x0000000000002800      0x270 ./Drivers/STM32F1xx_HAL_Driver/Src/stm32f1xx_hal_tim.o
 .debug_abbrev  0x0000000000002a70      0x27b ./Drivers/STM32F1xx_HAL_Driver/Src/stm32f1xx_hal_tim_ex.o
 .debug_abbrev  0x0000000000002ceb      0x28d ./Drivers/STM32F1xx_HAL_Driver/Src/stm32f1xx_hal_uart.o

.debug_aranges  0x0000000000000000     0x10b8
 .debug_aranges
                0x0000000000000000       0x80 ./Core/Src/ESP_AT.o
 .debug_aranges
                0x0000000000000080       0x38 ./Core/Src/FlashPROM.o
 .debug_aranges
                0x00000000000000b8       0xc0 ./Core/Src/WS2812B.o
 .debug_aranges
                0x0000000000000178       0x38 ./Core/Src/WS2812B_Effects.o
 .debug_aranges
                0x00000000000001b0       0x70 ./Core/Src/main.o
 .debug_aranges
                0x0000000000000220       0x68 ./Core/Src/stm32f1xx_hal_msp.o
 .debug_aranges
                0x0000000000000288       0x80 ./Core/Src/stm32f1xx_it.o
 .debug_aranges
                0x0000000000000308       0x20 ./Core/Src/sysmem.o
 .debug_aranges
                0x0000000000000328       0x28 ./Core/Src/system_stm32f1xx.o
 .debug_aranges
                0x0000000000000350       0x28 ./Core/Startup/startup_stm32f103c8tx.o
 .debug_aranges
                0x0000000000000378       0xe0 ./Drivers/STM32F1xx_HAL_Driver/Src/stm32f1xx_hal.o
 .debug_aranges
                0x0000000000000458       0xf0 ./Drivers/STM32F1xx_HAL_Driver/Src/stm32f1xx_hal_adc.o
 .debug_aranges
                0x0000000000000548       0x80 ./Drivers/STM32F1xx_HAL_Driver/Src/stm32f1xx_hal_adc_ex.o
 .debug_aranges
                0x00000000000005c8      0x100 ./Drivers/STM32F1xx_HAL_Driver/Src/stm32f1xx_hal_cortex.o
 .debug_aranges
                0x00000000000006c8       0x80 ./Drivers/STM32F1xx_HAL_Driver/Src/stm32f1xx_hal_dma.o
 .debug_aranges
                0x0000000000000748       0x88 ./Drivers/STM32F1xx_HAL_Driver/Src/stm32f1xx_hal_flash.o
 .debug_aranges
                0x00000000000007d0       0x98 ./Drivers/STM32F1xx_HAL_Driver/Src/stm32f1xx_hal_flash_ex.o
 .debug_aranges
                0x0000000000000868       0x58 ./Drivers/STM32F1xx_HAL_Driver/Src/stm32f1xx_hal_gpio.o
 .debug_aranges
                0x00000000000008c0       0x90 ./Drivers/STM32F1xx_HAL_Driver/Src/stm32f1xx_hal_rcc.o
 .debug_aranges
                0x0000000000000950       0x30 ./Drivers/STM32F1xx_HAL_Driver/Src/stm32f1xx_hal_rcc_ex.o
 .debug_aranges
                0x0000000000000980      0x3d0 ./Drivers/STM32F1xx_HAL_Driver/Src/stm32f1xx_hal_tim.o
 .debug_aranges
                0x0000000000000d50      0x168 ./Drivers/STM32F1xx_HAL_Driver/Src/stm32f1xx_hal_tim_ex.o
 .debug_aranges
                0x0000000000000eb8      0x200 ./Drivers/STM32F1xx_HAL_Driver/Src/stm32f1xx_hal_uart.o

.debug_rnglists
                0x0000000000000000      0xd05
 .debug_rnglists
                0x0000000000000000       0x65 ./Core/Src/ESP_AT.o
 .debug_rnglists
                0x0000000000000065       0x27 ./Core/Src/FlashPROM.o
 .debug_rnglists
                0x000000000000008c       0x94 ./Core/Src/WS2812B.o
 .debug_rnglists
                0x0000000000000120       0x28 ./Core/Src/WS2812B_Effects.o
 .debug_rnglists
                0x0000000000000148       0x54 ./Core/Src/main.o
 .debug_rnglists
                0x000000000000019c       0x4c ./Core/Src/stm32f1xx_hal_msp.o
 .debug_rnglists
                0x00000000000001e8       0x5b ./Core/Src/stm32f1xx_it.o
 .debug_rnglists
                0x0000000000000243       0x13 ./Core/Src/sysmem.o
 .debug_rnglists
                0x0000000000000256       0x1a ./Core/Src/system_stm32f1xx.o
 .debug_rnglists
                0x0000000000000270       0x19 ./Core/Startup/startup_stm32f103c8tx.o
 .debug_rnglists
                0x0000000000000289       0xa3 ./Drivers/STM32F1xx_HAL_Driver/Src/stm32f1xx_hal.o
 .debug_rnglists
                0x000000000000032c       0xbc ./Drivers/STM32F1xx_HAL_Driver/Src/stm32f1xx_hal_adc.o
 .debug_rnglists
                0x00000000000003e8       0x65 ./Drivers/STM32F1xx_HAL_Driver/Src/stm32f1xx_hal_adc_ex.o
 .debug_rnglists
                0x000000000000044d       0xbb ./Drivers/STM32F1xx_HAL_Driver/Src/stm32f1xx_hal_cortex.o
 .debug_rnglists
                0x0000000000000508       0x64 ./Drivers/STM32F1xx_HAL_Driver/Src/stm32f1xx_hal_dma.o
 .debug_rnglists
                0x000000000000056c       0x66 ./Drivers/STM32F1xx_HAL_Driver/Src/stm32f1xx_hal_flash.o
 .debug_rnglists
                0x00000000000005d2       0x74 ./Drivers/STM32F1xx_HAL_Driver/Src/stm32f1xx_hal_flash_ex.o
 .debug_rnglists
                0x0000000000000646       0x3f ./Drivers/STM32F1xx_HAL_Driver/Src/stm32f1xx_hal_gpio.o
 .debug_rnglists
                0x0000000000000685       0x6c ./Drivers/STM32F1xx_HAL_Driver/Src/stm32f1xx_hal_rcc.o
 .debug_rnglists
                0x00000000000006f1       0x21 ./Drivers/STM32F1xx_HAL_Driver/Src/stm32f1xx_hal_rcc_ex.o
 .debug_rnglists
                0x0000000000000712      0x31a ./Drivers/STM32F1xx_HAL_Driver/Src/stm32f1xx_hal_tim.o
 .debug_rnglists
                0x0000000000000a2c      0x125 ./Drivers/STM32F1xx_HAL_Driver/Src/stm32f1xx_hal_tim_ex.o
 .debug_rnglists
                0x0000000000000b51      0x1b4 ./Drivers/STM32F1xx_HAL_Driver/Src/stm32f1xx_hal_uart.o

.debug_macro    0x0000000000000000    0x194ee
 .debug_macro   0x0000000000000000      0x2fc ./Core/Src/ESP_AT.o
 .debug_macro   0x00000000000002fc      0xaa2 ./Core/Src/ESP_AT.o
 .debug_macro   0x0000000000000d9e      0x227 ./Core/Src/ESP_AT.o
 .debug_macro   0x0000000000000fc5       0x2e ./Core/Src/ESP_AT.o
 .debug_macro   0x0000000000000ff3       0x22 ./Core/Src/ESP_AT.o
 .debug_macro   0x0000000000001015       0x22 ./Core/Src/ESP_AT.o
 .debug_macro   0x0000000000001037       0x8e ./Core/Src/ESP_AT.o
 .debug_macro   0x00000000000010c5       0x51 ./Core/Src/ESP_AT.o
 .debug_macro   0x0000000000001116      0x103 ./Core/Src/ESP_AT.o
 .debug_macro   0x0000000000001219       0x6a ./Core/Src/ESP_AT.o
 .debug_macro   0x0000000000001283      0x1df ./Core/Src/ESP_AT.o
 .debug_macro   0x0000000000001462       0x1c ./Core/Src/ESP_AT.o
 .debug_macro   0x000000000000147e       0x22 ./Core/Src/ESP_AT.o
 .debug_macro   0x00000000000014a0       0xbd ./Core/Src/ESP_AT.o
 .debug_macro   0x000000000000155d      0xd23 ./Core/Src/ESP_AT.o
 .debug_macro   0x0000000000002280     0xe09e ./Core/Src/ESP_AT.o
 .debug_macro   0x000000000001031e       0x6d ./Core/Src/ESP_AT.o
 .debug_macro   0x000000000001038b     0x3468 ./Core/Src/ESP_AT.o
 .debug_macro   0x00000000000137f3      0x174 ./Core/Src/ESP_AT.o
 .debug_macro   0x0000000000013967       0x5c ./Core/Src/ESP_AT.o
 .debug_macro   0x00000000000139c3      0x5be ./Core/Src/ESP_AT.o
 .debug_macro   0x0000000000013f81      0x289 ./Core/Src/ESP_AT.o
 .debug_macro   0x000000000001420a      0x1cb ./Core/Src/ESP_AT.o
 .debug_macro   0x00000000000143d5      0x114 ./Core/Src/ESP_AT.o
 .debug_macro   0x00000000000144e9      0x1b2 ./Core/Src/ESP_AT.o
 .debug_macro   0x000000000001469b       0x27 ./Core/Src/ESP_AT.o
 .debug_macro   0x00000000000146c2      0x136 ./Core/Src/ESP_AT.o
 .debug_macro   0x00000000000147f8      0x1bc ./Core/Src/ESP_AT.o
 .debug_macro   0x00000000000149b4       0x34 ./Core/Src/ESP_AT.o
 .debug_macro   0x00000000000149e8       0x3c ./Core/Src/ESP_AT.o
 .debug_macro   0x0000000000014a24       0x57 ./Core/Src/ESP_AT.o
 .debug_macro   0x0000000000014a7b      0x46a ./Core/Src/ESP_AT.o
 .debug_macro   0x0000000000014ee5      0x1b5 ./Core/Src/ESP_AT.o
 .debug_macro   0x000000000001509a       0x88 ./Core/Src/ESP_AT.o
 .debug_macro   0x0000000000015122      0x241 ./Core/Src/ESP_AT.o
 .debug_macro   0x0000000000015363      0x141 ./Core/Src/ESP_AT.o
 .debug_macro   0x00000000000154a4      0x8d1 ./Core/Src/ESP_AT.o
 .debug_macro   0x0000000000015d75      0x279 ./Core/Src/ESP_AT.o
 .debug_macro   0x0000000000015fee       0x83 ./Core/Src/ESP_AT.o
 .debug_macro   0x0000000000016071       0x61 ./Core/Src/ESP_AT.o
 .debug_macro   0x00000000000160d2       0x24 ./Core/Src/ESP_AT.o
 .debug_macro   0x00000000000160f6       0x43 ./Core/Src/ESP_AT.o
 .debug_macro   0x0000000000016139       0x34 ./Core/Src/ESP_AT.o
 .debug_macro   0x000000000001616d       0x16 ./Core/Src/ESP_AT.o
 .debug_macro   0x0000000000016183       0x43 ./Core/Src/ESP_AT.o
 .debug_macro   0x00000000000161c6       0x34 ./Core/Src/ESP_AT.o
 .debug_macro   0x00000000000161fa       0x10 ./Core/Src/ESP_AT.o
 .debug_macro   0x000000000001620a       0x58 ./Core/Src/ESP_AT.o
 .debug_macro   0x0000000000016262       0x8e ./Core/Src/ESP_AT.o
 .debug_macro   0x00000000000162f0       0x1c ./Core/Src/ESP_AT.o
 .debug_macro   0x000000000001630c      0x177 ./Core/Src/ESP_AT.o