Archive member included to satisfy reference by file (symbol)

d:/ide/stm32cube/stm32cubeide_1.10.1/stm32cubeide/plugins/com.st.stm32cube.ide.mcu.externaltools.gnu-tools-for-stm32.10.3-2021.10.win32_1.0.0.202111181127/tools/bin/../lib/gcc/arm-none-eabi/10.3.1/../../../../arm-none-eabi/lib/thumb/v7-m/nofp\libc_nano.a(lib_a-atoi.o)
                              ./Core/Src/main.o (atoi)
d:/ide/stm32cube/stm32cubeide_1.10.1/stm32cubeide/plugins/com.st.stm32cube.ide.mcu.externaltools.gnu-tools-for-stm32.10.3-2021.10.win32_1.0.0.202111181127/tools/bin/../lib/gcc/arm-none-eabi/10.3.1/../../../../arm-none-eabi/lib/thumb/v7-m/nofp\libc_nano.a(lib_a-calloc.o)
                              ./Core/Src/FFT.o (calloc)
d:/ide/stm32cube/stm32cubeide_1.10.1/stm32cubeide/plugins/com.st.stm32cube.ide.mcu.externaltools.gnu-tools-for-stm32.10.3-2021.10.win32_1.0.0.202111181127/tools/bin/../lib/gcc/arm-none-eabi/10.3.1/../../../../arm-none-eabi/lib/thumb/v7-m/nofp\libc_nano.a(lib_a-errno.o)
                              ./Core/Src/syscalls.o (__errno)
d:/ide/stm32cube/stm32cubeide_1.10.1/stm32cubeide/plugins/com.st.stm32cube.ide.mcu.externaltools.gnu-tools-for-stm32.10.3-2021.10.win32_1.0.0.202111181127/tools/bin/../lib/gcc/arm-none-eabi/10.3.1/../../../../arm-none-eabi/lib/thumb/v7-m/nofp\libc_nano.a(lib_a-exit.o)
                              d:/ide/stm32cube/stm32cubeide_1.10.1/stm32cubeide/plugins/com.st.stm32cube.ide.mcu.externaltools.gnu-tools-for-stm32.10.3-2021.10.win32_1.0.0.202111181127/tools/bin/../lib/gcc/arm-none-eabi/10.3.1/../../../../arm-none-eabi/lib/thumb/v7-m/nofp/crt0.o (exit)
d:/ide/stm32cube/stm32cubeide_1.10.1/stm32cubeide/plugins/com.st.stm32cube.ide.mcu.externaltools.gnu-tools-for-stm32.10.3-2021.10.win32_1.0.0.202111181127/tools/bin/../lib/gcc/arm-none-eabi/10.3.1/../../../../arm-none-eabi/lib/thumb/v7-m/nofp\libc_nano.a(lib_a-impure.o)
                              d:/ide/stm32cube/stm32cubeide_1.10.1/stm32cubeide/plugins/com.st.stm32cube.ide.mcu.externaltools.gnu-tools-for-stm32.10.3-2021.10.win32_1.0.0.202111181127/tools/bin/../lib/gcc/arm-none-eabi/10.3.1/../../../../arm-none-eabi/lib/thumb/v7-m/nofp\libc_nano.a(lib_a-exit.o) (_global_impure_ptr)
d:/ide/stm32cube/stm32cubeide_1.10.1/stm32cubeide/plugins/com.st.stm32cube.ide.mcu.externaltools.gnu-tools-for-stm32.10.3-2021.10.win32_1.0.0.202111181127/tools/bin/../lib/gcc/arm-none-eabi/10.3.1/../../../../arm-none-eabi/lib/thumb/v7-m/nofp\libc_nano.a(lib_a-init.o)
                              d:/ide/stm32cube/stm32cubeide_1.10.1/stm32cubeide/plugins/com.st.stm32cube.ide.mcu.externaltools.gnu-tools-for-stm32.10.3-2021.10.win32_1.0.0.202111181127/tools/bin/../lib/gcc/arm-none-eabi/10.3.1/../../../../arm-none-eabi/lib/thumb/v7-m/nofp/crt0.o (__libc_init_array)
d:/ide/stm32cube/stm32cubeide_1.10.1/stm32cubeide/plugins/com.st.stm32cube.ide.mcu.externaltools.gnu-tools-for-stm32.10.3-2021.10.win32_1.0.0.202111181127/tools/bin/../lib/gcc/arm-none-eabi/10.3.1/../../../../arm-none-eabi/lib/thumb/v7-m/nofp\libc_nano.a(lib_a-malloc.o)
                              ./Core/Src/FFT.o (free)
d:/ide/stm32cube/stm32cubeide_1.10.1/stm32cubeide/plugins/com.st.stm32cube.ide.mcu.externaltools.gnu-tools-for-stm32.10.3-2021.10.win32_1.0.0.202111181127/tools/bin/../lib/gcc/arm-none-eabi/10.3.1/../../../../arm-none-eabi/lib/thumb/v7-m/nofp\libc_nano.a(lib_a-memcpy-stub.o)
                              ./Core/Src/ESP_AT.o (memcpy)
d:/ide/stm32cube/stm32cubeide_1.10.1/stm32cubeide/plugins/com.st.stm32cube.ide.mcu.externaltools.gnu-tools-for-stm32.10.3-2021.10.win32_1.0.0.202111181127/tools/bin/../lib/gcc/arm-none-eabi/10.3.1/../../../../arm-none-eabi/lib/thumb/v7-m/nofp\libc_nano.a(lib_a-memset.o)
                              d:/ide/stm32cube/stm32cubeide_1.10.1/stm32cubeide/plugins/com.st.stm32cube.ide.mcu.externaltools.gnu-tools-for-stm32.10.3-2021.10.win32_1.0.0.202111181127/tools/bin/../lib/gcc/arm-none-eabi/10.3.1/../../../../arm-none-eabi/lib/thumb/v7-m/nofp/crt0.o (memset)
d:/ide/stm32cube/stm32cubeide_1.10.1/stm32cubeide/plugins/com.st.stm32cube.ide.mcu.externaltools.gnu-tools-for-stm32.10.3-2021.10.win32_1.0.0.202111181127/tools/bin/../lib/gcc/arm-none-eabi/10.3.1/../../../../arm-none-eabi/lib/thumb/v7-m/nofp\libc_nano.a(lib_a-nano-callocr.o)
                              d:/ide/stm32cube/stm32cubeide_1.10.1/stm32cubeide/plugins/com.st.stm32cube.ide.mcu.externaltools.gnu-tools-for-stm32.10.3-2021.10.win32_1.0.0.202111181127/tools/bin/../lib/gcc/arm-none-eabi/10.3.1/../../../../arm-none-eabi/lib/thumb/v7-m/nofp\libc_nano.a(lib_a-calloc.o) (_calloc_r)
d:/ide/stm32cube/stm32cubeide_1.10.1/stm32cubeide/plugins/com.st.stm32cube.ide.mcu.externaltools.gnu-tools-for-stm32.10.3-2021.10.win32_1.0.0.202111181127/tools/bin/../lib/gcc/arm-none-eabi/10.3.1/../../../../arm-none-eabi/lib/thumb/v7-m/nofp\libc_nano.a(lib_a-nano-freer.o)
[...]
Memory Configuration

Name             Origin             Length             Attributes
RAM              0x0000000020000000 0x0000000000005000 xrw
FLASH            0x0000000008000000 0x0000000000010000 xr
*default*        0x0000000000000000 0xffffffffffffffff

Linker script and memory map

LOAD d:/ide/stm32cube/stm32cubeide_1.10.1/stm32cubeide/plugins/com.st.stm32cube.ide.mcu.externaltools.gnu-tools-for-stm32.10.3-2021.10.win32_1.0.0.202111181127/tools/bin/../lib/gcc/arm-none-eabi/10.3.1/thumb/v7-m/nofp/crti.o
LOAD d:/ide/stm32cube/stm32cubeide_1.10.1/stm32cubeide/plugins/com.st.stm32cube.ide.mcu.externaltools.gnu-tools-for-stm32.10.3-2021.10.win32_1.0.0.202111181127/tools/bin/../lib/gcc/arm-none-eabi/10.3.1/thumb/v7-m/nofp/crtbegin.o
LOAD d:/ide/stm32cube/stm32cubeide_1.10.1/stm32cubeide/plugins/com.st.stm32cube.ide.mcu.externaltools.gnu-tools-for-stm32.10.3-2021.10.win32_1.0.0.202111181127/tools/bin/../lib/gcc/arm-none-eabi/10.3.1/../../../../arm-none-eabi/lib/thumb/v7-m/nofp/crt0.o
LOAD ./Core/Src/ESP.o
LOAD ./Core/Src/ESP_AT.o
LOAD ./Core/Src/FFT.o
LOAD ./Core/Src/FlashPROM.o
LOAD ./Core/Src/WS2812B.o
LOAD ./Core/Src/WS2812B_CustomEffects.o
LOAD ./Core/Src/WS2812B_Effects.o
LOAD ./Core/Src/WS2812B_Presets.o
LOAD ./Core/Src/main.o
LOAD ./Core/Src/stm32f1xx_hal_msp.o
LOAD ./Core/Src/stm32f1xx_it.o
LOAD ./Core/Src/syscalls.o
LOAD ./Core/Src/sysmem.o
LOAD ./Core/Src/system_stm32f1xx.o
LOAD ./Core/Startup/startup_stm32f103c8tx.o
LOAD ./Drivers/STM32F1xx_HAL_Driver/Src/stm32f1xx_hal.o
LOAD ./Drivers/STM32F1xx_HAL_Driver/Src/stm32f1xx_hal_adc.o
LOAD ./Drivers/STM32F1xx_HAL_Driver/Src/stm32f1xx_hal_adc_ex.o
LOAD ./Drivers/STM32F1xx_HAL_Driver/Src/stm32f1xx_hal_cortex.o
LOAD ./Drivers/STM32F1xx_HAL_Driver/Src/stm32f1xx_hal_dma.o
LOAD ./Drivers/STM32F1xx_HAL_Driver/Src/stm32f1xx_hal_exti.o
LOAD ./Drivers/STM32F1xx_HAL_Driver/Src/stm32f1xx_hal_flash.o
LOAD ./Drivers/STM32F1xx_HAL_Driver/Src/stm32f1xx_hal_flash_ex.o
LOAD ./Drivers/STM32F1xx_HAL_Driver/Src/stm32f1xx_hal_gpio.o
LOAD ./Drivers/STM32F1xx_HAL_Driver/Src/stm32f1xx_hal_gpio_ex.o
LOAD ./Drivers/STM32F1xx_HAL_Driver/Src/stm32f1xx_hal_pwr.o
LOAD ./Drivers/STM32F1xx_HAL_Driver/Src/stm32f1xx_hal_rcc.o
LOAD ./Drivers/STM32F1xx_HAL_Driver/Src/stm32f1xx_hal_rcc_ex.o
LOAD ./Drivers/STM32F1xx_HAL_Driver/Src/stm32f1xx_hal_tim.o
LOAD ./Drivers/STM32F1xx_HAL_Driver/Src/stm32f1xx_hal_tim_ex.o
LOAD ./Drivers/STM32F1xx_HAL_Driver/Src/stm32f1xx_hal_uart.o
LOAD D:\LocalAndCloud\MCU\STM\Projects\MyLed\MyLed_Controller\Drivers\CMSIS\Lib\GCC\libarm_cortexM3l_math.a
START GROUP
LOAD d:/ide/stm32cube/stm32cubeide_1.10.1/stm32cubeide/plugins/com.st.stm32cube.ide.mcu.externaltools.gnu-tools-for-stm32.10.3-2021.10.win32_1.0.0.202111181127/tools/bin/../lib/gcc/arm-none-eabi/10.3.1/../../../../arm-none-eabi/lib/thumb/v7-m/nofp\libc_nano.a
LOAD d:/ide/stm32cube/stm32cubeide_1.10.1/stm32cubeide/plugins/com.st.stm32cube.ide.mcu.externaltools.gnu-tools-for-stm32.10.3-2021.10.win32_1.0.0.202111181127/tools/bin/../lib/gcc/arm-none-eabi/10.3.1/../../../../arm-none-eabi/lib/thumb/v7-m/nofp\libm.a
END GROUP
START GROUP
LOAD d:/ide/stm32cube/stm32cubeide_1.10.1/stm32cubeide/plugins/com.st.stm32cube.ide.mcu.externaltools.gnu-tools-for-stm32.10.3-2021.10.win32_1.0.0.202111181127/tools/bin/../lib/gcc/arm-none-eabi/10.3.1/thumb/v7-m/nofp\libgcc.a
LOAD d:/ide/stm32cube/stm32cubeide_1.10.1/stm32cubeide/plugins/com.st.stm32cube.ide.mcu.externaltools.gnu-tools-for-stm32.10.3-2021.10.win32_1.0.0.202111181127/tools/bin/../lib/gcc/arm-none-eabi/10.3.1/../../../../arm-none-eabi/lib/thumb/v7-m/nofp\libc_nano.a
END GROUP
START GROUP
LOAD d:/ide/stm32cube/stm32cubeide_1.10.1/stm32cubeide/plugins/com.st.stm32cube.ide.mcu.externaltools.gnu-tools-for-stm32.10.3-2021.10.win32_1.0.0.202111181127/tools/bin/../lib/gcc/arm-none-eabi/10.3.1/thumb/v7-m/nofp\libgcc.a
LOAD d:/ide/stm32cube/stm32cubeide_1.10.1/stm32cubeide/plugins/com.st.stm32cube.ide.mcu.externaltools.gnu-tools-for-stm32.10.3-2021.10.win32_1.0.0.202111181127/tools/bin/../lib/gcc/arm-none-eabi/10.3.1/../../../../arm-none-eabi/lib/thumb/v7-m/nofp\libc_nano.a
LOAD d:/ide/stm32cube/stm32cubeide_1.10.1/stm32cubeide/plugins/com.st.stm32cube.ide.mcu.externaltools.gnu-tools-for-stm32.10.3-2021.10.win32_1.0.0.202111181127/tools/bin/../lib/gcc/arm-none-eabi/10.3.1/../../../../arm-none-eabi/lib/thumb/v7-m/nofp\libnosys.a
END GROUP
START GROUP
LOAD d:/ide/stm32cube/stm32cubeide_1.10.1/stm32cubeide/plugins/com.st.stm32cube.ide.mcu.externaltools.gnu-tools-for-stm32.10.3-2021.10.win32_1.0.0.202111181127/tools/bin/../lib/gcc/arm-none-eabi/10.3.1/thumb/v7-m/nofp\libgcc.a
LOAD d:/ide/stm32cube/stm32cubeide_1.10.1/stm32cubeide/plugins/com.st.stm32cube.ide.mcu.externaltools.gnu-tools-for-stm32.10.3-2021.10.win32_1.0.0.202111181127/tools/bin/../lib/gcc/arm-none-eabi/10.3.1/../../../../arm-none-eabi/lib/thumb/v7-m/nofp\libc_nano.a
LOAD d:/ide/stm32cube/stm32cubeide_1.10.1/stm32cubeide/plugins/com.st.stm32cube.ide.mcu.externaltools.gnu-tools-for-stm32.10.3-2021.10.win32_1.0.0.202111181127/tools/bin/../lib/gcc/arm-none-eabi/10.3.1/../../../../arm-none-eabi/lib/thumb/v7-m/nofp\libnosys.a
END GROUP
LOAD d:/ide/stm32cube/stm32cubeide_1.10.1/stm32cubeide/plugins/com.st.stm32cube.ide.mcu.externaltools.gnu-tools-for-stm32.10.3-2021.10.win32_1.0.0.202111181127/tools/bin/../lib/gcc/arm-none-eabi/10.3.1/thumb/v7-m/nofp/crtend.o
LOAD d:/ide/stm32cube/stm32cubeide_1.10.1/stm32cubeide/plugins/com.st.stm32cube.ide.mcu.externaltools.gnu-tools-for-stm32.10.3-2021.10.win32_1.0.0.202111181127/tools/bin/../lib/gcc/arm-none-eabi/10.3.1/thumb/v7-m/nofp/crtn.o
                0x0000000020005000                _estack = (ORIGIN (RAM) + LENGTH (RAM))
                0x0000000000000200                _Min_Heap_Size = 0x200
                0x0000000000000400                _Min_Stack_Size = 0x400

.isr_vector     0x0000000008000000      0x10c
                0x0000000008000000                . = ALIGN (0x4)
 *(.isr_vector)
 .isr_vector    0x0000000008000000      0x10c ./Core/Startup/startup_stm32f103c8tx.o
                0x0000000008000000                g_pfnVectors
                0x000000000800010c                . = ALIGN (0x4)

.text           0x0000000008000110     0xa978
                0x0000000008000110                . = ALIGN (0x4)
 *(.text)
 .text          0x0000000008000110       0x40 d:/ide/stm32cube/stm32cubeide_1.10.1/stm32cubeide/plugins/com.st.stm32cube.ide.mcu.externaltools.gnu-tools-for-stm32.10.3-2021.10.win32_1.0.0.202111181127/tools/bin/../lib/gcc/arm-none-eabi/10.3.1/thumb/v7-m/nofp/crtbegin.o
 .text          0x0000000008000150       0x10 d:/ide/stm32cube/stm32cubeide_1.10.1/stm32cubeide/plugins/com.st.stm32cube.ide.mcu.externaltools.gnu-tools-for-stm32.10.3-2021.10.win32_1.0.0.202111181127/tools/bin/../lib/gcc/arm-none-eabi/10.3.1/../../../../arm-none-eabi/lib/thumb/v7-m/nofp\libc_nano.a(lib_a-strlen.o)
                0x0000000008000150                strlen
 .text          0x0000000008000160      0x378 d:/ide/stm32cube/stm32cubeide_1.10.1/stm32cubeide/plugins/com.st.stm32cube.ide.mcu.externaltools.gnu-tools-for-stm32.10.3-2021.10.win32_1.0.0.202111181127/tools/bin/../lib/gcc/arm-none-eabi/10.3.1/thumb/v7-m/nofp\libgcc.a(_arm_addsubdf3.o)
                0x0000000008000160                __aeabi_drsub
                0x0000000008000168                __aeabi_dsub
                0x0000000008000168                __subdf3
                0x000000000800016c                __aeabi_dadd
                0x000000000800016c                __adddf3
                0x00000000080003e4                __floatunsidf
                0x00000000080003e4                __aeabi_ui2d
                0x0000000008000404                __floatsidf
                0x0000000008000404                __aeabi_i2d
                0x0000000008000428                __aeabi_f2d
                0x0000000008000428                __extendsfdf2
                0x000000000800046c                __floatundidf
                0x000000000800046c                __aeabi_ul2d
                0x000000000800047c                __floatdidf
                0x000000000800047c                __aeabi_l2d
 .text          0x00000000080004d8      0x424 d:/ide/stm32cube/stm32cubeide_1.10.1/stm32cubeide/plugins/com.st.stm32cube.ide.mcu.externaltools.gnu-tools-for-stm32.10.3-2021.10.win32_1.0.0.202111181127/tools/bin/../lib/gcc/arm-none-eabi/10.3.1/thumb/v7-m/nofp\libgcc.a(_arm_muldivdf3.o)
                0x00000000080004d8                __aeabi_dmul
                0x00000000080004d8                __muldf3
                0x000000000800072c                __divdf3
                0x000000000800072c                __aeabi_ddiv
 .text          0x00000000080008fc      0x110 d:/ide/stm32cube/stm32cubeide_1.10.1/stm32cubeide/plugins/com.st.stm32cube.ide.mcu.externaltools.gnu-tools-for-stm32.10.3-2021.10.win32_1.0.0.202111181127/tools/bin/../lib/gcc/arm-none-eabi/10.3.1/thumb/v7-m/nofp\libgcc.a(_arm_cmpdf2.o)
                0x00000000080008fc                __gtdf2
                0x00000000080008fc                __gedf2
                0x0000000008000904                __ltdf2
                0x0000000008000904                __ledf2
                0x000000000800090c                __nedf2
                0x000000000800090c                __eqdf2
                0x000000000800090c                __cmpdf2
                0x0000000008000988                __aeabi_cdrcmple
                0x0000000008000998                __aeabi_cdcmpeq
                0x0000000008000998                __aeabi_cdcmple
                0x00000000080009a8                __aeabi_dcmpeq
                0x00000000080009bc                __aeabi_dcmplt
                0x00000000080009d0                __aeabi_dcmple
                0x00000000080009e4                __aeabi_dcmpge
                0x00000000080009f8                __aeabi_dcmpgt
 .text          0x0000000008000a0c       0x2c d:/ide/stm32cube/stm32cubeide_1.10.1/stm32cubeide/plugins/com.st.stm32cube.ide.mcu.externaltools.gnu-tools-for-stm32.10.3-2021.10.win32_1.0.0.202111181127/tools/bin/../lib/gcc/arm-none-eabi/10.3.1/thumb/v7-m/nofp\libgcc.a(_arm_unorddf2.o)
                0x0000000008000a0c                __unorddf2
                0x0000000008000a0c                __aeabi_dcmpun
 .text          0x0000000008000a38       0xa0 d:/ide/stm32cube/stm32cubeide_1.10.1/stm32cubeide/plugins/com.st.stm32cube.ide.mcu.externaltools.gnu-tools-for-stm32.10.3-2021.10.win32_1.0.0.202111181127/tools/bin/../lib/gcc/arm-none-eabi/10.3.1/thumb/v7-m/nofp\libgcc.a(_arm_truncdfsf2.o)
                0x0000000008000a38                __truncdfsf2
                0x0000000008000a38                __aeabi_d2f
 .text          0x0000000008000ad8      0x21c d:/ide/stm32cube/stm32cubeide_1.10.1/stm32cubeide/plugins/com.st.stm32cube.ide.mcu.externaltools.gnu-tools-for-stm32.10.3-2021.10.win32_1.0.0.202111181127/tools/bin/../lib/gcc/arm-none-eabi/10.3.1/thumb/v7-m/nofp\libgcc.a(_arm_addsubsf3.o)
                0x0000000008000ad8                __aeabi_frsub
                0x0000000008000ae0                __subsf3
                0x0000000008000ae0                __aeabi_fsub
                0x0000000008000ae4                __aeabi_fadd
                0x0000000008000ae4                __addsf3
                0x0000000008000c44                __aeabi_ui2f
                0x0000000008000c44                __floatunsisf
                0x0000000008000c4c                __aeabi_i2f
                0x0000000008000c4c                __floatsisf
                0x0000000008000c68                __aeabi_ul2f
                0x0000000008000c68                __floatundisf
                0x0000000008000c78                __aeabi_l2f
                0x0000000008000c78                __floatdisf
 .text          0x0000000008000cf4      0x2a0 d:/ide/stm32cube/stm32cubeide_1.10.1/stm32cubeide/plugins/com.st.stm32cube.ide.mcu.externaltools.gnu-tools-for-stm32.10.3-2021.10.win32_1.0.0.202111181127/tools/bin/../lib/gcc/arm-none-eabi/10.3.1/thumb/v7-m/nofp\libgcc.a(_arm_muldivsf3.o)
                0x0000000008000cf4                __mulsf3
                0x0000000008000cf4                __aeabi_fmul
                0x0000000008000e5c                __aeabi_fdiv
                0x0000000008000e5c                __divsf3
 .text          0x0000000008000f94       0xec d:/ide/stm32cube/stm32cubeide_1.10.1/stm32cubeide/plugins/com.st.stm32cube.ide.mcu.externaltools.gnu-tools-for-stm32.10.3-2021.10.win32_1.0.0.202111181127/tools/bin/../lib/gcc/arm-none-eabi/10.3.1/thumb/v7-m/nofp\libgcc.a(_arm_cmpsf2.o)
                0x0000000008000f94                __gesf2
                0x0000000008000f94                __gtsf2
                0x0000000008000f9c                __lesf2
                0x0000000008000f9c                __ltsf2
                0x0000000008000fa4                __nesf2
                0x0000000008000fa4                __eqsf2
                0x0000000008000fa4                __cmpsf2
                0x0000000008001004                __aeabi_cfrcmple
                0x000000000800100c                __aeabi_cfcmpeq
                0x000000000800100c                __aeabi_cfcmple
                0x000000000800101c                __aeabi_fcmpeq
                0x0000000008001030                __aeabi_fcmplt
                0x0000000008001044                __aeabi_fcmple
                0x0000000008001058                __aeabi_fcmpge
                0x000000000800106c                __aeabi_fcmpgt
 .text          0x0000000008001080       0x4c d:/ide/stm32cube/stm32cubeide_1.10.1/stm32cubeide/plugins/com.st.stm32cube.ide.mcu.externaltools.gnu-tools-for-stm32.10.3-2021.10.win32_1.0.0.202111181127/tools/bin/../lib/gcc/arm-none-eabi/10.3.1/thumb/v7-m/nofp\libgcc.a(_arm_fixsfsi.o)
                0x0000000008001080                __aeabi_f2iz
                0x0000000008001080                __fixsfsi
 .text          0x00000000080010cc       0x40 d:/ide/stm32cube/stm32cubeide_1.10.1/stm32cubeide/plugins/com.st.stm32cube.ide.mcu.externaltools.gnu-tools-for-stm32.10.3-2021.10.win32_1.0.0.202111181127/tools/bin/../lib/gcc/arm-none-eabi/10.3.1/thumb/v7-m/nofp\libgcc.a(_arm_fixunssfsi.o)
                0x00000000080010cc                __fixunssfsi
                0x00000000080010cc                __aeabi_f2uiz
 *(.text*)
 .text.ESP_AT_Init
                0x000000000800110c       0x2c ./Core/Src/ESP_AT.o
                0x000000000800110c                ESP_AT_Init
 .text.AT_Execute
                0x0000000008001138       0x24 ./Core/Src/ESP_AT.o
                0x0000000008001138                AT_Execute
 .text.ATE0_Execute
                0x000000000800115c       0x24 ./Core/Src/ESP_AT.o
                0x000000000800115c                ATE0_Execute
 .text.AT__RST_Execute
                0x0000000008001180       0x40 ./Core/Src/ESP_AT.o
                0x0000000008001180                AT__RST_Execute
 .text.AT__CWMODE_CUR_Set
                0x00000000080011c0       0x40 ./Core/Src/ESP_AT.o
                0x00000000080011c0                AT__CWMODE_CUR_Set
 .text.AT__CIPAP_CUR_Set
                0x0000000008001200       0x48 ./Core/Src/ESP_AT.o
                0x0000000008001200                AT__CIPAP_CUR_Set
 .text.AT__CWSAP_CUR_Set
                0x0000000008001248       0x54 ./Core/Src/ESP_AT.o
                0x0000000008001248                AT__CWSAP_CUR_Set
 .text.AT__CIPMUX_Set
                0x000000000800129c       0x40 ./Core/Src/ESP_AT.o
                0x000000000800129c                AT__CIPMUX_Set
 .text.AT__CIPSERVER_Set
                0x00000000080012dc       0x48 ./Core/Src/ESP_AT.o
                0x00000000080012dc                AT__CIPSERVER_Set
 .text.AT__CIPSTA_CUR_Set
                0x0000000008001324       0x48 ./Core/Src/ESP_AT.o
                0x0000000008001324                AT__CIPSTA_CUR_Set
 .text.AT__CWJAP_CUR_Set
                0x000000000800136c       0x40 ./Core/Src/ESP_AT.o
                0x000000000800136c                AT__CWJAP_CUR_Set
 .text.ESP_SendCommand
                0x00000000080013ac       0x5c ./Core/Src/ESP_AT.o
                0x00000000080013ac                ESP_SendCommand
 .text.ESP_CheckMessage
                0x0000000008001408       0x8c ./Core/Src/ESP_AT.o
                0x0000000008001408                ESP_CheckMessage
 .text.HAL_UARTEx_RxEventCallback
                0x0000000008001494      0x144 ./Core/Src/ESP_AT.o
                0x0000000008001494                HAL_UARTEx_RxEventCallback
 .text.WIFI_CONNECTED_callback
                0x00000000080015d8        0xc ./Core/Src/ESP_AT.o
                0x00000000080015d8                WIFI_CONNECTED_callback
 .text.WIFI_DISCONNECT_callback
                0x00000000080015e4        0xc ./Core/Src/ESP_AT.o
                0x00000000080015e4                WIFI_DISCONNECT_callback
 .text.CONNECT_callback
                0x00000000080015f0       0x12 ./Core/Src/ESP_AT.o
                0x00000000080015f0                CONNECT_callback
 .text.CLOSE_callback
                0x0000000008001602        0xc ./Core/Src/ESP_AT.o
                0x0000000008001602                CLOSE_callback
 *fill*         0x000000000800160e        0x2 
 .text.sine     0x0000000008001610       0xd4 ./Core/Src/FFT.o
                0x0000000008001610                sine
 .text.cosine   0x00000000080016e4       0xd8 ./Core/Src/FFT.o
                0x00000000080016e4                cosine
 .text.FFT      0x00000000080017bc      0x6d6 ./Core/Src/FFT.o
                0x00000000080017bc                FFT
 *fill*         0x0000000008001e92        0x2 
 .text.FlashPROM_Init
                0x0000000008001e94       0x20 ./Core/Src/FlashPROM.o
                0x0000000008001e94                FlashPROM_Init
 .text.FlashPROM_Write16
                0x0000000008001eb4       0xb0 ./Core/Src/FlashPROM.o
                0x0000000008001eb4                FlashPROM_Write16
 .text.FlashPROM_Read16
                0x0000000008001f64       0xa4 ./Core/Src/FlashPROM.o
                0x0000000008001f64                FlashPROM_Read16
 .text.EraseFlash
                0x0000000008002008       0x40 ./Core/Src/FlashPROM.o
                0x0000000008002008                EraseFlash
 .text.WS2812B_Init
                0x0000000008002048       0x6c ./Core/Src/WS2812B.o
                0x0000000008002048                WS2812B_Init
 .text.WS2812B_SetDelay
                0x00000000080020b4       0x20 ./Core/Src/WS2812B.o
                0x00000000080020b4                WS2812B_SetDelay
 .text.WS2812B_SetPixelBrightness
                0x00000000080020d4       0x26 ./Core/Src/WS2812B.o
                0x00000000080020d4                WS2812B_SetPixelBrightness
 *fill*         0x00000000080020fa        0x2 
 .text.WS2812B_SetBrightness
                0x00000000080020fc       0x4c ./Core/Src/WS2812B.o
                0x00000000080020fc                WS2812B_SetBrightness
 .text.WS2812B_SetNumLeds
                0x0000000008002148       0x78 ./Core/Src/WS2812B.o
                0x0000000008002148                WS2812B_SetNumLeds
 .text.WS2812B_Show
                0x00000000080021c0       0x60 ./Core/Src/WS2812B.o
                0x00000000080021c0                WS2812B_Show
 .text.WS2812B_SetPixelRGB
                0x0000000008002220       0x48 ./Core/Src/WS2812B.o
                0x0000000008002220                WS2812B_SetPixelRGB
 .text.WS2812B_SetPixelHSV
                0x0000000008002268      0x39c ./Core/Src/WS2812B.o
                0x0000000008002268                WS2812B_SetPixelHSV
 .text.RGB_to_GRB_PWM
                0x0000000008002604      0x1f8 ./Core/Src/WS2812B.o
                0x0000000008002604                RGB_to_GRB_PWM
 .text.HAL_TIM_PWM_PulseFinishedCallback
                0x00000000080027fc       0x30 ./Core/Src/WS2812B.o
                0x00000000080027fc                HAL_TIM_PWM_PulseFinishedCallback
 .text.interpolation
                0x000000000800282c       0x56 ./Core/Src/WS2812B.o
                0x000000000800282c                interpolation
 *fill*         0x0000000008002882        0x2 
 .text.WS2812B_MakeEffect
                0x0000000008002884       0x8c ./Core/Src/WS2812B_CustomEffects.o
                0x0000000008002884                WS2812B_MakeEffect
 .text.WS2812B_MakeColorMusic
                0x0000000008002910       0x58 ./Core/Src/WS2812B_CustomEffects.o
                0x0000000008002910                WS2812B_MakeColorMusic
 .text.WS2812B_SetEffectDelay
                0x0000000008002968       0x20 ./Core/Src/WS2812B_CustomEffects.o
                0x0000000008002968                WS2812B_SetEffectDelay
 .text.WS2812B_SetColorMusicDelay
                0x0000000008002988       0x20 ./Core/Src/WS2812B_CustomEffects.o
                0x0000000008002988                WS2812B_SetColorMusicDelay
 .text.WS2812B_SetMaxAmplitudeL
                0x00000000080029a8       0x20 ./Core/Src/WS2812B_CustomEffects.o
                0x00000000080029a8                WS2812B_SetMaxAmplitudeL
 .text.WS2812B_SetMaxAmplitudeM
                0x00000000080029c8       0x20 ./Core/Src/WS2812B_CustomEffects.o
                0x00000000080029c8                WS2812B_SetMaxAmplitudeM
 .text.WS2812B_SetMaxAmplitudeH
                0x00000000080029e8       0x20 ./Core/Src/WS2812B_CustomEffects.o
                0x00000000080029e8                WS2812B_SetMaxAmplitudeH
 .text.RainbowLoop
                0x0000000008002a08       0xe0 ./Core/Src/WS2812B_CustomEffects.o
                0x0000000008002a08                RainbowLoop
 .text.FlipFlop
                0x0000000008002ae8      0x230 ./Core/Src/WS2812B_CustomEffects.o
                0x0000000008002ae8                FlipFlop
 .text.Fade     0x0000000008002d18       0x98 ./Core/Src/WS2812B_CustomEffects.o
                0x0000000008002d18                Fade
 .text.Rainbow  0x0000000008002db0       0xe4 ./Core/Src/WS2812B_CustomEffects.o
                0x0000000008002db0                Rainbow
 .text.RainbowFade
                0x0000000008002e94       0xc8 ./Core/Src/WS2812B_CustomEffects.o
                0x0000000008002e94                RainbowFade
 .text.RandomColorFade
                0x0000000008002f5c       0xc4 ./Core/Src/WS2812B_CustomEffects.o
                0x0000000008002f5c                RandomColorFade
 .text.Police   0x0000000008003020      0x120 ./Core/Src/WS2812B_CustomEffects.o
                0x0000000008003020                Police
 .text.WS2812B_CM_Init
                0x0000000008003140       0x1c ./Core/Src/WS2812B_CustomEffects.o
                0x0000000008003140                WS2812B_CM_Init
 .text.ColorMusic_1
                0x000000000800315c      0x268 ./Core/Src/WS2812B_CustomEffects.o
                0x000000000800315c                ColorMusic_1
 .text.ColorMusic_2
                0x00000000080033c4      0x1a0 ./Core/Src/WS2812B_CustomEffects.o
                0x00000000080033c4                ColorMusic_2
 .text.ColorMusic_3
                0x0000000008003564      0x424 ./Core/Src/WS2812B_CustomEffects.o
                0x0000000008003564                ColorMusic_3
 .text.find_max_ampl
                0x0000000008003988       0x54 ./Core/Src/WS2812B_CustomEffects.o
                0x0000000008003988                find_max_ampl
 .text.HAL_ADC_ConvCpltCallback
                0x00000000080039dc       0x68 ./Core/Src/WS2812B_CustomEffects.o
                0x00000000080039dc                HAL_ADC_ConvCpltCallback
 .text.Effect_Loop
                0x0000000008003a44      0x144 ./Core/Src/WS2812B_Effects.o
                0x0000000008003a44                Effect_Loop
 .text.Effect_Rainbow
                0x0000000008003b88       0xac ./Core/Src/WS2812B_Effects.o
                0x0000000008003b88                Effect_Rainbow
 .text.Effect_Fade
                0x0000000008003c34      0x2c4 ./Core/Src/WS2812B_Effects.o
                0x0000000008003c34                Effect_Fade
 .text.Effect_FadeDown
                0x0000000008003ef8       0xf8 ./Core/Src/WS2812B_Effects.o
                0x0000000008003ef8                Effect_FadeDown
 .text.Effect_Train
                0x0000000008003ff0      0x140 ./Core/Src/WS2812B_Effects.o
                0x0000000008003ff0                Effect_Train
 .text.Preset_Rainbow
                0x0000000008004130       0xc8 ./Core/Src/WS2812B_Presets.o
                0x0000000008004130                Preset_Rainbow
 .text.Preset_Raindrop
                0x00000000080041f8       0xf8 ./Core/Src/WS2812B_Presets.o
                0x00000000080041f8                Preset_Raindrop
 .text.Preset_OnOff
                0x00000000080042f0       0x64 ./Core/Src/WS2812B_Presets.o
                0x00000000080042f0                Preset_OnOff
 .text.Preset_RandomColor
                0x0000000008004354       0x64 ./Core/Src/WS2812B_Presets.o
                0x0000000008004354                Preset_RandomColor
 .text.Preset_Hue
                0x00000000080043b8       0x4a ./Core/Src/WS2812B_Presets.o
                0x00000000080043b8                Preset_Hue
 *fill*         0x0000000008004402        0x2 
 .text.__NVIC_SystemReset
                0x0000000008004404       0x2c ./Core/Src/main.o
 .text.saveData
                0x0000000008004430       0x40 ./Core/Src/main.o
                0x0000000008004430                saveData
 .text.IPD_callback
                0x0000000008004470      0x35c ./Core/Src/main.o
                0x0000000008004470                IPD_callback
 .text.main     0x00000000080047cc      0x2cc ./Core/Src/main.o
                0x00000000080047cc                main
 .text.SystemClock_Config
                0x0000000008004a98       0xb6 ./Core/Src/main.o
                0x0000000008004a98                SystemClock_Config
 *fill*         0x0000000008004b4e        0x2 
 .text.MX_ADC1_Init
                0x0000000008004b50       0x7c ./Core/Src/main.o
 .text.MX_TIM1_Init
                0x0000000008004bcc      0x104 ./Core/Src/main.o
 .text.MX_TIM3_Init
                0x0000000008004cd0       0x9c ./Core/Src/main.o
 .text.MX_USART1_UART_Init
                0x0000000008004d6c       0x54 ./Core/Src/main.o
 .text.MX_DMA_Init
                0x0000000008004dc0       0x4c ./Core/Src/main.o
 .text.MX_GPIO_Init
                0x0000000008004e0c       0x44 ./Core/Src/main.o
 .text.Error_Handler
                0x0000000008004e50        0xa ./Core/Src/main.o
                0x0000000008004e50                Error_Handler
 *fill*         0x0000000008004e5a        0x2 
 .text.HAL_MspInit
                0x0000000008004e5c       0x64 ./Core/Src/stm32f1xx_hal_msp.o
                0x0000000008004e5c                HAL_MspInit
 .text.HAL_ADC_MspInit
                0x0000000008004ec0       0x88 ./Core/Src/stm32f1xx_hal_msp.o
                0x0000000008004ec0                HAL_ADC_MspInit
 .text.HAL_TIM_PWM_MspInit
                0x0000000008004f48       0x94 ./Core/Src/stm32f1xx_hal_msp.o
                0x0000000008004f48                HAL_TIM_PWM_MspInit
 .text.HAL_TIM_Base_MspInit
                0x0000000008004fdc       0x3c ./Core/Src/stm32f1xx_hal_msp.o
                0x0000000008004fdc                HAL_TIM_Base_MspInit
 .text.HAL_TIM_MspPostInit
                0x0000000008005018       0x68 ./Core/Src/stm32f1xx_hal_msp.o
                0x0000000008005018                HAL_TIM_MspPostInit
 .text.HAL_UART_MspInit
                0x0000000008005080      0x100 ./Core/Src/stm32f1xx_hal_msp.o
                0x0000000008005080                HAL_UART_MspInit
 .text.NMI_Handler
                0x0000000008005180        0x6 ./Core/Src/stm32f1xx_it.o
                0x0000000008005180                NMI_Handler
 .text.HardFault_Handler
                0x0000000008005186        0x6 ./Core/Src/stm32f1xx_it.o
                0x0000000008005186                HardFault_Handler
 .text.MemManage_Handler
                0x000000000800518c        0x6 ./Core/Src/stm32f1xx_it.o
                0x000000000800518c                MemManage_Handler
 .text.BusFault_Handler
                0x0000000008005192        0x6 ./Core/Src/stm32f1xx_it.o
                0x0000000008005192                BusFault_Handler
 .text.UsageFault_Handler
                0x0000000008005198        0x6 ./Core/Src/stm32f1xx_it.o
                0x0000000008005198                UsageFault_Handler
 .text.SVC_Handler
                0x000000000800519e        0xc ./Core/Src/stm32f1xx_it.o
                0x000000000800519e                SVC_Handler
 .text.DebugMon_Handler
                0x00000000080051aa        0xc ./Core/Src/stm32f1xx_it.o
                0x00000000080051aa                DebugMon_Handler
 .text.PendSV_Handler
                0x00000000080051b6        0xc ./Core/Src/stm32f1xx_it.o
                0x00000000080051b6                PendSV_Handler
 .text.SysTick_Handler
                0x00000000080051c2        0xc ./Core/Src/stm32f1xx_it.o
                0x00000000080051c2                SysTick_Handler
 *fill*         0x00000000080051ce        0x2 
 .text.DMA1_Channel2_IRQHandler
                0x00000000080051d0       0x14 ./Core/Src/stm32f1xx_it.o
                0x00000000080051d0                DMA1_Channel2_IRQHandler
 .text.DMA1_Channel5_IRQHandler
                0x00000000080051e4       0x14 ./Core/Src/stm32f1xx_it.o
                0x00000000080051e4                DMA1_Channel5_IRQHandler
 .text.ADC1_2_IRQHandler
                0x00000000080051f8       0x14 ./Core/Src/stm32f1xx_it.o
                0x00000000080051f8                ADC1_2_IRQHandler
 .text.USART1_IRQHandler
                0x000000000800520c       0x14 ./Core/Src/stm32f1xx_it.o
                0x000000000800520c                USART1_IRQHandler
 .text._getpid  0x0000000008005220        0xe ./Core/Src/syscalls.o
                0x0000000008005220                _getpid
 .text._kill    0x000000000800522e       0x20 ./Core/Src/syscalls.o
                0x000000000800522e                _kill
 .text._exit    0x000000000800524e       0x14 ./Core/Src/syscalls.o
                0x000000000800524e                _exit
 .text._read    0x0000000008005262       0x3a ./Core/Src/syscalls.o
                0x0000000008005262                _read
 .text._write   0x000000000800529c       0x38 ./Core/Src/syscalls.o
                0x000000000800529c                _write
 .text._close   0x00000000080052d4       0x16 ./Core/Src/syscalls.o
                0x00000000080052d4                _close
 .text._fstat   0x00000000080052ea       0x1e ./Core/Src/syscalls.o
                0x00000000080052ea                _fstat
 .text._isatty  0x0000000008005308       0x14 ./Core/Src/syscalls.o
                0x0000000008005308                _isatty
 .text._lseek   0x000000000800531c       0x18 ./Core/Src/syscalls.o
                0x000000000800531c                _lseek
 .text._sbrk    0x0000000008005334       0x6c ./Core/Src/sysmem.o
                0x0000000008005334                _sbrk
 .text.SystemInit
                0x00000000080053a0        0xc ./Core/Src/system_stm32f1xx.o
                0x00000000080053a0                SystemInit
 .text.Reset_Handler
                0x00000000080053ac       0x48 ./Core/Startup/startup_stm32f103c8tx.o
                0x00000000080053ac                Reset_Handler
 .text.Default_Handler
                0x00000000080053f4        0x2 ./Core/Startup/startup_stm32f103c8tx.o
                0x00000000080053f4                RTC_Alarm_IRQHandler
                0x00000000080053f4                EXTI2_IRQHandler
                0x00000000080053f4                TIM1_CC_IRQHandler
                0x00000000080053f4                PVD_IRQHandler
                0x00000000080053f4                EXTI3_IRQHandler
                0x00000000080053f4                EXTI0_IRQHandler
                0x00000000080053f4                I2C2_EV_IRQHandler
                0x00000000080053f4                SPI1_IRQHandler
                0x00000000080053f4                TAMPER_IRQHandler
                0x00000000080053f4                DMA1_Channel4_IRQHandler
                0x00000000080053f4                USART3_IRQHandler
                0x00000000080053f4                RTC_IRQHandler
                0x00000000080053f4                DMA1_Channel7_IRQHandler
                0x00000000080053f4                CAN1_RX1_IRQHandler
                0x00000000080053f4                TIM4_IRQHandler
                0x00000000080053f4                I2C1_EV_IRQHandler
                0x00000000080053f4                DMA1_Channel6_IRQHandler
                0x00000000080053f4                TIM3_IRQHandler
                0x00000000080053f4                RCC_IRQHandler
                0x00000000080053f4                TIM1_TRG_COM_IRQHandler
                0x00000000080053f4                DMA1_Channel1_IRQHandler
                0x00000000080053f4                Default_Handler
                0x00000000080053f4                EXTI15_10_IRQHandler
                0x00000000080053f4                EXTI9_5_IRQHandler
                0x00000000080053f4                SPI2_IRQHandler
                0x00000000080053f4                EXTI4_IRQHandler
                0x00000000080053f4                USB_LP_CAN1_RX0_IRQHandler
                0x00000000080053f4                USB_HP_CAN1_TX_IRQHandler
                0x00000000080053f4                DMA1_Channel3_IRQHandler
                0x00000000080053f4                TIM1_UP_IRQHandler
                0x00000000080053f4                WWDG_IRQHandler
                0x00000000080053f4                TIM2_IRQHandler
                0x00000000080053f4                TIM1_BRK_IRQHandler
                0x00000000080053f4                EXTI1_IRQHandler
                0x00000000080053f4                USART2_IRQHandler
                0x00000000080053f4                I2C2_ER_IRQHandler
                0x00000000080053f4                CAN1_SCE_IRQHandler
                0x00000000080053f4                FLASH_IRQHandler
                0x00000000080053f4                I2C1_ER_IRQHandler
                0x00000000080053f4                USBWakeUp_IRQHandler
 *fill*         0x00000000080053f6        0x2 
 .text.HAL_Init
                0x00000000080053f8       0x2c ./Drivers/STM32F1xx_HAL_Driver/Src/stm32f1xx_hal.o
                0x00000000080053f8                HAL_Init
 .text.HAL_InitTick
                0x0000000008005424       0x60 ./Drivers/STM32F1xx_HAL_Driver/Src/stm32f1xx_hal.o
                0x0000000008005424                HAL_InitTick
 .text.HAL_IncTick
                0x0000000008005484       0x24 ./Drivers/STM32F1xx_HAL_Driver/Src/stm32f1xx_hal.o
                0x0000000008005484                HAL_IncTick
 .text.HAL_GetTick
                0x00000000080054a8       0x14 ./Drivers/STM32F1xx_HAL_Driver/Src/stm32f1xx_hal.o
                0x00000000080054a8                HAL_GetTick
 .text.HAL_Delay
                0x00000000080054bc       0x48 ./Drivers/STM32F1xx_HAL_Driver/Src/stm32f1xx_hal.o
                0x00000000080054bc                HAL_Delay
 .text.HAL_ADC_Init
                0x0000000008005504      0x1b0 ./Drivers/STM32F1xx_HAL_Driver/Src/stm32f1xx_hal_adc.o
                0x0000000008005504                HAL_ADC_Init
 .text.HAL_ADC_Start_IT
                0x00000000080056b4      0x16c ./Drivers/STM32F1xx_HAL_Driver/Src/stm32f1xx_hal_adc.o
                0x00000000080056b4                HAL_ADC_Start_IT
 .text.HAL_ADC_GetValue
                0x0000000008005820       0x18 ./Drivers/STM32F1xx_HAL_Driver/Src/stm32f1xx_hal_adc.o
                0x0000000008005820                HAL_ADC_GetValue
 .text.HAL_ADC_IRQHandler
                0x0000000008005838      0x186 ./Drivers/STM32F1xx_HAL_Driver/Src/stm32f1xx_hal_adc.o
                0x0000000008005838                HAL_ADC_IRQHandler
 .text.HAL_ADC_LevelOutOfWindowCallback
                0x00000000080059be       0x12 ./Drivers/STM32F1xx_HAL_Driver/Src/stm32f1xx_hal_adc.o
                0x00000000080059be                HAL_ADC_LevelOutOfWindowCallback
 .text.HAL_ADC_ConfigChannel
                0x00000000080059d0      0x1f0 ./Drivers/STM32F1xx_HAL_Driver/Src/stm32f1xx_hal_adc.o
                0x00000000080059d0                HAL_ADC_ConfigChannel
 .text.ADC_Enable
                0x0000000008005bc0       0xb4 ./Drivers/STM32F1xx_HAL_Driver/Src/stm32f1xx_hal_adc.o
                0x0000000008005bc0                ADC_Enable
 .text.ADC_ConversionStop_Disable
                0x0000000008005c74       0x82 ./Drivers/STM32F1xx_HAL_Driver/Src/stm32f1xx_hal_adc.o
                0x0000000008005c74                ADC_ConversionStop_Disable
 .text.HAL_ADCEx_InjectedConvCpltCallback
                0x0000000008005cf6       0x12 ./Drivers/STM32F1xx_HAL_Driver/Src/stm32f1xx_hal_adc_ex.o
                0x0000000008005cf6                HAL_ADCEx_InjectedConvCpltCallback
 .text.__NVIC_SetPriorityGrouping
                0x0000000008005d08       0x48 ./Drivers/STM32F1xx_HAL_Driver/Src/stm32f1xx_hal_cortex.o
 .text.__NVIC_GetPriorityGrouping
                0x0000000008005d50       0x1c ./Drivers/STM32F1xx_HAL_Driver/Src/stm32f1xx_hal_cortex.o
 .text.__NVIC_EnableIRQ
                0x0000000008005d6c       0x38 ./Drivers/STM32F1xx_HAL_Driver/Src/stm32f1xx_hal_cortex.o
 .text.__NVIC_SetPriority
                0x0000000008005da4       0x54 ./Drivers/STM32F1xx_HAL_Driver/Src/stm32f1xx_hal_cortex.o
 .text.NVIC_EncodePriority
                0x0000000008005df8       0x64 ./Drivers/STM32F1xx_HAL_Driver/Src/stm32f1xx_hal_cortex.o
 .text.SysTick_Config
                0x0000000008005e5c       0x44 ./Drivers/STM32F1xx_HAL_Driver/Src/stm32f1xx_hal_cortex.o
 .text.HAL_NVIC_SetPriorityGrouping
                0x0000000008005ea0       0x16 ./Drivers/STM32F1xx_HAL_Driver/Src/stm32f1xx_hal_cortex.o
                0x0000000008005ea0                HAL_NVIC_SetPriorityGrouping
 .text.HAL_NVIC_SetPriority
                0x0000000008005eb6       0x38 ./Drivers/STM32F1xx_HAL_Driver/Src/stm32f1xx_hal_cortex.o
                0x0000000008005eb6                HAL_NVIC_SetPriority
 .text.HAL_NVIC_EnableIRQ
                0x0000000008005eee       0x1c ./Drivers/STM32F1xx_HAL_Driver/Src/stm32f1xx_hal_cortex.o
                0x0000000008005eee                HAL_NVIC_EnableIRQ
 .text.HAL_SYSTICK_Config
                0x0000000008005f0a       0x18 ./Drivers/STM32F1xx_HAL_Driver/Src/stm32f1xx_hal_cortex.o
                0x0000000008005f0a                HAL_SYSTICK_Config
 *fill*         0x0000000008005f22        0x2 
 .text.HAL_DMA_Init
                0x0000000008005f24       0xb4 ./Drivers/STM32F1xx_HAL_Driver/Src/stm32f1xx_hal_dma.o
                0x0000000008005f24                HAL_DMA_Init
 .text.HAL_DMA_Start_IT
                0x0000000008005fd8       0xbe ./Drivers/STM32F1xx_HAL_Driver/Src/stm32f1xx_hal_dma.o
                0x0000000008005fd8                HAL_DMA_Start_IT
 .text.HAL_DMA_Abort
                0x0000000008006096       0x74 ./Drivers/STM32F1xx_HAL_Driver/Src/stm32f1xx_hal_dma.o
                0x0000000008006096                HAL_DMA_Abort
 *fill*         0x000000000800610a        0x2 
 .text.HAL_DMA_Abort_IT
                0x000000000800610c       0xec ./Drivers/STM32F1xx_HAL_Driver/Src/stm32f1xx_hal_dma.o
                0x000000000800610c                HAL_DMA_Abort_IT
 .text.HAL_DMA_IRQHandler
                0x00000000080061f8      0x20c ./Drivers/STM32F1xx_HAL_Driver/Src/stm32f1xx_hal_dma.o
                0x00000000080061f8                HAL_DMA_IRQHandler
 .text.DMA_SetConfig
                0x0000000008006404       0x5a ./Drivers/STM32F1xx_HAL_Driver/Src/stm32f1xx_hal_dma.o
 *fill*         0x000000000800645e        0x2 
 .text.HAL_FLASH_Program
                0x0000000008006460       0xe0 ./Drivers/STM32F1xx_HAL_Driver/Src/stm32f1xx_hal_flash.o
                0x0000000008006460                HAL_FLASH_Program
 .text.HAL_FLASH_Unlock
                0x0000000008006540       0x4c ./Drivers/STM32F1xx_HAL_Driver/Src/stm32f1xx_hal_flash.o
                0x0000000008006540                HAL_FLASH_Unlock
 .text.HAL_FLASH_Lock
                0x000000000800658c       0x20 ./Drivers/STM32F1xx_HAL_Driver/Src/stm32f1xx_hal_flash.o
                0x000000000800658c                HAL_FLASH_Lock
 .text.FLASH_Program_HalfWord
                0x00000000080065ac       0x38 ./Drivers/STM32F1xx_HAL_Driver/Src/stm32f1xx_hal_flash.o
 .text.FLASH_WaitForLastOperation
                0x00000000080065e4       0x8c ./Drivers/STM32F1xx_HAL_Driver/Src/stm32f1xx_hal_flash.o
                0x00000000080065e4                FLASH_WaitForLastOperation
 .text.FLASH_SetErrorCode
                0x0000000008006670       0xa0 ./Drivers/STM32F1xx_HAL_Driver/Src/stm32f1xx_hal_flash.o
 .text.HAL_FLASHEx_Erase
                0x0000000008006710       0xd8 ./Drivers/STM32F1xx_HAL_Driver/Src/stm32f1xx_hal_flash_ex.o
                0x0000000008006710                HAL_FLASHEx_Erase
 .text.FLASH_MassErase
                0x00000000080067e8       0x38 ./Drivers/STM32F1xx_HAL_Driver/Src/stm32f1xx_hal_flash_ex.o
 .text.FLASH_PageErase
                0x0000000008006820       0x40 ./Drivers/STM32F1xx_HAL_Driver/Src/stm32f1xx_hal_flash_ex.o
                0x0000000008006820                FLASH_PageErase
 .text.HAL_GPIO_Init
                0x0000000008006860      0x308 ./Drivers/STM32F1xx_HAL_Driver/Src/stm32f1xx_hal_gpio.o
                0x0000000008006860                HAL_GPIO_Init
 .text.HAL_RCC_OscConfig
                0x0000000008006b68      0x504 ./Drivers/STM32F1xx_HAL_Driver/Src/stm32f1xx_hal_rcc.o
                0x0000000008006b68                HAL_RCC_OscConfig
 .text.HAL_RCC_ClockConfig
                0x000000000800706c      0x1d4 ./Drivers/STM32F1xx_HAL_Driver/Src/stm32f1xx_hal_rcc.o
                0x000000000800706c                HAL_RCC_ClockConfig
 .text.HAL_RCC_GetSysClockFreq
                0x0000000008007240       0xbc ./Drivers/STM32F1xx_HAL_Driver/Src/stm32f1xx_hal_rcc.o
                0x0000000008007240                HAL_RCC_GetSysClockFreq
 .text.HAL_RCC_GetHCLKFreq
                0x00000000080072fc       0x14 ./Drivers/STM32F1xx_HAL_Driver/Src/stm32f1xx_hal_rcc.o
                0x00000000080072fc                HAL_RCC_GetHCLKFreq
 .text.HAL_RCC_GetPCLK1Freq
                0x0000000008007310       0x28 ./Drivers/STM32F1xx_HAL_Driver/Src/stm32f1xx_hal_rcc.o
                0x0000000008007310                HAL_RCC_GetPCLK1Freq
 .text.HAL_RCC_GetPCLK2Freq
                0x0000000008007338       0x28 ./Drivers/STM32F1xx_HAL_Driver/Src/stm32f1xx_hal_rcc.o
                0x0000000008007338                HAL_RCC_GetPCLK2Freq
 .text.RCC_Delay
                0x0000000008007360       0x3c ./Drivers/STM32F1xx_HAL_Driver/Src/stm32f1xx_hal_rcc.o
 .text.HAL_RCCEx_PeriphCLKConfig
                0x000000000800739c      0x16c ./Drivers/STM32F1xx_HAL_Driver/Src/stm32f1xx_hal_rcc_ex.o
                0x000000000800739c                HAL_RCCEx_PeriphCLKConfig
 .text.HAL_TIM_Base_Init
                0x0000000008007508       0x9e ./Drivers/STM32F1xx_HAL_Driver/Src/stm32f1xx_hal_tim.o
                0x0000000008007508                HAL_TIM_Base_Init
 *fill*         0x00000000080075a6        0x2 
 .text.HAL_TIM_Base_Start
                0x00000000080075a8       0x94 ./Drivers/STM32F1xx_HAL_Driver/Src/stm32f1xx_hal_tim.o
                0x00000000080075a8                HAL_TIM_Base_Start
 .text.HAL_TIM_PWM_Init
                0x000000000800763c       0x9e ./Drivers/STM32F1xx_HAL_Driver/Src/stm32f1xx_hal_tim.o
                0x000000000800763c                HAL_TIM_PWM_Init
 *fill*         0x00000000080076da        0x2 
 .text.HAL_TIM_PWM_Start_DMA
                0x00000000080076dc      0x334 ./Drivers/STM32F1xx_HAL_Driver/Src/stm32f1xx_hal_tim.o
                0x00000000080076dc                HAL_TIM_PWM_Start_DMA
 .text.HAL_TIM_PWM_Stop_DMA
                0x0000000008007a10      0x17c ./Drivers/STM32F1xx_HAL_Driver/Src/stm32f1xx_hal_tim.o
                0x0000000008007a10                HAL_TIM_PWM_Stop_DMA
 .text.HAL_TIM_PWM_ConfigChannel
                0x0000000008007b8c      0x17c ./Drivers/STM32F1xx_HAL_Driver/Src/stm32f1xx_hal_tim.o
                0x0000000008007b8c                HAL_TIM_PWM_ConfigChannel
 .text.HAL_TIM_ConfigClockSource
                0x0000000008007d08      0x188 ./Drivers/STM32F1xx_HAL_Driver/Src/stm32f1xx_hal_tim.o
                0x0000000008007d08                HAL_TIM_ConfigClockSource
 .text.HAL_TIM_PWM_PulseFinishedHalfCpltCallback
                0x0000000008007e90       0x12 ./Drivers/STM32F1xx_HAL_Driver/Src/stm32f1xx_hal_tim.o
                0x0000000008007e90                HAL_TIM_PWM_PulseFinishedHalfCpltCallback
 .text.HAL_TIM_ErrorCallback
                0x0000000008007ea2       0x12 ./Drivers/STM32F1xx_HAL_Driver/Src/stm32f1xx_hal_tim.o
                0x0000000008007ea2                HAL_TIM_ErrorCallback
 .text.TIM_DMAError
                0x0000000008007eb4       0x92 ./Drivers/STM32F1xx_HAL_Driver/Src/stm32f1xx_hal_tim.o
                0x0000000008007eb4                TIM_DMAError
 .text.TIM_DMADelayPulseCplt
                0x0000000008007f46       0xa8 ./Drivers/STM32F1xx_HAL_Driver/Src/stm32f1xx_hal_tim.o
 .text.TIM_DMADelayPulseHalfCplt
                0x0000000008007fee       0x68 ./Drivers/STM32F1xx_HAL_Driver/Src/stm32f1xx_hal_tim.o
                0x0000000008007fee                TIM_DMADelayPulseHalfCplt
 *fill*         0x0000000008008056        0x2 
 .text.TIM_Base_SetConfig
                0x0000000008008058       0xc4 ./Drivers/STM32F1xx_HAL_Driver/Src/stm32f1xx_hal_tim.o
                0x0000000008008058                TIM_Base_SetConfig
 .text.TIM_OC1_SetConfig
                0x000000000800811c       0xcc ./Drivers/STM32F1xx_HAL_Driver/Src/stm32f1xx_hal_tim.o
 .text.TIM_OC2_SetConfig
                0x00000000080081e8       0xd4 ./Drivers/STM32F1xx_HAL_Driver/Src/stm32f1xx_hal_tim.o
                0x00000000080081e8                TIM_OC2_SetConfig
 .text.TIM_OC3_SetConfig
                0x00000000080082bc       0xd4 ./Drivers/STM32F1xx_HAL_Driver/Src/stm32f1xx_hal_tim.o
 .text.TIM_OC4_SetConfig
                0x0000000008008390       0x9c ./Drivers/STM32F1xx_HAL_Driver/Src/stm32f1xx_hal_tim.o
 .text.TIM_TI1_ConfigInputStage
                0x000000000800842c       0x5c ./Drivers/STM32F1xx_HAL_Driver/Src/stm32f1xx_hal_tim.o
 .text.TIM_TI2_ConfigInputStage
                0x0000000008008488       0x5e ./Drivers/STM32F1xx_HAL_Driver/Src/stm32f1xx_hal_tim.o
 .text.TIM_ITRx_SetConfig
                0x00000000080084e6       0x34 ./Drivers/STM32F1xx_HAL_Driver/Src/stm32f1xx_hal_tim.o
 .text.TIM_ETR_SetConfig
                0x000000000800851a       0x3e ./Drivers/STM32F1xx_HAL_Driver/Src/stm32f1xx_hal_tim.o
                0x000000000800851a                TIM_ETR_SetConfig
 .text.TIM_CCxChannelCmd
                0x0000000008008558       0x48 ./Drivers/STM32F1xx_HAL_Driver/Src/stm32f1xx_hal_tim.o
                0x0000000008008558                TIM_CCxChannelCmd
 .text.HAL_TIMEx_MasterConfigSynchronization
                0x00000000080085a0       0xbc ./Drivers/STM32F1xx_HAL_Driver/Src/stm32f1xx_hal_tim_ex.o
                0x00000000080085a0                HAL_TIMEx_MasterConfigSynchronization
 .text.HAL_TIMEx_ConfigBreakDeadTime
                0x000000000800865c       0xa2 ./Drivers/STM32F1xx_HAL_Driver/Src/stm32f1xx_hal_tim_ex.o
                0x000000000800865c                HAL_TIMEx_ConfigBreakDeadTime
 .text.HAL_UART_Init
                0x00000000080086fe       0x9a ./Drivers/STM32F1xx_HAL_Driver/Src/stm32f1xx_hal_uart.o
                0x00000000080086fe                HAL_UART_Init
 .text.HAL_UART_Transmit
                0x0000000008008798      0x124 ./Drivers/STM32F1xx_HAL_Driver/Src/stm32f1xx_hal_uart.o
                0x0000000008008798                HAL_UART_Transmit
 .text.HAL_UARTEx_ReceiveToIdle_IT
                0x00000000080088bc       0x9e ./Drivers/STM32F1xx_HAL_Driver/Src/stm32f1xx_hal_uart.o
                0x00000000080088bc                HAL_UARTEx_ReceiveToIdle_IT
 *fill*         0x000000000800895a        0x2 
 .text.HAL_UART_IRQHandler
                0x000000000800895c      0x354 ./Drivers/STM32F1xx_HAL_Driver/Src/stm32f1xx_hal_uart.o
                0x000000000800895c                HAL_UART_IRQHandler
 .text.HAL_UART_TxCpltCallback
                0x0000000008008cb0       0x12 ./Drivers/STM32F1xx_HAL_Driver/Src/stm32f1xx_hal_uart.o
                0x0000000008008cb0                HAL_UART_TxCpltCallback
 .text.HAL_UART_RxCpltCallback
                0x0000000008008cc2       0x12 ./Drivers/STM32F1xx_HAL_Driver/Src/stm32f1xx_hal_uart.o
                0x0000000008008cc2                HAL_UART_RxCpltCallback
 .text.HAL_UART_ErrorCallback
                0x0000000008008cd4       0x12 ./Drivers/STM32F1xx_HAL_Driver/Src/stm32f1xx_hal_uart.o
                0x0000000008008cd4                HAL_UART_ErrorCallback
 .text.UART_WaitOnFlagUntilTimeout
                0x0000000008008ce6       0x94 ./Drivers/STM32F1xx_HAL_Driver/Src/stm32f1xx_hal_uart.o
 .text.UART_Start_Receive_IT
                0x0000000008008d7a       0x72 ./Drivers/STM32F1xx_HAL_Driver/Src/stm32f1xx_hal_uart.o
                0x0000000008008d7a                UART_Start_Receive_IT
 .text.UART_EndRxTransfer
                0x0000000008008dec       0x58 ./Drivers/STM32F1xx_HAL_Driver/Src/stm32f1xx_hal_uart.o
 .text.UART_DMAAbortOnError
                0x0000000008008e44       0x28 ./Drivers/STM32F1xx_HAL_Driver/Src/stm32f1xx_hal_uart.o
 .text.UART_Transmit_IT
                0x0000000008008e6c       0x9e ./Drivers/STM32F1xx_HAL_Driver/Src/stm32f1xx_hal_uart.o
 .text.UART_EndTransmit_IT
                0x0000000008008f0a       0x30 ./Drivers/STM32F1xx_HAL_Driver/Src/stm32f1xx_hal_uart.o
 .text.UART_Receive_IT
                0x0000000008008f3a      0x152 ./Drivers/STM32F1xx_HAL_Driver/Src/stm32f1xx_hal_uart.o
 .text.UART_SetConfig
                0x000000000800908c      0x11c ./Drivers/STM32F1xx_HAL_Driver/Src/stm32f1xx_hal_uart.o
 .text.atoi     0x00000000080091a8        0x8 d:/ide/stm32cube/stm32cubeide_1.10.1/stm32cubeide/plugins/com.st.stm32cube.ide.mcu.externaltools.gnu-tools-for-stm32.10.3-2021.10.win32_1.0.0.202111181127/tools/bin/../lib/gcc/arm-none-eabi/10.3.1/../../../../arm-none-eabi/lib/thumb/v7-m/nofp\libc_nano.a(lib_a-atoi.o)
                0x00000000080091a8                atoi
 .text.calloc   0x00000000080091b0       0x10 d:/ide/stm32cube/stm32cubeide_1.10.1/stm32cubeide/plugins/com.st.stm32cube.ide.mcu.externaltools.gnu-tools-for-stm32.10.3-2021.10.win32_1.0.0.202111181127/tools/bin/../lib/gcc/arm-none-eabi/10.3.1/../../../../arm-none-eabi/lib/thumb/v7-m/nofp\libc_nano.a(lib_a-calloc.o)
                0x00000000080091b0                calloc
 .text.__errno  0x00000000080091c0        0xc d:/ide/stm32cube/stm32cubeide_1.10.1/stm32cubeide/plugins/com.st.stm32cube.ide.mcu.externaltools.gnu-tools-for-stm32.10.3-2021.10.win32_1.0.0.202111181127/tools/bin/../lib/gcc/arm-none-eabi/10.3.1/../../../../arm-none-eabi/lib/thumb/v7-m/nofp\libc_nano.a(lib_a-errno.o)
                0x00000000080091c0                __errno
 .text.__libc_init_array
                0x00000000080091cc       0x48 d:/ide/stm32cube/stm32cubeide_1.10.1/stm32cubeide/plugins/com.st.stm32cube.ide.mcu.externaltools.gnu-tools-for-stm32.10.3-2021.10.win32_1.0.0.202111181127/tools/bin/../lib/gcc/arm-none-eabi/10.3.1/../../../../arm-none-eabi/lib/thumb/v7-m/nofp\libc_nano.a(lib_a-init.o)
                0x00000000080091cc                __libc_init_array
 .text.malloc   0x0000000008009214       0x10 d:/ide/stm32cube/stm32cubeide_1.10.1/stm32cubeide/plugins/com.st.stm32cube.ide.mcu.externaltools.gnu-tools-for-stm32.10.3-2021.10.win32_1.0.0.202111181127/tools/bin/../lib/gcc/arm-none-eabi/10.3.1/../../../../arm-none-eabi/lib/thumb/v7-m/nofp\libc_nano.a(lib_a-malloc.o)
                0x0000000008009214                malloc
 .text.free     0x0000000008009224       0x10 d:/ide/stm32cube/stm32cubeide_1.10.1/stm32cubeide/plugins/com.st.stm32cube.ide.mcu.externaltools.gnu-tools-for-stm32.10.3-2021.10.win32_1.0.0.202111181127/tools/bin/../lib/gcc/arm-none-eabi/10.3.1/../../../../arm-none-eabi/lib/thumb/v7-m/nofp\libc_nano.a(lib_a-malloc.o)
                0x0000000008009224                free
 .text.memcpy   0x0000000008009234       0x1c d:/ide/stm32cube/stm32cubeide_1.10.1/stm32cubeide/plugins/com.st.stm32cube.ide.mcu.externaltools.gnu-tools-for-stm32.10.3-2021.10.win32_1.0.0.202111181127/tools/bin/../lib/gcc/arm-none-eabi/10.3.1/../../../../arm-none-eabi/lib/thumb/v7-m/nofp\libc_nano.a(lib_a-memcpy-stub.o)
                0x0000000008009234                memcpy
 .text.memset   0x0000000008009250       0x10 d:/ide/stm32cube/stm32cubeide_1.10.1/stm32cubeide/plugins/com.st.stm32cube.ide.mcu.externaltools.gnu-tools-for-stm32.10.3-2021.10.win32_1.0.0.202111181127/tools/bin/../lib/gcc/arm-none-eabi/10.3.1/../../../../arm-none-eabi/lib/thumb/v7-m/nofp\libc_nano.a(lib_a-memset.o)
                0x0000000008009250                memset
 .text._calloc_r
                0x0000000008009260       0x28 d:/ide/stm32cube/stm32cubeide_1.10.1/stm32cubeide/plugins/com.st.stm32cube.ide.mcu.externaltools.gnu-tools-for-stm32.10.3-2021.10.win32_1.0.0.202111181127/tools/bin/../lib/gcc/arm-none-eabi/10.3.1/../../../../arm-none-eabi/lib/thumb/v7-m/nofp\libc_nano.a(lib_a-nano-callocr.o)
                0x0000000008009260                _calloc_r
 .text._free_r  0x0000000008009288       0x90 d:/ide/stm32cube/stm32cubeide_1.10.1/stm32cubeide/plugins/com.st.stm32cube.ide.mcu.externaltools.gnu-tools-for-stm32.10.3-2021.10.win32_1.0.0.202111181127/tools/bin/../lib/gcc/arm-none-eabi/10.3.1/../../../../arm-none-eabi/lib/thumb/v7-m/nofp\libc_nano.a(lib_a-nano-freer.o)
                0x0000000008009288                _free_r
 .text.sbrk_aligned
                0x0000000008009318       0x40 d:/ide/stm32cube/stm32cubeide_1.10.1/stm32cubeide/plugins/com.st.stm32cube.ide.mcu.externaltools.gnu-tools-for-stm32.10.3-2021.10.win32_1.0.0.202111181127/tools/bin/../lib/gcc/arm-none-eabi/10.3.1/../../../../arm-none-eabi/lib/thumb/v7-m/nofp\libc_nano.a(lib_a-nano-mallocr.o)
 .text._malloc_r
                0x0000000008009358       0xe8 d:/ide/stm32cube/stm32cubeide_1.10.1/stm32cubeide/plugins/com.st.stm32cube.ide.mcu.externaltools.gnu-tools-for-stm32.10.3-2021.10.win32_1.0.0.202111181127/tools/bin/../lib/gcc/arm-none-eabi/10.3.1/../../../../arm-none-eabi/lib/thumb/v7-m/nofp\libc_nano.a(lib_a-nano-mallocr.o)
                0x0000000008009358                _malloc_r
 .text.rand     0x0000000008009440       0x7c d:/ide/stm32cube/stm32cubeide_1.10.1/stm32cubeide/plugins/com.st.stm32cube.ide.mcu.externaltools.gnu-tools-for-stm32.10.3-2021.10.win32_1.0.0.202111181127/tools/bin/../lib/gcc/arm-none-eabi/10.3.1/../../../../arm-none-eabi/lib/thumb/v7-m/nofp\libc_nano.a(lib_a-rand.o)
                0x0000000008009440                rand
 .text._sbrk_r  0x00000000080094bc       0x20 d:/ide/stm32cube/stm32cubeide_1.10.1/stm32cubeide/plugins/com.st.stm32cube.ide.mcu.externaltools.gnu-tools-for-stm32.10.3-2021.10.win32_1.0.0.202111181127/tools/bin/../lib/gcc/arm-none-eabi/10.3.1/../../../../arm-none-eabi/lib/thumb/v7-m/nofp\libc_nano.a(lib_a-sbrkr.o)
                0x00000000080094bc                _sbrk_r
 .text.sprintf  0x00000000080094dc       0x40 d:/ide/stm32cube/stm32cubeide_1.10.1/stm32cubeide/plugins/com.st.stm32cube.ide.mcu.externaltools.gnu-tools-for-stm32.10.3-2021.10.win32_1.0.0.202111181127/tools/bin/../lib/gcc/arm-none-eabi/10.3.1/../../../../arm-none-eabi/lib/thumb/v7-m/nofp\libc_nano.a(lib_a-sprintf.o)
                0x00000000080094dc                siprintf
                0x00000000080094dc                sprintf
 .text.strstr   0x000000000800951c       0x2c d:/ide/stm32cube/stm32cubeide_1.10.1/stm32cubeide/plugins/com.st.stm32cube.ide.mcu.externaltools.gnu-tools-for-stm32.10.3-2021.10.win32_1.0.0.202111181127/tools/bin/../lib/gcc/arm-none-eabi/10.3.1/../../../../arm-none-eabi/lib/thumb/v7-m/nofp\libc_nano.a(lib_a-strstr.o)
                0x000000000800951c                strstr
 .text._strtol_l.constprop.0
                0x0000000008009548       0xf8 d:/ide/stm32cube/stm32cubeide_1.10.1/stm32cubeide/plugins/com.st.stm32cube.ide.mcu.externaltools.gnu-tools-for-stm32.10.3-2021.10.win32_1.0.0.202111181127/tools/bin/../lib/gcc/arm-none-eabi/10.3.1/../../../../arm-none-eabi/lib/thumb/v7-m/nofp\libc_nano.a(lib_a-strtol.o)
 .text.strtol   0x0000000008009640       0x14 d:/ide/stm32cube/stm32cubeide_1.10.1/stm32cubeide/plugins/com.st.stm32cube.ide.mcu.externaltools.gnu-tools-for-stm32.10.3-2021.10.win32_1.0.0.202111181127/tools/bin/../lib/gcc/arm-none-eabi/10.3.1/../../../../arm-none-eabi/lib/thumb/v7-m/nofp\libc_nano.a(lib_a-strtol.o)
                0x0000000008009640                strtol
 .text.__assert_func
                0x0000000008009654       0x3c d:/ide/stm32cube/stm32cubeide_1.10.1/stm32cubeide/plugins/com.st.stm32cube.ide.mcu.externaltools.gnu-tools-for-stm32.10.3-2021.10.win32_1.0.0.202111181127/tools/bin/../lib/gcc/arm-none-eabi/10.3.1/../../../../arm-none-eabi/lib/thumb/v7-m/nofp\libc_nano.a(lib_a-assert.o)
                0x0000000008009654                __assert_func
 .text.fprintf  0x0000000008009690       0x24 d:/ide/stm32cube/stm32cubeide_1.10.1/stm32cubeide/plugins/com.st.stm32cube.ide.mcu.externaltools.gnu-tools-for-stm32.10.3-2021.10.win32_1.0.0.202111181127/tools/bin/../lib/gcc/arm-none-eabi/10.3.1/../../../../arm-none-eabi/lib/thumb/v7-m/nofp\libc_nano.a(lib_a-fprintf.o)
                0x0000000008009690                fiprintf
                0x0000000008009690                fprintf
 .text.__malloc_lock
                0x00000000080096b4        0xc d:/ide/stm32cube/stm32cubeide_1.10.1/stm32cubeide/plugins/com.st.stm32cube.ide.mcu.externaltools.gnu-tools-for-stm32.10.3-2021.10.win32_1.0.0.202111181127/tools/bin/../lib/gcc/arm-none-eabi/10.3.1/../../../../arm-none-eabi/lib/thumb/v7-m/nofp\libc_nano.a(lib_a-mlock.o)
                0x00000000080096b4                __malloc_lock
 .text.__malloc_unlock
                0x00000000080096c0        0xc d:/ide/stm32cube/stm32cubeide_1.10.1/stm32cubeide/plugins/com.st.stm32cube.ide.mcu.externaltools.gnu-tools-for-stm32.10.3-2021.10.win32_1.0.0.202111181127/tools/bin/../lib/gcc/arm-none-eabi/10.3.1/../../../../arm-none-eabi/lib/thumb/v7-m/nofp\libc_nano.a(lib_a-mlock.o)
                0x00000000080096c0                __malloc_unlock
 .text.__ssputs_r
                0x00000000080096cc       0xb6 d:/ide/stm32cube/stm32cubeide_1.10.1/stm32cubeide/plugins/com.st.stm32cube.ide.mcu.externaltools.gnu-tools-for-stm32.10.3-2021.10.win32_1.0.0.202111181127/tools/bin/../lib/gcc/arm-none-eabi/10.3.1/../../../../arm-none-eabi/lib/thumb/v7-m/nofp\libc_nano.a(lib_a-nano-svfprintf.o)
                0x00000000080096cc                __ssputs_r
 *fill*         0x0000000008009782        0x2 
 .text._svfprintf_r
                0x0000000008009784      0x200 d:/ide/stm32cube/stm32cubeide_1.10.1/stm32cubeide/plugins/com.st.stm32cube.ide.mcu.externaltools.gnu-tools-for-stm32.10.3-2021.10.win32_1.0.0.202111181127/tools/bin/../lib/gcc/arm-none-eabi/10.3.1/../../../../arm-none-eabi/lib/thumb/v7-m/nofp\libc_nano.a(lib_a-nano-svfprintf.o)
                0x0000000008009784                _svfiprintf_r
                0x0000000008009784                _svfprintf_r
 .text.__sfputc_r
                0x0000000008009984       0x2a d:/ide/stm32cube/stm32cubeide_1.10.1/stm32cubeide/plugins/com.st.stm32cube.ide.mcu.externaltools.gnu-tools-for-stm32.10.3-2021.10.win32_1.0.0.202111181127/tools/bin/../lib/gcc/arm-none-eabi/10.3.1/../../../../arm-none-eabi/lib/thumb/v7-m/nofp\libc_nano.a(lib_a-nano-vfprintf.o)
 .text.__sfputs_r
                0x00000000080099ae       0x24 d:/ide/stm32cube/stm32cubeide_1.10.1/stm32cubeide/plugins/com.st.stm32cube.ide.mcu.externaltools.gnu-tools-for-stm32.10.3-2021.10.win32_1.0.0.202111181127/tools/bin/../lib/gcc/arm-none-eabi/10.3.1/../../../../arm-none-eabi/lib/thumb/v7-m/nofp\libc_nano.a(lib_a-nano-vfprintf.o)
                0x00000000080099ae                __sfputs_r
 *fill*         0x00000000080099d2        0x2 
 .text._vfprintf_r
                0x00000000080099d4      0x260 d:/ide/stm32cube/stm32cubeide_1.10.1/stm32cubeide/plugins/com.st.stm32cube.ide.mcu.externaltools.gnu-tools-for-stm32.10.3-2021.10.win32_1.0.0.202111181127/tools/bin/../lib/gcc/arm-none-eabi/10.3.1/../../../../arm-none-eabi/lib/thumb/v7-m/nofp\libc_nano.a(lib_a-nano-vfprintf.o)
                0x00000000080099d4                _vfprintf_r
                0x00000000080099d4                _vfiprintf_r
 .text._printf_common
                0x0000000008009c34       0xde d:/ide/stm32cube/stm32cubeide_1.10.1/stm32cubeide/plugins/com.st.stm32cube.ide.mcu.externaltools.gnu-tools-for-stm32.10.3-2021.10.win32_1.0.0.202111181127/tools/bin/../lib/gcc/arm-none-eabi/10.3.1/../../../../arm-none-eabi/lib/thumb/v7-m/nofp\libc_nano.a(lib_a-nano-vfprintf_i.o)
                0x0000000008009c34                _printf_common
 *fill*         0x0000000008009d12        0x2 
 .text._printf_i
                0x0000000008009d14      0x24c d:/ide/stm32cube/stm32cubeide_1.10.1/stm32cubeide/plugins/com.st.stm32cube.ide.mcu.externaltools.gnu-tools-for-stm32.10.3-2021.10.win32_1.0.0.202111181127/tools/bin/../lib/gcc/arm-none-eabi/10.3.1/../../../../arm-none-eabi/lib/thumb/v7-m/nofp\libc_nano.a(lib_a-nano-vfprintf_i.o)
                0x0000000008009d14                _printf_i
 .text.__swbuf_r
                0x0000000008009f60       0xa4 d:/ide/stm32cube/stm32cubeide_1.10.1/stm32cubeide/plugins/com.st.stm32cube.ide.mcu.externaltools.gnu-tools-for-stm32.10.3-2021.10.win32_1.0.0.202111181127/tools/bin/../lib/gcc/arm-none-eabi/10.3.1/../../../../arm-none-eabi/lib/thumb/v7-m/nofp\libc_nano.a(lib_a-wbuf.o)
                0x0000000008009f60                __swbuf_r
 .text.__swsetup_r
                0x000000000800a004       0xdc d:/ide/stm32cube/stm32cubeide_1.10.1/stm32cubeide/plugins/com.st.stm32cube.ide.mcu.externaltools.gnu-tools-for-stm32.10.3-2021.10.win32_1.0.0.202111181127/tools/bin/../lib/gcc/arm-none-eabi/10.3.1/../../../../arm-none-eabi/lib/thumb/v7-m/nofp\libc_nano.a(lib_a-wsetup.o)
                0x000000000800a004                __swsetup_r
 .text.abort    0x000000000800a0e0        0xe d:/ide/stm32cube/stm32cubeide_1.10.1/stm32cubeide/plugins/com.st.stm32cube.ide.mcu.externaltools.gnu-tools-for-stm32.10.3-2021.10.win32_1.0.0.202111181127/tools/bin/../lib/gcc/arm-none-eabi/10.3.1/../../../../arm-none-eabi/lib/thumb/v7-m/nofp\libc_nano.a(lib_a-abort.o)
                0x000000000800a0e0                abort
 *fill*         0x000000000800a0ee        0x2 
 .text.__sflush_r
                0x000000000800a0f0      0x104 d:/ide/stm32cube/stm32cubeide_1.10.1/stm32cubeide/plugins/com.st.stm32cube.ide.mcu.externaltools.gnu-tools-for-stm32.10.3-2021.10.win32_1.0.0.202111181127/tools/bin/../lib/gcc/arm-none-eabi/10.3.1/../../../../arm-none-eabi/lib/thumb/v7-m/nofp\libc_nano.a(lib_a-fflush.o)
                0x000000000800a0f0                __sflush_r
 .text._fflush_r
                0x000000000800a1f4       0x78 d:/ide/stm32cube/stm32cubeide_1.10.1/stm32cubeide/plugins/com.st.stm32cube.ide.mcu.externaltools.gnu-tools-for-stm32.10.3-2021.10.win32_1.0.0.202111181127/tools/bin/../lib/gcc/arm-none-eabi/10.3.1/../../../../arm-none-eabi/lib/thumb/v7-m/nofp\libc_nano.a(lib_a-fflush.o)
                0x000000000800a1f4                _fflush_r
 .text.std      0x000000000800a26c       0x48 d:/ide/stm32cube/stm32cubeide_1.10.1/stm32cubeide/plugins/com.st.stm32cube.ide.mcu.externaltools.gnu-tools-for-stm32.10.3-2021.10.win32_1.0.0.202111181127/tools/bin/../lib/gcc/arm-none-eabi/10.3.1/../../../../arm-none-eabi/lib/thumb/v7-m/nofp\libc_nano.a(lib_a-findfp.o)
 .text._cleanup_r
                0x000000000800a2b4        0xc d:/ide/stm32cube/stm32cubeide_1.10.1/stm32cubeide/plugins/com.st.stm32cube.ide.mcu.externaltools.gnu-tools-for-stm32.10.3-2021.10.win32_1.0.0.202111181127/tools/bin/../lib/gcc/arm-none-eabi/10.3.1/../../../../arm-none-eabi/lib/thumb/v7-m/nofp\libc_nano.a(lib_a-findfp.o)
                0x000000000800a2b4                _cleanup_r
 .text.__sfmoreglue
                0x000000000800a2c0       0x2c d:/ide/stm32cube/stm32cubeide_1.10.1/stm32cubeide/plugins/com.st.stm32cube.ide.mcu.externaltools.gnu-tools-for-stm32.10.3-2021.10.win32_1.0.0.202111181127/tools/bin/../lib/gcc/arm-none-eabi/10.3.1/../../../../arm-none-eabi/lib/thumb/v7-m/nofp\libc_nano.a(lib_a-findfp.o)
                0x000000000800a2c0                __sfmoreglue
 .text.__sfp_lock_acquire
                0x000000000800a2ec        0xc d:/ide/stm32cube/stm32cubeide_1.10.1/stm32cubeide/plugins/com.st.stm32cube.ide.mcu.externaltools.gnu-tools-for-stm32.10.3-2021.10.win32_1.0.0.202111181127/tools/bin/../lib/gcc/arm-none-eabi/10.3.1/../../../../arm-none-eabi/lib/thumb/v7-m/nofp\libc_nano.a(lib_a-findfp.o)
                0x000000000800a2ec                __sfp_lock_acquire
 .text.__sfp_lock_release
                0x000000000800a2f8        0xc d:/ide/stm32cube/stm32cubeide_1.10.1/stm32cubeide/plugins/com.st.stm32cube.ide.mcu.externaltools.gnu-tools-for-stm32.10.3-2021.10.win32_1.0.0.202111181127/tools/bin/../lib/gcc/arm-none-eabi/10.3.1/../../../../arm-none-eabi/lib/thumb/v7-m/nofp\libc_nano.a(lib_a-findfp.o)
                0x000000000800a2f8                __sfp_lock_release
 .text.__sinit_lock_acquire
                0x000000000800a304        0xc d:/ide/stm32cube/stm32cubeide_1.10.1/stm32cubeide/plugins/com.st.stm32cube.ide.mcu.externaltools.gnu-tools-for-stm32.10.3-2021.10.win32_1.0.0.202111181127/tools/bin/../lib/gcc/arm-none-eabi/10.3.1/../../../../arm-none-eabi/lib/thumb/v7-m/nofp\libc_nano.a(lib_a-findfp.o)
                0x000000000800a304                __sinit_lock_acquire
 .text.__sinit_lock_release
                0x000000000800a310        0xc d:/ide/stm32cube/stm32cubeide_1.10.1/stm32cubeide/plugins/com.st.stm32cube.ide.mcu.externaltools.gnu-tools-for-stm32.10.3-2021.10.win32_1.0.0.202111181127/tools/bin/../lib/gcc/arm-none-eabi/10.3.1/../../../../arm-none-eabi/lib/thumb/v7-m/nofp\libc_nano.a(lib_a-findfp.o)
                0x000000000800a310                __sinit_lock_release
 .text.__sinit  0x000000000800a31c       0x70 d:/ide/stm32cube/stm32cubeide_1.10.1/stm32cubeide/plugins/com.st.stm32cube.ide.mcu.externaltools.gnu-tools-for-stm32.10.3-2021.10.win32_1.0.0.202111181127/tools/bin/../lib/gcc/arm-none-eabi/10.3.1/../../../../arm-none-eabi/lib/thumb/v7-m/nofp\libc_nano.a(lib_a-findfp.o)
                0x000000000800a31c                __sinit
 .text.__sfp    0x000000000800a38c       0x8c d:/ide/stm32cube/stm32cubeide_1.10.1/stm32cubeide/plugins/com.st.stm32cube.ide.mcu.externaltools.gnu-tools-for-stm32.10.3-2021.10.win32_1.0.0.202111181127/tools/bin/../lib/gcc/arm-none-eabi/10.3.1/../../../../arm-none-eabi/lib/thumb/v7-m/nofp\libc_nano.a(lib_a-findfp.o)
                0x000000000800a38c                __sfp
 .text._fwalk_reent
                0x000000000800a418       0x3e d:/ide/stm32cube/stm32cubeide_1.10.1/stm32cubeide/plugins/com.st.stm32cube.ide.mcu.externaltools.gnu-tools-for-stm32.10.3-2021.10.win32_1.0.0.202111181127/tools/bin/../lib/gcc/arm-none-eabi/10.3.1/../../../../arm-none-eabi/lib/thumb/v7-m/nofp\libc_nano.a(lib_a-fwalk.o)
                0x000000000800a418                _fwalk_reent
 .text.__retarget_lock_init_recursive
                0x000000000800a456        0x2 d:/ide/stm32cube/stm32cubeide_1.10.1/stm32cubeide/plugins/com.st.stm32cube.ide.mcu.externaltools.gnu-tools-for-stm32.10.3-2021.10.win32_1.0.0.202111181127/tools/bin/../lib/gcc/arm-none-eabi/10.3.1/../../../../arm-none-eabi/lib/thumb/v7-m/nofp\libc_nano.a(lib_a-lock.o)
                0x000000000800a456                __retarget_lock_init_recursive
 .text.__retarget_lock_acquire_recursive
                0x000000000800a458        0x2 d:/ide/stm32cube/stm32cubeide_1.10.1/stm32cubeide/plugins/com.st.stm32cube.ide.mcu.externaltools.gnu-tools-for-stm32.10.3-2021.10.win32_1.0.0.202111181127/tools/bin/../lib/gcc/arm-none-eabi/10.3.1/../../../../arm-none-eabi/lib/thumb/v7-m/nofp\libc_nano.a(lib_a-lock.o)
                0x000000000800a458                __retarget_lock_acquire_recursive
 .text.__retarget_lock_release_recursive
                0x000000000800a45a        0x2 d:/ide/stm32cube/stm32cubeide_1.10.1/stm32cubeide/plugins/com.st.stm32cube.ide.mcu.externaltools.gnu-tools-for-stm32.10.3-2021.10.win32_1.0.0.202111181127/tools/bin/../lib/gcc/arm-none-eabi/10.3.1/../../../../arm-none-eabi/lib/thumb/v7-m/nofp\libc_nano.a(lib_a-lock.o)
                0x000000000800a45a                __retarget_lock_release_recursive
 .text.__swhatbuf_r
                0x000000000800a45c       0x4a d:/ide/stm32cube/stm32cubeide_1.10.1/stm32cubeide/plugins/com.st.stm32cube.ide.mcu.externaltools.gnu-tools-for-stm32.10.3-2021.10.win32_1.0.0.202111181127/tools/bin/../lib/gcc/arm-none-eabi/10.3.1/../../../../arm-none-eabi/lib/thumb/v7-m/nofp\libc_nano.a(lib_a-makebuf.o)
                0x000000000800a45c                __swhatbuf_r
 *fill*         0x000000000800a4a6        0x2 
 .text.__smakebuf_r
                0x000000000800a4a8       0x80 d:/ide/stm32cube/stm32cubeide_1.10.1/stm32cubeide/plugins/com.st.stm32cube.ide.mcu.externaltools.gnu-tools-for-stm32.10.3-2021.10.win32_1.0.0.202111181127/tools/bin/../lib/gcc/arm-none-eabi/10.3.1/../../../../arm-none-eabi/lib/thumb/v7-m/nofp\libc_nano.a(lib_a-makebuf.o)
                0x000000000800a4a8                __smakebuf_r
 .text.memchr   0x000000000800a528       0x1c d:/ide/stm32cube/stm32cubeide_1.10.1/stm32cubeide/plugins/com.st.stm32cube.ide.mcu.externaltools.gnu-tools-for-stm32.10.3-2021.10.win32_1.0.0.202111181127/tools/bin/../lib/gcc/arm-none-eabi/10.3.1/../../../../arm-none-eabi/lib/thumb/v7-m/nofp\libc_nano.a(lib_a-memchr-stub.o)
                0x000000000800a528                memchr
 .text.memmove  0x000000000800a544       0x34 d:/ide/stm32cube/stm32cubeide_1.10.1/stm32cubeide/plugins/com.st.stm32cube.ide.mcu.externaltools.gnu-tools-for-stm32.10.3-2021.10.win32_1.0.0.202111181127/tools/bin/../lib/gcc/arm-none-eabi/10.3.1/../../../../arm-none-eabi/lib/thumb/v7-m/nofp\libc_nano.a(lib_a-memmove.o)
                0x000000000800a544                memmove
 .text._realloc_r
                0x000000000800a578       0x5e d:/ide/stm32cube/stm32cubeide_1.10.1/stm32cubeide/plugins/com.st.stm32cube.ide.mcu.externaltools.gnu-tools-for-stm32.10.3-2021.10.win32_1.0.0.202111181127/tools/bin/../lib/gcc/arm-none-eabi/10.3.1/../../../../arm-none-eabi/lib/thumb/v7-m/nofp\libc_nano.a(lib_a-nano-reallocr.o)
                0x000000000800a578                _realloc_r
 .text._raise_r
                0x000000000800a5d6       0x50 d:/ide/stm32cube/stm32cubeide_1.10.1/stm32cubeide/plugins/com.st.stm32cube.ide.mcu.externaltools.gnu-tools-for-stm32.10.3-2021.10.win32_1.0.0.202111181127/tools/bin/../lib/gcc/arm-none-eabi/10.3.1/../../../../arm-none-eabi/lib/thumb/v7-m/nofp\libc_nano.a(lib_a-signal.o)
                0x000000000800a5d6                _raise_r
 *fill*         0x000000000800a626        0x2 
 .text.raise    0x000000000800a628       0x10 d:/ide/stm32cube/stm32cubeide_1.10.1/stm32cubeide/plugins/com.st.stm32cube.ide.mcu.externaltools.gnu-tools-for-stm32.10.3-2021.10.win32_1.0.0.202111181127/tools/bin/../lib/gcc/arm-none-eabi/10.3.1/../../../../arm-none-eabi/lib/thumb/v7-m/nofp\libc_nano.a(lib_a-signal.o)
                0x000000000800a628                raise
 .text._kill_r  0x000000000800a638       0x24 d:/ide/stm32cube/stm32cubeide_1.10.1/stm32cubeide/plugins/com.st.stm32cube.ide.mcu.externaltools.gnu-tools-for-stm32.10.3-2021.10.win32_1.0.0.202111181127/tools/bin/../lib/gcc/arm-none-eabi/10.3.1/../../../../arm-none-eabi/lib/thumb/v7-m/nofp\libc_nano.a(lib_a-signalr.o)
                0x000000000800a638                _kill_r
 .text._getpid_r
                0x000000000800a65c        0x4 d:/ide/stm32cube/stm32cubeide_1.10.1/stm32cubeide/plugins/com.st.stm32cube.ide.mcu.externaltools.gnu-tools-for-stm32.10.3-2021.10.win32_1.0.0.202111181127/tools/bin/../lib/gcc/arm-none-eabi/10.3.1/../../../../arm-none-eabi/lib/thumb/v7-m/nofp\libc_nano.a(lib_a-signalr.o)
                0x000000000800a65c                _getpid_r
 .text.__sread  0x000000000800a660       0x22 d:/ide/stm32cube/stm32cubeide_1.10.1/stm32cubeide/plugins/com.st.stm32cube.ide.mcu.externaltools.gnu-tools-for-stm32.10.3-2021.10.win32_1.0.0.202111181127/tools/bin/../lib/gcc/arm-none-eabi/10.3.1/../../../../arm-none-eabi/lib/thumb/v7-m/nofp\libc_nano.a(lib_a-stdio.o)
                0x000000000800a660                __sread
 .text.__swrite
                0x000000000800a682       0x38 d:/ide/stm32cube/stm32cubeide_1.10.1/stm32cubeide/plugins/com.st.stm32cube.ide.mcu.externaltools.gnu-tools-for-stm32.10.3-2021.10.win32_1.0.0.202111181127/tools/bin/../lib/gcc/arm-none-eabi/10.3.1/../../../../arm-none-eabi/lib/thumb/v7-m/nofp\libc_nano.a(lib_a-stdio.o)
                0x000000000800a682                __swrite
 .text.__sseek  0x000000000800a6ba       0x24 d:/ide/stm32cube/stm32cubeide_1.10.1/stm32cubeide/plugins/com.st.stm32cube.ide.mcu.externaltools.gnu-tools-for-stm32.10.3-2021.10.win32_1.0.0.202111181127/tools/bin/../lib/gcc/arm-none-eabi/10.3.1/../../../../arm-none-eabi/lib/thumb/v7-m/nofp\libc_nano.a(lib_a-stdio.o)
                0x000000000800a6ba                __sseek
 .text.__sclose
                0x000000000800a6de        0x8 d:/ide/stm32cube/stm32cubeide_1.10.1/stm32cubeide/plugins/com.st.stm32cube.ide.mcu.externaltools.gnu-tools-for-stm32.10.3-2021.10.win32_1.0.0.202111181127/tools/bin/../lib/gcc/arm-none-eabi/10.3.1/../../../../arm-none-eabi/lib/thumb/v7-m/nofp\libc_nano.a(lib_a-stdio.o)
                0x000000000800a6de                __sclose
 *fill*         0x000000000800a6e6        0x2 
 .text._write_r
                0x000000000800a6e8       0x24 d:/ide/stm32cube/stm32cubeide_1.10.1/stm32cubeide/plugins/com.st.stm32cube.ide.mcu.externaltools.gnu-tools-for-stm32.10.3-2021.10.win32_1.0.0.202111181127/tools/bin/../lib/gcc/arm-none-eabi/10.3.1/../../../../arm-none-eabi/lib/thumb/v7-m/nofp\libc_nano.a(lib_a-writer.o)
                0x000000000800a6e8                _write_r
 .text._close_r
                0x000000000800a70c       0x20 d:/ide/stm32cube/stm32cubeide_1.10.1/stm32cubeide/plugins/com.st.stm32cube.ide.mcu.externaltools.gnu-tools-for-stm32.10.3-2021.10.win32_1.0.0.202111181127/tools/bin/../lib/gcc/arm-none-eabi/10.3.1/../../../../arm-none-eabi/lib/thumb/v7-m/nofp\libc_nano.a(lib_a-closer.o)
                0x000000000800a70c                _close_r
 .text._fstat_r
                0x000000000800a72c       0x24 d:/ide/stm32cube/stm32cubeide_1.10.1/stm32cubeide/plugins/com.st.stm32cube.ide.mcu.externaltools.gnu-tools-for-stm32.10.3-2021.10.win32_1.0.0.202111181127/tools/bin/../lib/gcc/arm-none-eabi/10.3.1/../../../../arm-none-eabi/lib/thumb/v7-m/nofp\libc_nano.a(lib_a-fstatr.o)
                0x000000000800a72c                _fstat_r
 .text._isatty_r
                0x000000000800a750       0x20 d:/ide/stm32cube/stm32cubeide_1.10.1/stm32cubeide/plugins/com.st.stm32cube.ide.mcu.externaltools.gnu-tools-for-stm32.10.3-2021.10.win32_1.0.0.202111181127/tools/bin/../lib/gcc/arm-none-eabi/10.3.1/../../../../arm-none-eabi/lib/thumb/v7-m/nofp\libc_nano.a(lib_a-isattyr.o)
                0x000000000800a750                _isatty_r
 .text._lseek_r
                0x000000000800a770       0x24 d:/ide/stm32cube/stm32cubeide_1.10.1/stm32cubeide/plugins/com.st.stm32cube.ide.mcu.externaltools.gnu-tools-for-stm32.10.3-2021.10.win32_1.0.0.202111181127/tools/bin/../lib/gcc/arm-none-eabi/10.3.1/../../../../arm-none-eabi/lib/thumb/v7-m/nofp\libc_nano.a(lib_a-lseekr.o)
                0x000000000800a770                _lseek_r
 .text._malloc_usable_size_r
                0x000000000800a794       0x10 d:/ide/stm32cube/stm32cubeide_1.10.1/stm32cubeide/plugins/com.st.stm32cube.ide.mcu.externaltools.gnu-tools-for-stm32.10.3-2021.10.win32_1.0.0.202111181127/tools/bin/../lib/gcc/arm-none-eabi/10.3.1/../../../../arm-none-eabi/lib/thumb/v7-m/nofp\libc_nano.a(lib_a-nano-msizer.o)
                0x000000000800a794                _malloc_usable_size_r
 .text._read_r  0x000000000800a7a4       0x24 d:/ide/stm32cube/stm32cubeide_1.10.1/stm32cubeide/plugins/com.st.stm32cube.ide.mcu.externaltools.gnu-tools-for-stm32.10.3-2021.10.win32_1.0.0.202111181127/tools/bin/../lib/gcc/arm-none-eabi/10.3.1/../../../../arm-none-eabi/lib/thumb/v7-m/nofp\libc_nano.a(lib_a-readr.o)
                0x000000000800a7a4                _read_r
 .text.floor    0x000000000800a7c8      0x100 d:/ide/stm32cube/stm32cubeide_1.10.1/stm32cubeide/plugins/com.st.stm32cube.ide.mcu.externaltools.gnu-tools-for-stm32.10.3-2021.10.win32_1.0.0.202111181127/tools/bin/../lib/gcc/arm-none-eabi/10.3.1/../../../../arm-none-eabi/lib/thumb/v7-m/nofp\libm.a(lib_a-s_floor.o)
                0x000000000800a7c8                floor
 .text.sqrt     0x000000000800a8c8       0x48 d:/ide/stm32cube/stm32cubeide_1.10.1/stm32cubeide/plugins/com.st.stm32cube.ide.mcu.externaltools.gnu-tools-for-stm32.10.3-2021.10.win32_1.0.0.202111181127/tools/bin/../lib/gcc/arm-none-eabi/10.3.1/../../../../arm-none-eabi/lib/thumb/v7-m/nofp\libm.a(lib_a-w_sqrt.o)
                0x000000000800a8c8                sqrt
 .text.__ieee754_sqrt
                0x000000000800a910      0x160 d:/ide/stm32cube/stm32cubeide_1.10.1/stm32cubeide/plugins/com.st.stm32cube.ide.mcu.externaltools.gnu-tools-for-stm32.10.3-2021.10.win32_1.0.0.202111181127/tools/bin/../lib/gcc/arm-none-eabi/10.3.1/../../../../arm-none-eabi/lib/thumb/v7-m/nofp\libm.a(lib_a-e_sqrt.o)
                0x000000000800a910                __ieee754_sqrt
 *(.glue_7)
 .glue_7        0x000000000800aa70        0x0 linker stubs
 *(.glue_7t)
 .glue_7t       0x000000000800aa70        0x0 linker stubs
 *(.eh_frame)
 .eh_frame      0x000000000800aa70        0x0 d:/ide/stm32cube/stm32cubeide_1.10.1/stm32cubeide/plugins/com.st.stm32cube.ide.mcu.externaltools.gnu-tools-for-stm32.10.3-2021.10.win32_1.0.0.202111181127/tools/bin/../lib/gcc/arm-none-eabi/10.3.1/thumb/v7-m/nofp/crtbegin.o
 *(.init)
 .init          0x000000000800aa70        0x4 d:/ide/stm32cube/stm32cubeide_1.10.1/stm32cubeide/plugins/com.st.stm32cube.ide.mcu.externaltools.gnu-tools-for-stm32.10.3-2021.10.win32_1.0.0.202111181127/tools/bin/../lib/gcc/arm-none-eabi/10.3.1/thumb/v7-m/nofp/crti.o
                0x000000000800aa70                _init
 .init          0x000000000800aa74        0x8 d:/ide/stm32cube/stm32cubeide_1.10.1/stm32cubeide/plugins/com.st.stm32cube.ide.mcu.externaltools.gnu-tools-for-stm32.10.3-2021.10.win32_1.0.0.202111181127/tools/bin/../lib/gcc/arm-none-eabi/10.3.1/thumb/v7-m/nofp/crtn.o
 *(.fini)
 .fini          0x000000000800aa7c        0x4 d:/ide/stm32cube/stm32cubeide_1.10.1/stm32cubeide/plugins/com.st.stm32cube.ide.mcu.externaltools.gnu-tools-for-stm32.10.3-2021.10.win32_1.0.0.202111181127/tools/bin/../lib/gcc/arm-none-eabi/10.3.1/thumb/v7-m/nofp/crti.o
                0x000000000800aa7c                _fini
 .fini          0x000000000800aa80        0x8 d:/ide/stm32cube/stm32cubeide_1.10.1/stm32cubeide/plugins/com.st.stm32cube.ide.mcu.externaltools.gnu-tools-for-stm32.10.3-2021.10.win32_1.0.0.202111181127/tools/bin/../lib/gcc/arm-none-eabi/10.3.1/thumb/v7-m/nofp/crtn.o
                0x000000000800aa88                . = ALIGN (0x4)
                0x000000000800aa88                _etext = .

.vfp11_veneer   0x000000000800aa88        0x0
 .vfp11_veneer  0x000000000800aa88        0x0 linker stubs

.v4_bx          0x000000000800aa88        0x0
 .v4_bx         0x000000000800aa88        0x0 linker stubs

.iplt           0x000000000800aa88        0x0
 .iplt          0x000000000800aa88        0x0 d:/ide/stm32cube/stm32cubeide_1.10.1/stm32cubeide/plugins/com.st.stm32cube.ide.mcu.externaltools.gnu-tools-for-stm32.10.3-2021.10.win32_1.0.0.202111181127/tools/bin/../lib/gcc/arm-none-eabi/10.3.1/thumb/v7-m/nofp/crtbegin.o

.rodata         0x000000000800aa88      0x3f8
                0x000000000800aa88                . = ALIGN (0x4)
 *(.rodata)
 .rodata        0x000000000800aa88      0x140 ./Core/Src/ESP_AT.o
 .rodata        0x000000000800abc8       0x46 ./Core/Src/main.o
 *fill*         0x000000000800ac0e        0x2 
 .rodata        0x000000000800ac10       0x10 ./Drivers/STM32F1xx_HAL_Driver/Src/stm32f1xx_hal_rcc.o
 *(.rodata*)
 .rodata.AHBPrescTable
                0x000000000800ac20       0x10 ./Core/Src/system_stm32f1xx.o
                0x000000000800ac20                AHBPrescTable
 .rodata.APBPrescTable
                0x000000000800ac30        0x8 ./Core/Src/system_stm32f1xx.o
                0x000000000800ac30                APBPrescTable
 .rodata._global_impure_ptr
                0x000000000800ac38        0x4 d:/ide/stm32cube/stm32cubeide_1.10.1/stm32cubeide/plugins/com.st.stm32cube.ide.mcu.externaltools.gnu-tools-for-stm32.10.3-2021.10.win32_1.0.0.202111181127/tools/bin/../lib/gcc/arm-none-eabi/10.3.1/../../../../arm-none-eabi/lib/thumb/v7-m/nofp\libc_nano.a(lib_a-impure.o)
                0x000000000800ac38                _global_impure_ptr
 .rodata.srand.str1.1
                0x000000000800ac3c       0x72 d:/ide/stm32cube/stm32cubeide_1.10.1/stm32cubeide/plugins/com.st.stm32cube.ide.mcu.externaltools.gnu-tools-for-stm32.10.3-2021.10.win32_1.0.0.202111181127/tools/bin/../lib/gcc/arm-none-eabi/10.3.1/../../../../arm-none-eabi/lib/thumb/v7-m/nofp\libc_nano.a(lib_a-rand.o)
 .rodata.__assert_func.str1.1
                0x000000000800acae       0x3c d:/ide/stm32cube/stm32cubeide_1.10.1/stm32cubeide/plugins/com.st.stm32cube.ide.mcu.externaltools.gnu-tools-for-stm32.10.3-2021.10.win32_1.0.0.202111181127/tools/bin/../lib/gcc/arm-none-eabi/10.3.1/../../../../arm-none-eabi/lib/thumb/v7-m/nofp\libc_nano.a(lib_a-assert.o)
                                         0x3d (size before relaxing)
 .rodata._ctype_
                0x000000000800acea      0x101 d:/ide/stm32cube/stm32cubeide_1.10.1/stm32cubeide/plugins/com.st.stm32cube.ide.mcu.externaltools.gnu-tools-for-stm32.10.3-2021.10.win32_1.0.0.202111181127/tools/bin/../lib/gcc/arm-none-eabi/10.3.1/../../../../arm-none-eabi/lib/thumb/v7-m/nofp\libc_nano.a(lib_a-ctype_.o)
                0x000000000800acea                _ctype_
 .rodata._svfprintf_r.str1.1
                0x000000000800adeb       0x11 d:/ide/stm32cube/stm32cubeide_1.10.1/stm32cubeide/plugins/com.st.stm32cube.ide.mcu.externaltools.gnu-tools-for-stm32.10.3-2021.10.win32_1.0.0.202111181127/tools/bin/../lib/gcc/arm-none-eabi/10.3.1/../../../../arm-none-eabi/lib/thumb/v7-m/nofp\libc_nano.a(lib_a-nano-svfprintf.o)
 .rodata._vfprintf_r.str1.1
                0x000000000800adfc       0x11 d:/ide/stm32cube/stm32cubeide_1.10.1/stm32cubeide/plugins/com.st.stm32cube.ide.mcu.externaltools.gnu-tools-for-stm32.10.3-2021.10.win32_1.0.0.202111181127/tools/bin/../lib/gcc/arm-none-eabi/10.3.1/../../../../arm-none-eabi/lib/thumb/v7-m/nofp\libc_nano.a(lib_a-nano-vfprintf.o)
 .rodata._printf_i.str1.1
                0x000000000800adfc       0x22 d:/ide/stm32cube/stm32cubeide_1.10.1/stm32cubeide/plugins/com.st.stm32cube.ide.mcu.externaltools.gnu-tools-for-stm32.10.3-2021.10.win32_1.0.0.202111181127/tools/bin/../lib/gcc/arm-none-eabi/10.3.1/../../../../arm-none-eabi/lib/thumb/v7-m/nofp\libc_nano.a(lib_a-nano-vfprintf_i.o)
 *fill*         0x000000000800ae1e        0x2 
 .rodata.__sf_fake_stderr
                0x000000000800ae20       0x20 d:/ide/stm32cube/stm32cubeide_1.10.1/stm32cubeide/plugins/com.st.stm32cube.ide.mcu.externaltools.gnu-tools-for-stm32.10.3-2021.10.win32_1.0.0.202111181127/tools/bin/../lib/gcc/arm-none-eabi/10.3.1/../../../../arm-none-eabi/lib/thumb/v7-m/nofp\libc_nano.a(lib_a-findfp.o)
                0x000000000800ae20                __sf_fake_stderr
 .rodata.__sf_fake_stdin
                0x000000000800ae40       0x20 d:/ide/stm32cube/stm32cubeide_1.10.1/stm32cubeide/plugins/com.st.stm32cube.ide.mcu.externaltools.gnu-tools-for-stm32.10.3-2021.10.win32_1.0.0.202111181127/tools/bin/../lib/gcc/arm-none-eabi/10.3.1/../../../../arm-none-eabi/lib/thumb/v7-m/nofp\libc_nano.a(lib_a-findfp.o)
                0x000000000800ae40                __sf_fake_stdin
 .rodata.__sf_fake_stdout
                0x000000000800ae60       0x20 d:/ide/stm32cube/stm32cubeide_1.10.1/stm32cubeide/plugins/com.st.stm32cube.ide.mcu.externaltools.gnu-tools-for-stm32.10.3-2021.10.win32_1.0.0.202111181127/tools/bin/../lib/gcc/arm-none-eabi/10.3.1/../../../../arm-none-eabi/lib/thumb/v7-m/nofp\libc_nano.a(lib_a-findfp.o)
                0x000000000800ae60                __sf_fake_stdout
                0x000000000800ae80                . = ALIGN (0x4)

.rel.dyn        0x000000000800ae80        0x0
 .rel.iplt      0x000000000800ae80        0x0 d:/ide/stm32cube/stm32cubeide_1.10.1/stm32cubeide/plugins/com.st.stm32cube.ide.mcu.externaltools.gnu-tools-for-stm32.10.3-2021.10.win32_1.0.0.202111181127/tools/bin/../lib/gcc/arm-none-eabi/10.3.1/thumb/v7-m/nofp/crtbegin.o

.ARM.extab      0x000000000800ae80        0x0
                0x000000000800ae80                . = ALIGN (0x4)
 *(.ARM.extab* .gnu.linkonce.armextab.*)
                0x000000000800ae80                . = ALIGN (0x4)

.ARM            0x000000000800ae80        0x0
                0x000000000800ae80                . = ALIGN (0x4)
                0x000000000800ae80                __exidx_start = .
 *(.ARM.exidx*)
                0x000000000800ae80                __exidx_end = .
                0x000000000800ae80                . = ALIGN (0x4)

.preinit_array  0x000000000800ae80        0x0
                0x000000000800ae80                . = ALIGN (0x4)
                0x000000000800ae80                PROVIDE (__preinit_array_start = .)
 *(.preinit_array*)
                0x000000000800ae80                PROVIDE (__preinit_array_end = .)
                0x000000000800ae80                . = ALIGN (0x4)

.init_array     0x000000000800ae80        0x4
                0x000000000800ae80                . = ALIGN (0x4)
                0x000000000800ae80                PROVIDE (__init_array_start = .)
 *(SORT_BY_NAME(.init_array.*))
 *(.init_array*)
 .init_array    0x000000000800ae80        0x4 d:/ide/stm32cube/stm32cubeide_1.10.1/stm32cubeide/plugins/com.st.stm32cube.ide.mcu.externaltools.gnu-tools-for-stm32.10.3-2021.10.win32_1.0.0.202111181127/tools/bin/../lib/gcc/arm-none-eabi/10.3.1/thumb/v7-m/nofp/crtbegin.o
                0x000000000800ae84                PROVIDE (__init_array_end = .)
                0x000000000800ae84                . = ALIGN (0x4)

.fini_array     0x000000000800ae84        0x4
                0x000000000800ae84                . = ALIGN (0x4)
                [!provide]                        PROVIDE (__fini_array_start = .)
 *(SORT_BY_NAME(.fini_array.*))
 *(.fini_array*)
 .fini_array    0x000000000800ae84        0x4 d:/ide/stm32cube/stm32cubeide_1.10.1/stm32cubeide/plugins/com.st.stm32cube.ide.mcu.externaltools.gnu-tools-for-stm32.10.3-2021.10.win32_1.0.0.202111181127/tools/bin/../lib/gcc/arm-none-eabi/10.3.1/thumb/v7-m/nofp/crtbegin.o
                [!provide]                        PROVIDE (__fini_array_end = .)
                0x000000000800ae88                . = ALIGN (0x4)
                0x000000000800ae88                _sidata = LOADADDR (.data)

.data           0x0000000020000000      0x160 load address 0x000000000800ae88
                0x0000000020000000                . = ALIGN (0x4)
                0x0000000020000000                _sdata = .
 *(.data)
 *(.data*)
 .data.esp_response
                0x0000000020000000        0x4 ./Core/Src/ESP_AT.o
                0x0000000020000000                esp_response
 .data.sine_data
                0x0000000020000004       0x5b ./Core/Src/FFT.o
                0x0000000020000004                sine_data
 *fill*         0x000000002000005f        0x1 
 .data.DELAY    0x0000000020000060        0x2 ./Core/Src/WS2812B.o
                0x0000000020000060                DELAY
 .data.BRIGHTNESS
                0x0000000020000062        0x1 ./Core/Src/WS2812B.o
                0x0000000020000062                BRIGHTNESS
 .data.NUM_LEDS
                0x0000000020000063        0x1 ./Core/Src/WS2812B.o
                0x0000000020000063                NUM_LEDS
 .data.effect_delay
                0x0000000020000064        0x1 ./Core/Src/WS2812B_CustomEffects.o
                0x0000000020000064                effect_delay
 .data.color_music_delay
                0x0000000020000065        0x1 ./Core/Src/WS2812B_CustomEffects.o
                0x0000000020000065                color_music_delay
 .data.max_amplitude_low
                0x0000000020000066        0x1 ./Core/Src/WS2812B_CustomEffects.o
                0x0000000020000066                max_amplitude_low
 .data.max_amplitude_medium
                0x0000000020000067        0x1 ./Core/Src/WS2812B_CustomEffects.o
                0x0000000020000067                max_amplitude_medium
 .data.max_amplitude_high
                0x0000000020000068        0x1 ./Core/Src/WS2812B_CustomEffects.o
                0x0000000020000068                max_amplitude_high
 *fill*         0x0000000020000069        0x3 
 .data.lr.3     0x000000002000006c        0x4 ./Core/Src/WS2812B_CustomEffects.o
 .data.updown.6
                0x0000000020000070       0x40 ./Core/Src/WS2812B_Effects.o
 .data.counter.5
                0x00000000200000b0       0x40 ./Core/Src/WS2812B_Effects.o
 .data.SystemCoreClock
                0x00000000200000f0        0x4 ./Core/Src/system_stm32f1xx.o
                0x00000000200000f0                SystemCoreClock
 .data.uwTickPrio
                0x00000000200000f4        0x4 ./Drivers/STM32F1xx_HAL_Driver/Src/stm32f1xx_hal.o
                0x00000000200000f4                uwTickPrio
 .data.uwTickFreq
                0x00000000200000f8        0x1 ./Drivers/STM32F1xx_HAL_Driver/Src/stm32f1xx_hal.o
                0x00000000200000f8                uwTickFreq
 *fill*         0x00000000200000f9        0x3 
 .data._impure_ptr
                0x00000000200000fc        0x4 d:/ide/stm32cube/stm32cubeide_1.10.1/stm32cubeide/plugins/com.st.stm32cube.ide.mcu.externaltools.gnu-tools-for-stm32.10.3-2021.10.win32_1.0.0.202111181127/tools/bin/../lib/gcc/arm-none-eabi/10.3.1/../../../../arm-none-eabi/lib/thumb/v7-m/nofp\libc_nano.a(lib_a-impure.o)
                0x00000000200000fc                _impure_ptr
 .data.impure_data
                0x0000000020000100       0x60 d:/ide/stm32cube/stm32cubeide_1.10.1/stm32cubeide/plugins/com.st.stm32cube.ide.mcu.externaltools.gnu-tools-for-stm32.10.3-2021.10.win32_1.0.0.202111181127/tools/bin/../lib/gcc/arm-none-eabi/10.3.1/../../../../arm-none-eabi/lib/thumb/v7-m/nofp\libc_nano.a(lib_a-impure.o)
 *(.RamFunc)
 *(.RamFunc*)
                0x0000000020000160                . = ALIGN (0x4)
                0x0000000020000160                _edata = .

.igot.plt       0x0000000020000160        0x0 load address 0x000000000800afe8
 .igot.plt      0x0000000020000160        0x0 d:/ide/stm32cube/stm32cubeide_1.10.1/stm32cubeide/plugins/com.st.stm32cube.ide.mcu.externaltools.gnu-tools-for-stm32.10.3-2021.10.win32_1.0.0.202111181127/tools/bin/../lib/gcc/arm-none-eabi/10.3.1/thumb/v7-m/nofp/crtbegin.o
                0x0000000020000160                . = ALIGN (0x4)

.bss            0x0000000020000160     0x35c0 load address 0x000000000800afe8
                0x0000000020000160                _sbss = .
                0x0000000020000160                __bss_start__ = _sbss
 *(.bss)
 .bss           0x0000000020000160       0x1c d:/ide/stm32cube/stm32cubeide_1.10.1/stm32cubeide/plugins/com.st.stm32cube.ide.mcu.externaltools.gnu-tools-for-stm32.10.3-2021.10.win32_1.0.0.202111181127/tools/bin/../lib/gcc/arm-none-eabi/10.3.1/thumb/v7-m/nofp/crtbegin.o
 *(.bss*)
 .bss.rx_buff   0x000000002000017c      0x100 ./Core/Src/ESP_AT.o
                0x000000002000017c                rx_buff
 .bss.tx_buff   0x000000002000027c      0x100 ./Core/Src/ESP_AT.o
                0x000000002000027c                tx_buff
 .bss.esp_message_WIFI_CONNECTED
                0x000000002000037c        0x4 ./Core/Src/ESP_AT.o
                0x000000002000037c                esp_message_WIFI_CONNECTED
 .bss.esp_message_WIFI_DISCONNECT
                0x0000000020000380        0x4 ./Core/Src/ESP_AT.o
                0x0000000020000380                esp_message_WIFI_DISCONNECT
 .bss.esp_message_CONNECT
                0x0000000020000384       0x10 ./Core/Src/ESP_AT.o
                0x0000000020000384                esp_message_CONNECT
 .bss.esp_message_CLOSE
                0x0000000020000394       0x10 ./Core/Src/ESP_AT.o
                0x0000000020000394                esp_message_CLOSE
 .bss.esp_message_IDP
                0x00000000200003a4      0x100 ./Core/Src/ESP_AT.o
                0x00000000200003a4                esp_message_IDP
 .bss.BUFFSIZE  0x00000000200004a4        0x2 ./Core/Src/FlashPROM.o
                0x00000000200004a4                BUFFSIZE
 *fill*         0x00000000200004a6        0x2 
 .bss.EraseInitStruct.0
                0x00000000200004a8       0x10 ./Core/Src/FlashPROM.o
 .bss.T         0x00000000200004b8        0x4 ./Core/Src/WS2812B.o
                0x00000000200004b8                T
 .bss.STATE     0x00000000200004bc        0x1 ./Core/Src/WS2812B.o
                0x00000000200004bc                STATE
 *fill*         0x00000000200004bd        0x3 
 .bss.PWM_buff  0x00000000200004c0     0x2224 ./Core/Src/WS2812B.o
                0x00000000200004c0                PWM_buff
 .bss.leds      0x00000000200026e4      0x2d0 ./Core/Src/WS2812B.o
                0x00000000200026e4                leds
 .bss.layer1    0x00000000200029b4      0x2d0 ./Core/Src/WS2812B_CustomEffects.o
                0x00000000200029b4                layer1
 .bss.current_effect
                0x0000000020002c84        0x1 ./Core/Src/WS2812B_CustomEffects.o
                0x0000000020002c84                current_effect
 .bss.previous_effect
                0x0000000020002c85        0x1 ./Core/Src/WS2812B_CustomEffects.o
                0x0000000020002c85                previous_effect
 .bss.current_cm
                0x0000000020002c86        0x1 ./Core/Src/WS2812B_CustomEffects.o
                0x0000000020002c86                current_cm
 *fill*         0x0000000020002c87        0x1 
 .bss.buff_full
                0x0000000020002c88        0x4 ./Core/Src/WS2812B_CustomEffects.o
                0x0000000020002c88                buff_full
 .bss.samples   0x0000000020002c8c      0x400 ./Core/Src/WS2812B_CustomEffects.o